Archive member included to satisfy reference by file (symbol)

C:\Users\tobia\.platformio\packages\framework-arduinoasrmicro650x\cores\asr650x\projects\CubeCellLib.a(timeServer.o)
                              .pio\build\cubecell_board\src\main.cpp.o (TimerInit)
C:\Users\tobia\.platformio\packages\framework-arduinoasrmicro650x\cores\asr650x\projects\CubeCellLib.a(lorawan_port.o)
                              C:\Users\tobia\.platformio\packages\framework-arduinoasrmicro650x\cores\asr650x\projects\CubeCellLib.a(timeServer.o) (aos_lrwan_time_itf)
C:\Users\tobia\.platformio\packages\framework-arduinoasrmicro650x\cores\asr650x\projects\CubeCellLib.a(asr_timer.o)
                              C:\Users\tobia\.platformio\packages\framework-arduinoasrmicro650x\cores\asr650x\projects\CubeCellLib.a(lorawan_port.o) (Asr_Timer_RegisterAlarmCallback)
C:\Users\tobia\.platformio\packages\framework-arduinoasrmicro650x\cores\asr650x\projects\CubeCellLib.a(ASR_Arduino.o)
                              .pio\build\cubecell_board\src\DHT11.cpp.o (pinMode)
C:\Users\tobia\.platformio\packages\framework-arduinoasrmicro650x\cores\asr650x\projects\CubeCellLib.a(cyfitter_cfg.o)
                              C:\Users\tobia\.platformio\packages\framework-arduinoasrmicro650x\cores\asr650x\projects\CubeCellLib.a(ASR_Arduino.o) (systime)
.pio\build\cubecell_board\lib838\libAdafruit BME280 Library.a(Adafruit_BME280.cpp.o)
                              .pio\build\cubecell_board\src\Sensors.cpp.o (Adafruit_BME280::Adafruit_BME280())
.pio\build\cubecell_board\libe46\libBH1750.a(BH1750.cpp.o)
                              .pio\build\cubecell_board\src\Sensors.cpp.o (BH1750::BH1750(unsigned char))
.pio\build\cubecell_board\libb27\libLoRa.a(LoRaWan_APP.cpp.o)
                              .pio\build\cubecell_board\src\main.cpp.o (appData)
.pio\build\cubecell_board\libFrameworkArduino.a(SPI.cpp.o)
                              .pio\build\cubecell_board\lib838\libAdafruit BME280 Library.a(Adafruit_BME280.cpp.o) (SPIClass::begin(signed char, unsigned long, signed char))
.pio\build\cubecell_board\libFrameworkArduino.a(HardwareSerial.cpp.o)
                              .pio\build\cubecell_board\src\main.cpp.o (HardwareSerial::begin(unsigned long, unsigned long, signed char, bool, unsigned long))
.pio\build\cubecell_board\libFrameworkArduino.a(Wire.cpp.o)
                              .pio\build\cubecell_board\src\CCS811.cpp.o (TwoWire::write(unsigned char const*, unsigned int))
.pio\build\cubecell_board\libFrameworkArduino.a(asr_board.c.o)
                              .pio\build\cubecell_board\src\main.cpp.o (boardInitMcu)
.pio\build\cubecell_board\libFrameworkArduino.a(gpio.c.o)
                              .pio\build\cubecell_board\libFrameworkArduino.a(asr_board.c.o) (GpioInit)
.pio\build\cubecell_board\libFrameworkArduino.a(spi-board.c.o)
                              .pio\build\cubecell_board\libFrameworkArduino.a(asr_board.c.o) (SpiInit)
.pio\build\cubecell_board\libFrameworkArduino.a(ADC_SAR_Seq.c.o)
                              C:\Users\tobia\.platformio\packages\framework-arduinoasrmicro650x\cores\asr650x\projects\CubeCellLib.a(ASR_Arduino.o) (ADC_SAR_Seq_Start)
.pio\build\cubecell_board\libFrameworkArduino.a(ADC_SAR_Seq_INT.c.o)
                              .pio\build\cubecell_board\libFrameworkArduino.a(ADC_SAR_Seq.c.o) (ADC_SAR_Seq_ISR)
.pio\build\cubecell_board\libFrameworkArduino.a(I2C_1_I2C_MASTER.c.o)
                              .pio\build\cubecell_board\libFrameworkArduino.a(Wire.cpp.o) (I2C_1_I2CMasterSendStart)
.pio\build\cubecell_board\libFrameworkArduino.a(I2C_I2C_MASTER.c.o)
                              .pio\build\cubecell_board\libFrameworkArduino.a(Wire.cpp.o) (I2C_I2CMasterSendStart)
.pio\build\cubecell_board\libFrameworkArduino.a(PWM1.c.o)
                              C:\Users\tobia\.platformio\packages\framework-arduinoasrmicro650x\cores\asr650x\projects\CubeCellLib.a(ASR_Arduino.o) (PWM1_Stop)
.pio\build\cubecell_board\libFrameworkArduino.a(PWM2.c.o)
                              C:\Users\tobia\.platformio\packages\framework-arduinoasrmicro650x\cores\asr650x\projects\CubeCellLib.a(ASR_Arduino.o) (PWM2_Stop)
.pio\build\cubecell_board\libFrameworkArduino.a(Print.cpp.o)
                              .pio\build\cubecell_board\src\main.cpp.o (Print::printf(char const*, ...))
.pio\build\cubecell_board\libFrameworkArduino.a(Stream.cpp.o)
                              .pio\build\cubecell_board\libFrameworkArduino.a(HardwareSerial.cpp.o) (Stream::readBytes(char*, unsigned int))
.pio\build\cubecell_board\libFrameworkArduino.a(WString.cpp.o)
                              .pio\build\cubecell_board\libFrameworkArduino.a(Stream.cpp.o) (String::String(char const*))
.pio\build\cubecell_board\libFrameworkArduino.a(irq.c.o)
                              C:\Users\tobia\.platformio\packages\framework-arduinoasrmicro650x\cores\asr650x\projects\CubeCellLib.a(ASR_Arduino.o) (global_irq_StartEx)
[...]
Memory Configuration

Name             Origin             Length             Attributes
rom              0x0000000000000000 0x0000000000020000 xr
ram              0x0000000020000000 0x0000000000004000 xrw
*default*        0x0000000000000000 0xffffffffffffffff

Linker script and memory map

LOAD c:/users/tobia/.platformio/packages/toolchain-gccarmnoneeabi/bin/../lib/gcc/arm-none-eabi/9.2.1/thumb/v6-m/nofp/crti.o
LOAD c:/users/tobia/.platformio/packages/toolchain-gccarmnoneeabi/bin/../lib/gcc/arm-none-eabi/9.2.1/thumb/v6-m/nofp/crtbegin.o
LOAD c:/users/tobia/.platformio/packages/toolchain-gccarmnoneeabi/bin/../lib/gcc/arm-none-eabi/9.2.1/../../../../arm-none-eabi/lib/thumb/v6-m/nofp/crt0.o
LOAD .pio\build\cubecell_board\src\BMP180.cpp.o
LOAD .pio\build\cubecell_board\src\CCS811.cpp.o
LOAD .pio\build\cubecell_board\src\CayenneLpp.cpp.o
LOAD .pio\build\cubecell_board\src\DHT11.cpp.o
LOAD .pio\build\cubecell_board\src\Sensors.cpp.o
LOAD .pio\build\cubecell_board\src\main.cpp.o
START GROUP
LOAD C:\Users\tobia\.platformio\packages\framework-arduinoasrmicro650x\cores\asr650x\projects\CubeCellLib.a
LOAD .pio\build\cubecell_board\libe8d\libAdafruit Unified Sensor.a
LOAD .pio\build\cubecell_board\lib838\libAdafruit BME280 Library.a
LOAD .pio\build\cubecell_board\libe46\libBH1750.a
LOAD .pio\build\cubecell_board\lib426\libRGB.a
LOAD .pio\build\cubecell_board\lib9c3\libOLED.a
LOAD .pio\build\cubecell_board\libb27\libLoRa.a
LOAD .pio\build\cubecell_board\libFrameworkArduinoVariant.a
LOAD .pio\build\cubecell_board\libFrameworkArduino.a
LOAD c:/users/tobia/.platformio/packages/toolchain-gccarmnoneeabi/bin/../lib/gcc/arm-none-eabi/9.2.1/../../../../arm-none-eabi/lib/thumb/v6-m/nofp\libstdc++_nano.a
END GROUP
LOAD c:/users/tobia/.platformio/packages/toolchain-gccarmnoneeabi/bin/../lib/gcc/arm-none-eabi/9.2.1/../../../../arm-none-eabi/lib/thumb/v6-m/nofp\libstdc++_nano.a
LOAD c:/users/tobia/.platformio/packages/toolchain-gccarmnoneeabi/bin/../lib/gcc/arm-none-eabi/9.2.1/../../../../arm-none-eabi/lib/thumb/v6-m/nofp\libm.a
START GROUP
LOAD c:/users/tobia/.platformio/packages/toolchain-gccarmnoneeabi/bin/../lib/gcc/arm-none-eabi/9.2.1/thumb/v6-m/nofp\libgcc.a
LOAD c:/users/tobia/.platformio/packages/toolchain-gccarmnoneeabi/bin/../lib/gcc/arm-none-eabi/9.2.1/../../../../arm-none-eabi/lib/thumb/v6-m/nofp\libc_nano.a
END GROUP
START GROUP
LOAD c:/users/tobia/.platformio/packages/toolchain-gccarmnoneeabi/bin/../lib/gcc/arm-none-eabi/9.2.1/thumb/v6-m/nofp\libgcc.a
LOAD c:/users/tobia/.platformio/packages/toolchain-gccarmnoneeabi/bin/../lib/gcc/arm-none-eabi/9.2.1/../../../../arm-none-eabi/lib/thumb/v6-m/nofp\libc_nano.a
END GROUP
LOAD c:/users/tobia/.platformio/packages/toolchain-gccarmnoneeabi/bin/../lib/gcc/arm-none-eabi/9.2.1/thumb/v6-m/nofp/crtend.o
LOAD c:/users/tobia/.platformio/packages/toolchain-gccarmnoneeabi/bin/../lib/gcc/arm-none-eabi/9.2.1/thumb/v6-m/nofp/crtn.o
START GROUP
LOAD c:/users/tobia/.platformio/packages/toolchain-gccarmnoneeabi/bin/../lib/gcc/arm-none-eabi/9.2.1/thumb/v6-m/nofp\libgcc.a
LOAD c:/users/tobia/.platformio/packages/toolchain-gccarmnoneeabi/bin/../lib/gcc/arm-none-eabi/9.2.1/../../../../arm-none-eabi/lib/thumb/v6-m/nofp\libc.a
LOAD c:/users/tobia/.platformio/packages/toolchain-gccarmnoneeabi/bin/../lib/gcc/arm-none-eabi/9.2.1/../../../../arm-none-eabi/lib/thumb/v6-m/nofp\libnosys.a
END GROUP
                0x0000000000000000                CY_APPL_ORIGIN = 0x0
                0x0000000000000100                CY_FLASH_ROW_SIZE = 0x100
                0x0000000000000001                CY_APPL_NUM = 0x1
                0x0000000000000001                CY_APPL_MAX = 0x1
                0x0000000000000040                CY_METADATA_SIZE = 0x40
                0x0000000000000001                CY_APPL_LOADABLE = 0x1
                0x0000000000000000                CY_CHECKSUM_EXCLUDE_SIZE = ALIGN (0x0, CY_FLASH_ROW_SIZE)
                0x0000000000000000                CY_APP_FOR_STACK_AND_COPIER = 0x0
                [!provide]                        PROVIDE (__cy_heap_start = _end)
                0x0000000000000001                PROVIDE (__cy_region_num = ((__cy_regions_end - __cy_regions) / 0x10))
                0x0000000020004000                PROVIDE (__cy_stack = (ORIGIN (ram) + LENGTH (ram)))
                [!provide]                        PROVIDE (__cy_heap_end = (__cy_stack - 0x800))

.cybootloader   0x0000000000000000     0x2200
 *(.cybootloader)
 .cybootloader  0x0000000000000000     0x2200 .pio\build\cubecell_board\libFrameworkArduino.a(cybootloader.c.o)
                0x0000000000000000                cy_bootloader
                0x0000000000002200                appl1_start = CY_APPL_ORIGIN?CY_APPL_ORIGIN:ALIGN (CY_FLASH_ROW_SIZE)
                0x0000000000011000                appl2_start = (appl1_start + ALIGN ((((LENGTH (rom) - appl1_start) - (0x2 * CY_FLASH_ROW_SIZE)) / 0x2), CY_FLASH_ROW_SIZE))
                0x0000000000002200                appl_start = (CY_APPL_NUM == 0x1)?appl1_start:appl2_start
                0x0000000000000000                cy_project_type_bootloader = (appl_start == 0x0)?0x1:0x0
                0x0000000000000000                cy_project_type_app_for_stack_and_copier = (CY_APP_FOR_STACK_AND_COPIER == 0x1)?0x1:0x0

.text           0x0000000000002200    0x12244
 CREATE_OBJECT_SYMBOLS
                0x0000000000002200                PROVIDE (__cy_interrupt_vector = RomVectors)
 *(.romvectors)
 .romvectors    0x0000000000002200       0x10 .pio\build\cubecell_board\libFrameworkArduino.a(Cm0plusStart.c.o)
                0x0000000000002200                RomVectors
                0x0000000000000001                ASSERT ((. != __cy_interrupt_vector), No interrupt vector)
                0x0000000000000001                ASSERT (CY_APPL_ORIGIN?(SIZEOF (.cybootloader) <= CY_APPL_ORIGIN):0x1, Wrong image location)
                0x0000000000002210                PROVIDE (__cy_reset = Reset)
 *(.text.Reset)
 .text.Reset    0x0000000000002210       0x18 .pio\build\cubecell_board\libFrameworkArduino.a(Cm0plusStart.c.o)
                0x0000000000002210                Reset
                0x0000000000000001                ASSERT ((. != __cy_reset), No reset code)
 *(.psocinit)
 .psocinit      0x0000000000002228      0x1b4 C:\Users\tobia\.platformio\packages\framework-arduinoasrmicro650x\cores\asr650x\projects\CubeCellLib.a(cyfitter_cfg.o)
                0x0000000000002228                cyfitter_cfg
                0x00000000000023dc                . = MAX (., 0x100)
 *(.text .text.* .gnu.linkonce.t.*)
 .text.__do_global_dtors_aux
                0x00000000000023dc       0x28 c:/users/tobia/.platformio/packages/toolchain-gccarmnoneeabi/bin/../lib/gcc/arm-none-eabi/9.2.1/thumb/v6-m/nofp/crtbegin.o
 .text.frame_dummy
                0x0000000000002404       0x20 c:/users/tobia/.platformio/packages/toolchain-gccarmnoneeabi/bin/../lib/gcc/arm-none-eabi/9.2.1/thumb/v6-m/nofp/crtbegin.o
 .text._ZN6BMP180C2Ev
                0x0000000000002424        0x2 .pio\build\cubecell_board\src\BMP180.cpp.o
                0x0000000000002424                BMP180::BMP180()
                0x0000000000002424                BMP180::BMP180()
 .text._ZN6BMP1809computeB5El
                0x0000000000002426       0x22 .pio\build\cubecell_board\src\BMP180.cpp.o
                0x0000000000002426                BMP180::computeB5(long)
 .text._ZN6BMP1806write8Ehh
                0x0000000000002448       0x2c .pio\build\cubecell_board\src\BMP180.cpp.o
                0x0000000000002448                BMP180::write8(unsigned char, unsigned char)
 .text._ZN6BMP1805read8Eh
                0x0000000000002474       0x44 .pio\build\cubecell_board\src\BMP180.cpp.o
                0x0000000000002474                BMP180::read8(unsigned char)
 .text._ZN6BMP1806read16Eh
                0x00000000000024b8       0x50 .pio\build\cubecell_board\src\BMP180.cpp.o
                0x00000000000024b8                BMP180::read16(unsigned char)
 .text._ZN6BMP1805beginEh
                0x0000000000002508       0xa4 .pio\build\cubecell_board\src\BMP180.cpp.o
                0x0000000000002508                BMP180::begin(unsigned char)
 .text._ZN6BMP18018readRawTemperatureEv
                0x00000000000025ac       0x1c .pio\build\cubecell_board\src\BMP180.cpp.o
                0x00000000000025ac                BMP180::readRawTemperature()
 .text._ZN6BMP18015readTemperatureEv
                0x00000000000025c8       0x24 .pio\build\cubecell_board\src\BMP180.cpp.o
                0x00000000000025c8                BMP180::readTemperature()
 .text._ZN6BMP18015readRawPressureEv
                0x00000000000025ec       0x4a .pio\build\cubecell_board\src\BMP180.cpp.o
                0x00000000000025ec                BMP180::readRawPressure()
 *fill*         0x0000000000002636        0x2 
 .text._ZN6BMP18012readPressureEv
                0x0000000000002638       0xbc .pio\build\cubecell_board\src\BMP180.cpp.o
                0x0000000000002638                BMP180::readPressure()
 .text._ZN6BMP18012readAltitudeEf
                0x00000000000026f4       0x48 .pio\build\cubecell_board\src\BMP180.cpp.o
                0x00000000000026f4                BMP180::readAltitude(float)
 .text._ZN6CCS8119meas_mode3getEv
                0x000000000000273c       0x1a .pio\build\cubecell_board\src\CCS811.cpp.o
                0x000000000000273c                CCS811::meas_mode::get()
 *fill*         0x0000000000002756        0x2 
 .text._ZN6CCS8119_i2c_initEv
                0x0000000000002758       0x18 .pio\build\cubecell_board\src\CCS811.cpp.o
                0x0000000000002758                CCS811::_i2c_init()
 .text._ZN6CCS8114readEhPhh
                0x0000000000002770       0x6c .pio\build\cubecell_board\src\CCS811.cpp.o
                0x0000000000002770                CCS811::read(unsigned char, unsigned char*, unsigned char)
 .text._ZN6CCS8115read8Eh
                0x00000000000027dc       0x12 .pio\build\cubecell_board\src\CCS811.cpp.o
                0x00000000000027dc                CCS811::read8(unsigned char)
 .text._ZN6CCS8119availableEv
                0x00000000000027ee       0x3a .pio\build\cubecell_board\src\CCS811.cpp.o
                0x00000000000027ee                CCS811::available()
 .text._ZN6CCS81110checkErrorEv
                0x0000000000002828       0x38 .pio\build\cubecell_board\src\CCS811.cpp.o
                0x0000000000002828                CCS811::checkError()
 .text._ZN6CCS8118readDataEv
                0x0000000000002860       0x54 .pio\build\cubecell_board\src\CCS811.cpp.o
                0x0000000000002860                CCS811::readData()
 .text._ZN6CCS8115writeEhPhh
                0x00000000000028b4       0x30 .pio\build\cubecell_board\src\CCS811.cpp.o
                0x00000000000028b4                CCS811::write(unsigned char, unsigned char*, unsigned char)
 .text._ZN6CCS8117SWResetEv
                0x00000000000028e4       0x18 .pio\build\cubecell_board\src\CCS811.cpp.o
                0x00000000000028e4                CCS811::SWReset()
 .text._ZN6CCS8116write8Ehh
                0x00000000000028fc       0x12 .pio\build\cubecell_board\src\CCS811.cpp.o
                0x00000000000028fc                CCS811::write8(unsigned char, unsigned char)
 .text._ZN6CCS81112setDriveModeEh
                0x000000000000290e       0x26 .pio\build\cubecell_board\src\CCS811.cpp.o
                0x000000000000290e                CCS811::setDriveMode(unsigned char)
 .text._ZN6CCS81116disableInterruptEv
                0x0000000000002934       0x1e .pio\build\cubecell_board\src\CCS811.cpp.o
                0x0000000000002934                CCS811::disableInterrupt()
 .text._ZN6CCS8115beginEh
                0x0000000000002952       0x5a .pio\build\cubecell_board\src\CCS811.cpp.o
                0x0000000000002952                CCS811::begin(unsigned char)
 .text._ZN6CCS81111setBaselineEt
                0x00000000000029ac       0x12 .pio\build\cubecell_board\src\CCS811.cpp.o
                0x00000000000029ac                CCS811::setBaseline(unsigned short)
 .text._ZN10CayenneLPPC2Eh
                0x00000000000029be       0x18 .pio\build\cubecell_board\src\CayenneLpp.cpp.o
                0x00000000000029be                CayenneLPP::CayenneLPP(unsigned char)
                0x00000000000029be                CayenneLPP::CayenneLPP(unsigned char)
 .text._ZN10CayenneLPPD2Ev
                0x00000000000029d6        0xe .pio\build\cubecell_board\src\CayenneLpp.cpp.o
                0x00000000000029d6                CayenneLPP::~CayenneLPP()
                0x00000000000029d6                CayenneLPP::~CayenneLPP()
 .text._ZN10CayenneLPP5resetEv
                0x00000000000029e4        0x6 .pio\build\cubecell_board\src\CayenneLpp.cpp.o
                0x00000000000029e4                CayenneLPP::reset()
 .text._ZN10CayenneLPP7getSizeEv
                0x00000000000029ea        0x4 .pio\build\cubecell_board\src\CayenneLpp.cpp.o
                0x00000000000029ea                CayenneLPP::getSize()
 .text._ZN10CayenneLPP9getBufferEv
                0x00000000000029ee        0x4 .pio\build\cubecell_board\src\CayenneLpp.cpp.o
                0x00000000000029ee                CayenneLPP::getBuffer()
 .text._ZN10CayenneLPP6isTypeEh
                0x00000000000029f2       0x58 .pio\build\cubecell_board\src\CayenneLpp.cpp.o
                0x00000000000029f2                CayenneLPP::isType(unsigned char)
 *fill*         0x0000000000002a4a        0x2 
 .text._ZN10CayenneLPP13getTypeSignedEh
                0x0000000000002a4c       0x38 .pio\build\cubecell_board\src\CayenneLpp.cpp.o
                0x0000000000002a4c                CayenneLPP::getTypeSigned(unsigned char)
 .text._ZN10CayenneLPP8addFieldImEEhhhT_
                0x0000000000002a84       0x80 .pio\build\cubecell_board\src\CayenneLpp.cpp.o
                0x0000000000002a84                unsigned char CayenneLPP::addField<unsigned long>(unsigned char, unsigned char, unsigned long)
 .text._ZN10CayenneLPP15addDigitalInputEhm
                0x0000000000002b04        0xe .pio\build\cubecell_board\src\CayenneLpp.cpp.o
                0x0000000000002b04                CayenneLPP::addDigitalInput(unsigned char, unsigned long)
 .text._ZN10CayenneLPP13addLuminosityEhm
                0x0000000000002b12        0xe .pio\build\cubecell_board\src\CayenneLpp.cpp.o
                0x0000000000002b12                CayenneLPP::addLuminosity(unsigned char, unsigned long)
 .text._ZN10CayenneLPP8addFieldIfEEhhhT_
                0x0000000000002b20       0xd8 .pio\build\cubecell_board\src\CayenneLpp.cpp.o
                0x0000000000002b20                unsigned char CayenneLPP::addField<float>(unsigned char, unsigned char, float)
 .text._ZN10CayenneLPP14addTemperatureEhf
                0x0000000000002bf8        0xe .pio\build\cubecell_board\src\CayenneLpp.cpp.o
                0x0000000000002bf8                CayenneLPP::addTemperature(unsigned char, float)
 .text._ZN10CayenneLPP19addRelativeHumidityEhf
                0x0000000000002c06        0xe .pio\build\cubecell_board\src\CayenneLpp.cpp.o
                0x0000000000002c06                CayenneLPP::addRelativeHumidity(unsigned char, float)
 .text._ZN10CayenneLPP11addAltitudeEhf
                0x0000000000002c14        0xe .pio\build\cubecell_board\src\CayenneLpp.cpp.o
                0x0000000000002c14                CayenneLPP::addAltitude(unsigned char, float)
 .text._ZN10CayenneLPP21addBarometricPressureEhf
                0x0000000000002c22        0xe .pio\build\cubecell_board\src\CayenneLpp.cpp.o
                0x0000000000002c22                CayenneLPP::addBarometricPressure(unsigned char, float)
 .text._ZN10CayenneLPP8addFieldItEEhhhT_
                0x0000000000002c30       0x80 .pio\build\cubecell_board\src\CayenneLpp.cpp.o
                0x0000000000002c30                unsigned char CayenneLPP::addField<unsigned short>(unsigned char, unsigned char, unsigned short)
 .text._ZN10CayenneLPP7addTVOCEht
                0x0000000000002cb0        0xe .pio\build\cubecell_board\src\CayenneLpp.cpp.o
                0x0000000000002cb0                CayenneLPP::addTVOC(unsigned char, unsigned short)
 .text._ZN10CayenneLPP7addEco2Eht
                0x0000000000002cbe        0xe .pio\build\cubecell_board\src\CayenneLpp.cpp.o
                0x0000000000002cbe                CayenneLPP::addEco2(unsigned char, unsigned short)
 .text._ZN5DHT114readEi
                0x0000000000002ccc       0xfc .pio\build\cubecell_board\src\DHT11.cpp.o
                0x0000000000002ccc                DHT11::read(int)
 .text._ZN5DHT1112readHumidityEv
                0x0000000000002dc8        0x4 .pio\build\cubecell_board\src\DHT11.cpp.o
                0x0000000000002dc8                DHT11::readHumidity()
 .text._ZN5DHT1115readTemperatureEv
                0x0000000000002dcc        0x4 .pio\build\cubecell_board\src\DHT11.cpp.o
                0x0000000000002dcc                DHT11::readTemperature()
 .text._ZN7SensorsC2EP10CayenneLPP
                0x0000000000002dd0        0xc .pio\build\cubecell_board\src\Sensors.cpp.o
                0x0000000000002dd0                Sensors::Sensors(CayenneLPP*)
                0x0000000000002dd0                Sensors::Sensors(CayenneLPP*)
 .text._ZN7Sensors15resetLppChannelEv
                0x0000000000002ddc        0xe .pio\build\cubecell_board\src\Sensors.cpp.o
                0x0000000000002ddc                Sensors::resetLppChannel()
 *fill*         0x0000000000002dea        0x2 
 .text._ZN7Sensors10readBMP180ERfS0_S0_
                0x0000000000002dec       0xdc .pio\build\cubecell_board\src\Sensors.cpp.o
                0x0000000000002dec                Sensors::readBMP180(float&, float&, float&)
 .text._ZN7Sensors10readBMP180Ev
                0x0000000000002ec8       0x10 .pio\build\cubecell_board\src\Sensors.cpp.o
                0x0000000000002ec8                Sensors::readBMP180()
 .text._ZN7Sensors10readBME280ERfS0_S0_S0_
                0x0000000000002ed8      0x108 .pio\build\cubecell_board\src\Sensors.cpp.o
                0x0000000000002ed8                Sensors::readBME280(float&, float&, float&, float&)
 .text._ZN7Sensors10readBME280Ev
                0x0000000000002fe0       0x14 .pio\build\cubecell_board\src\Sensors.cpp.o
                0x0000000000002fe0                Sensors::readBME280()
 .text._ZN7Sensors10readBH1750ERf
                0x0000000000002ff4       0x8c .pio\build\cubecell_board\src\Sensors.cpp.o
                0x0000000000002ff4                Sensors::readBH1750(float&)
 .text._ZN7Sensors10readBH1750Ev
                0x0000000000003080        0xa .pio\build\cubecell_board\src\Sensors.cpp.o
                0x0000000000003080                Sensors::readBH1750()
 *fill*         0x000000000000308a        0x2 
 .text._ZN7Sensors10initCCS811Ev
                0x000000000000308c       0x70 .pio\build\cubecell_board\src\Sensors.cpp.o
                0x000000000000308c                Sensors::initCCS811()
 .text._ZN7Sensors10readCCS811ERtS0_
                0x00000000000030fc       0x78 .pio\build\cubecell_board\src\Sensors.cpp.o
                0x00000000000030fc                Sensors::readCCS811(unsigned short&, unsigned short&)
 .text._ZN7Sensors10readCCS811Ev
                0x0000000000003174        0xe .pio\build\cubecell_board\src\Sensors.cpp.o
                0x0000000000003174                Sensors::readCCS811()
 *fill*         0x0000000000003182        0x2 
 .text._ZN7Sensors9readDHT11EiRiS0_
                0x0000000000003184       0x74 .pio\build\cubecell_board\src\Sensors.cpp.o
                0x0000000000003184                Sensors::readDHT11(int, int&, int&)
 .text._ZN7Sensors9readDHT11Ei
                0x00000000000031f8        0xc .pio\build\cubecell_board\src\Sensors.cpp.o
                0x00000000000031f8                Sensors::readDHT11(int)
 .text._ZN7SensorsD2Ev
                0x0000000000003204        0x2 .pio\build\cubecell_board\src\main.cpp.o
                0x0000000000003204                Sensors::~Sensors()
                0x0000000000003204                Sensors::~Sensors()
 *fill*         0x0000000000003206        0x2 
 .text._Z7OnSleepv
                0x0000000000003208       0x3c .pio\build\cubecell_board\src\main.cpp.o
                0x0000000000003208                OnSleep()
 .text._Z8OnWakeupv
                0x0000000000003244       0x3c .pio\build\cubecell_board\src\main.cpp.o
                0x0000000000003244                OnWakeup()
 .text._Z13setDemoValuesv
                0x0000000000003280       0x4c .pio\build\cubecell_board\src\main.cpp.o
                0x0000000000003280                setDemoValues()
 .text._Z15getSensorValuesv
                0x00000000000032cc      0x118 .pio\build\cubecell_board\src\main.cpp.o
                0x00000000000032cc                getSensorValues()
 .text._Z5setupv
                0x00000000000033e4       0x84 .pio\build\cubecell_board\src\main.cpp.o
                0x00000000000033e4                setup()
 .text._Z4loopv
                0x0000000000003468       0x94 .pio\build\cubecell_board\src\main.cpp.o
                0x0000000000003468                loop()
 .text.startup._GLOBAL__sub_I_devEui
                0x00000000000034fc       0x44 .pio\build\cubecell_board\src\main.cpp.o
 .text.TimeStampsUpdate
                0x0000000000003540       0x38 C:\Users\tobia\.platformio\packages\framework-arduinoasrmicro650x\cores\asr650x\projects\CubeCellLib.a(timeServer.o)
 .text.TimerSetTimeout
                0x0000000000003578       0x10 C:\Users\tobia\.platformio\packages\framework-arduinoasrmicro650x\cores\asr650x\projects\CubeCellLib.a(timeServer.o)
 .text.TimerInsertNewHeadTimer
                0x0000000000003588       0x1c C:\Users\tobia\.platformio\packages\framework-arduinoasrmicro650x\cores\asr650x\projects\CubeCellLib.a(timeServer.o)
 .text.TimerSetSysTime
                0x00000000000035a4       0x10 C:\Users\tobia\.platformio\packages\framework-arduinoasrmicro650x\cores\asr650x\projects\CubeCellLib.a(timeServer.o)
                0x00000000000035a4                TimerSetSysTime
 .text.TimerGetSysTime
                0x00000000000035b4       0x28 C:\Users\tobia\.platformio\packages\framework-arduinoasrmicro650x\cores\asr650x\projects\CubeCellLib.a(timeServer.o)
                0x00000000000035b4                TimerGetSysTime
 .text.TimerInit
                0x00000000000035dc        0xe C:\Users\tobia\.platformio\packages\framework-arduinoasrmicro650x\cores\asr650x\projects\CubeCellLib.a(timeServer.o)
                0x00000000000035dc                TimerInit
 *fill*         0x00000000000035ea        0x2 
 .text.TimerStart
                0x00000000000035ec       0x88 C:\Users\tobia\.platformio\packages\framework-arduinoasrmicro650x\cores\asr650x\projects\CubeCellLib.a(timeServer.o)
                0x00000000000035ec                TimerStart
 .text.TimerIrqHandler
                0x0000000000003674       0x70 C:\Users\tobia\.platformio\packages\framework-arduinoasrmicro650x\cores\asr650x\projects\CubeCellLib.a(timeServer.o)
                0x0000000000003674                TimerIrqHandler
 .text.TimerStop
                0x00000000000036e4       0x68 C:\Users\tobia\.platformio\packages\framework-arduinoasrmicro650x\cores\asr650x\projects\CubeCellLib.a(timeServer.o)
                0x00000000000036e4                TimerStop
 .text.TimerSetValue
                0x000000000000374c       0x1c C:\Users\tobia\.platformio\packages\framework-arduinoasrmicro650x\cores\asr650x\projects\CubeCellLib.a(timeServer.o)
                0x000000000000374c                TimerSetValue
 .text.TimerGetCurrentTime
                0x0000000000003768       0x10 C:\Users\tobia\.platformio\packages\framework-arduinoasrmicro650x\cores\asr650x\projects\CubeCellLib.a(timeServer.o)
                0x0000000000003768                TimerGetCurrentTime
 .text.TimerGetElapsedTime
                0x0000000000003778       0x10 C:\Users\tobia\.platformio\packages\framework-arduinoasrmicro650x\cores\asr650x\projects\CubeCellLib.a(timeServer.o)
                0x0000000000003778                TimerGetElapsedTime
 .text.get_timer_context
                0x0000000000003788        0xc C:\Users\tobia\.platformio\packages\framework-arduinoasrmicro650x\cores\asr650x\projects\CubeCellLib.a(lorawan_port.o)
 .text.set_timer_val
                0x0000000000003794        0xc C:\Users\tobia\.platformio\packages\framework-arduinoasrmicro650x\cores\asr650x\projects\CubeCellLib.a(lorawan_port.o)
 .text.radio_rw_dis
                0x00000000000037a0        0x2 C:\Users\tobia\.platformio\packages\framework-arduinoasrmicro650x\cores\asr650x\projects\CubeCellLib.a(lorawan_port.o)
 .text.radio_rw
                0x00000000000037a2        0x4 C:\Users\tobia\.platformio\packages\framework-arduinoasrmicro650x\cores\asr650x\projects\CubeCellLib.a(lorawan_port.o)
 *fill*         0x00000000000037a6        0x2 
 .text.RTC_Update_ASR
                0x00000000000037a8       0x28 C:\Users\tobia\.platformio\packages\framework-arduinoasrmicro650x\cores\asr650x\projects\CubeCellLib.a(lorawan_port.o)
                0x00000000000037a8                RTC_Update_ASR
 .text.get_current_time
                0x00000000000037d0       0x54 C:\Users\tobia\.platformio\packages\framework-arduinoasrmicro650x\cores\asr650x\projects\CubeCellLib.a(lorawan_port.o)
                0x00000000000037d0                get_current_time
 .text.get_sys_time
                0x0000000000003824       0x28 C:\Users\tobia\.platformio\packages\framework-arduinoasrmicro650x\cores\asr650x\projects\CubeCellLib.a(lorawan_port.o)
                0x0000000000003824                get_sys_time
 .text.set_sys_time
                0x000000000000384c       0x44 C:\Users\tobia\.platformio\packages\framework-arduinoasrmicro650x\cores\asr650x\projects\CubeCellLib.a(lorawan_port.o)
                0x000000000000384c                set_sys_time
 .text.compute_elapsed_time
                0x0000000000003890       0x10 C:\Users\tobia\.platformio\packages\framework-arduinoasrmicro650x\cores\asr650x\projects\CubeCellLib.a(lorawan_port.o)
 .text.get_timer_elapsed_time
                0x00000000000038a0       0x14 C:\Users\tobia\.platformio\packages\framework-arduinoasrmicro650x\cores\asr650x\projects\CubeCellLib.a(lorawan_port.o)
 .text.set_timer_context
                0x00000000000038b4       0x14 C:\Users\tobia\.platformio\packages\framework-arduinoasrmicro650x\cores\asr650x\projects\CubeCellLib.a(lorawan_port.o)
 .text.enter_sleep_mode
                0x00000000000038c8        0x8 C:\Users\tobia\.platformio\packages\framework-arduinoasrmicro650x\cores\asr650x\projects\CubeCellLib.a(lorawan_port.o)
 .text.set_alarm
                0x00000000000038d0       0x20 C:\Users\tobia\.platformio\packages\framework-arduinoasrmicro650x\cores\asr650x\projects\CubeCellLib.a(lorawan_port.o)
 .text.set_timeout
                0x00000000000038f0       0x2e C:\Users\tobia\.platformio\packages\framework-arduinoasrmicro650x\cores\asr650x\projects\CubeCellLib.a(lorawan_port.o)
 .text.AlarmBackHandler
                0x000000000000391e        0x8 C:\Users\tobia\.platformio\packages\framework-arduinoasrmicro650x\cores\asr650x\projects\CubeCellLib.a(lorawan_port.o)
 .text.stop_alarm
                0x0000000000003926        0x8 C:\Users\tobia\.platformio\packages\framework-arduinoasrmicro650x\cores\asr650x\projects\CubeCellLib.a(lorawan_port.o)
 .text.delay_ms
                0x000000000000392e        0x8 C:\Users\tobia\.platformio\packages\framework-arduinoasrmicro650x\cores\asr650x\projects\CubeCellLib.a(lorawan_port.o)
 .text.get_mft_baud
                0x0000000000003936        0x8 C:\Users\tobia\.platformio\packages\framework-arduinoasrmicro650x\cores\asr650x\projects\CubeCellLib.a(lorawan_port.o)
 .text.set_mft_baud
                0x000000000000393e        0x8 C:\Users\tobia\.platformio\packages\framework-arduinoasrmicro650x\cores\asr650x\projects\CubeCellLib.a(lorawan_port.o)
 .text.get_mft_sn
                0x0000000000003946        0x8 C:\Users\tobia\.platformio\packages\framework-arduinoasrmicro650x\cores\asr650x\projects\CubeCellLib.a(lorawan_port.o)
 .text.get_mft_rev
                0x000000000000394e        0x8 C:\Users\tobia\.platformio\packages\framework-arduinoasrmicro650x\cores\asr650x\projects\CubeCellLib.a(lorawan_port.o)
 .text.get_mft_model
                0x0000000000003956        0x8 C:\Users\tobia\.platformio\packages\framework-arduinoasrmicro650x\cores\asr650x\projects\CubeCellLib.a(lorawan_port.o)
 .text.get_mft_id
                0x000000000000395e        0x8 C:\Users\tobia\.platformio\packages\framework-arduinoasrmicro650x\cores\asr650x\projects\CubeCellLib.a(lorawan_port.o)
 .text.radio_rw_en
                0x0000000000003966        0x2 C:\Users\tobia\.platformio\packages\framework-arduinoasrmicro650x\cores\asr650x\projects\CubeCellLib.a(lorawan_port.o)
 .text.exit_stop_mode
                0x0000000000003968        0x2 C:\Users\tobia\.platformio\packages\framework-arduinoasrmicro650x\cores\asr650x\projects\CubeCellLib.a(lorawan_port.o)
 .text.set_uc_wakeup_time
                0x000000000000396a        0x2 C:\Users\tobia\.platformio\packages\framework-arduinoasrmicro650x\cores\asr650x\projects\CubeCellLib.a(lorawan_port.o)
 .text.radio_reset
                0x000000000000396c        0x2 C:\Users\tobia\.platformio\packages\framework-arduinoasrmicro650x\cores\asr650x\projects\CubeCellLib.a(lorawan_port.o)
 .text.radio_reset_cfg_input
                0x000000000000396e        0x2 C:\Users\tobia\.platformio\packages\framework-arduinoasrmicro650x\cores\asr650x\projects\CubeCellLib.a(lorawan_port.o)
 .text.BackupGpioDriveMode
                0x0000000000003970      0x114 C:\Users\tobia\.platformio\packages\framework-arduinoasrmicro650x\cores\asr650x\projects\CubeCellLib.a(lorawan_port.o)
                0x0000000000003970                BackupGpioDriveMode
 .text.RestoreGpioDriveMode
                0x0000000000003a84      0x118 C:\Users\tobia\.platformio\packages\framework-arduinoasrmicro650x\cores\asr650x\projects\CubeCellLib.a(lorawan_port.o)
                0x0000000000003a84                RestoreGpioDriveMode
 .text.SetPinHIZ
                0x0000000000003b9c       0x2e C:\Users\tobia\.platformio\packages\framework-arduinoasrmicro650x\cores\asr650x\projects\CubeCellLib.a(lorawan_port.o)
                0x0000000000003b9c                SetPinHIZ
 .text.UartDeepsleep
                0x0000000000003bca       0x28 C:\Users\tobia\.platformio\packages\framework-arduinoasrmicro650x\cores\asr650x\projects\CubeCellLib.a(lorawan_port.o)
                0x0000000000003bca                UartDeepsleep
 *fill*         0x0000000000003bf2        0x2 
 .text.enter_stop_mode
                0x0000000000003bf4       0x3c C:\Users\tobia\.platformio\packages\framework-arduinoasrmicro650x\cores\asr650x\projects\CubeCellLib.a(lorawan_port.o)
 .text.RtcInit  0x0000000000003c30       0x3c C:\Users\tobia\.platformio\packages\framework-arduinoasrmicro650x\cores\asr650x\projects\CubeCellLib.a(lorawan_port.o)
                0x0000000000003c30                RtcInit
 .text.Asr_Timer_RegisterAlarmCallback
                0x0000000000003c6c       0x10 C:\Users\tobia\.platformio\packages\framework-arduinoasrmicro650x\cores\asr650x\projects\CubeCellLib.a(asr_timer.o)
                0x0000000000003c6c                Asr_Timer_RegisterAlarmCallback
 .text.Asr_SetTimeout
                0x0000000000003c7c       0xc4 C:\Users\tobia\.platformio\packages\framework-arduinoasrmicro650x\cores\asr650x\projects\CubeCellLib.a(asr_timer.o)
                0x0000000000003c7c                Asr_SetTimeout
 .text.Asr_Timer_Init
                0x0000000000003d40       0x68 C:\Users\tobia\.platformio\packages\framework-arduinoasrmicro650x\cores\asr650x\projects\CubeCellLib.a(asr_timer.o)
                0x0000000000003d40                Asr_Timer_Init
 .text.Asr_Timer_Disable
                0x0000000000003da8       0x18 C:\Users\tobia\.platformio\packages\framework-arduinoasrmicro650x\cores\asr650x\projects\CubeCellLib.a(asr_timer.o)
                0x0000000000003da8                Asr_Timer_Disable
 .text.Timer0IsrCallback
                0x0000000000003dc0       0x1c C:\Users\tobia\.platformio\packages\framework-arduinoasrmicro650x\cores\asr650x\projects\CubeCellLib.a(asr_timer.o)
                0x0000000000003dc0                Timer0IsrCallback
 .text.Timer1IsrCallback
                0x0000000000003ddc       0x28 C:\Users\tobia\.platformio\packages\framework-arduinoasrmicro650x\cores\asr650x\projects\CubeCellLib.a(asr_timer.o)
                0x0000000000003ddc                Timer1IsrCallback
 .text.globalGpioIsrEntry
                0x0000000000003e04       0x58 C:\Users\tobia\.platformio\packages\framework-arduinoasrmicro650x\cores\asr650x\projects\CubeCellLib.a(ASR_Arduino.o)
                0x0000000000003e04                globalGpioIsrEntry
 .text.getID    0x0000000000003e5c       0x18 C:\Users\tobia\.platformio\packages\framework-arduinoasrmicro650x\cores\asr650x\projects\CubeCellLib.a(ASR_Arduino.o)
                0x0000000000003e5c                getID
 .text.license_check
                0x0000000000003e74      0x268 C:\Users\tobia\.platformio\packages\framework-arduinoasrmicro650x\cores\asr650x\projects\CubeCellLib.a(ASR_Arduino.o)
                0x0000000000003e74                license_check
 .text.pinMode  0x00000000000040dc       0x6c C:\Users\tobia\.platformio\packages\framework-arduinoasrmicro650x\cores\asr650x\projects\CubeCellLib.a(ASR_Arduino.o)
                0x00000000000040dc                pinMode
 .text.digitalWrite
                0x0000000000004148       0x68 C:\Users\tobia\.platformio\packages\framework-arduinoasrmicro650x\cores\asr650x\projects\CubeCellLib.a(ASR_Arduino.o)
                0x0000000000004148                digitalWrite
 .text.digitalRead
                0x00000000000041b0       0x20 C:\Users\tobia\.platformio\packages\framework-arduinoasrmicro650x\cores\asr650x\projects\CubeCellLib.a(ASR_Arduino.o)
                0x00000000000041b0                digitalRead
 .text.ClearPinInterrupt
                0x00000000000041d0       0x1c C:\Users\tobia\.platformio\packages\framework-arduinoasrmicro650x\cores\asr650x\projects\CubeCellLib.a(ASR_Arduino.o)
                0x00000000000041d0                ClearPinInterrupt
 .text.attachInterrupt
                0x00000000000041ec       0x7c C:\Users\tobia\.platformio\packages\framework-arduinoasrmicro650x\cores\asr650x\projects\CubeCellLib.a(ASR_Arduino.o)
                0x00000000000041ec                attachInterrupt
 .text.detachInterrupt
                0x0000000000004268       0x6c C:\Users\tobia\.platformio\packages\framework-arduinoasrmicro650x\cores\asr650x\projects\CubeCellLib.a(ASR_Arduino.o)
                0x0000000000004268                detachInterrupt
 .text.analogRead
                0x00000000000042d4       0x70 C:\Users\tobia\.platformio\packages\framework-arduinoasrmicro650x\cores\asr650x\projects\CubeCellLib.a(ASR_Arduino.o)
                0x00000000000042d4                analogRead
 .text.delay    0x0000000000004344        0x8 C:\Users\tobia\.platformio\packages\framework-arduinoasrmicro650x\cores\asr650x\projects\CubeCellLib.a(ASR_Arduino.o)
                0x0000000000004344                delay
 .text.delayMicroseconds
                0x000000000000434c        0x8 C:\Users\tobia\.platformio\packages\framework-arduinoasrmicro650x\cores\asr650x\projects\CubeCellLib.a(ASR_Arduino.o)
                0x000000000000434c                delayMicroseconds
 .text.millis   0x0000000000004354        0xc C:\Users\tobia\.platformio\packages\framework-arduinoasrmicro650x\cores\asr650x\projects\CubeCellLib.a(ASR_Arduino.o)
                0x0000000000004354                millis
 .text.micros   0x0000000000004360       0x28 C:\Users\tobia\.platformio\packages\framework-arduinoasrmicro650x\cores\asr650x\projects\CubeCellLib.a(ASR_Arduino.o)
                0x0000000000004360                micros
 .text.SPI_BUSY_SetDriveMode
                0x0000000000004388        0x2 C:\Users\tobia\.platformio\packages\framework-arduinoasrmicro650x\cores\asr650x\projects\CubeCellLib.a(ASR_Arduino.o)
                0x0000000000004388                SPI_BUSY_SetDriveMode
 .text.SPI_NRESET_SetDriveMode
                0x000000000000438a        0x2 C:\Users\tobia\.platformio\packages\framework-arduinoasrmicro650x\cores\asr650x\projects\CubeCellLib.a(ASR_Arduino.o)
                0x000000000000438a                SPI_NRESET_SetDriveMode
 .text.antpow_SetDriveMode
                0x000000000000438c        0x2 C:\Users\tobia\.platformio\packages\framework-arduinoasrmicro650x\cores\asr650x\projects\CubeCellLib.a(ASR_Arduino.o)
                0x000000000000438c                antpow_SetDriveMode
 .text.SPI_1_miso_m_SetDriveMode
                0x000000000000438e        0x2 C:\Users\tobia\.platformio\packages\framework-arduinoasrmicro650x\cores\asr650x\projects\CubeCellLib.a(ASR_Arduino.o)
                0x000000000000438e                SPI_1_miso_m_SetDriveMode
 .text.SPI_1_mosi_m_SetDriveMode
                0x0000000000004390        0x2 C:\Users\tobia\.platformio\packages\framework-arduinoasrmicro650x\cores\asr650x\projects\CubeCellLib.a(ASR_Arduino.o)
                0x0000000000004390                SPI_1_mosi_m_SetDriveMode
 .text.SPI_1_sclk_m_SetDriveMode
                0x0000000000004392        0x2 C:\Users\tobia\.platformio\packages\framework-arduinoasrmicro650x\cores\asr650x\projects\CubeCellLib.a(ASR_Arduino.o)
                0x0000000000004392                SPI_1_sclk_m_SetDriveMode
 .text.systemTimer
                0x0000000000004394       0x10 C:\Users\tobia\.platformio\packages\framework-arduinoasrmicro650x\cores\asr650x\projects\CubeCellLib.a(cyfitter_cfg.o)
                0x0000000000004394                systemTimer
 .text.SetAnalogRoutingPumps
                0x00000000000043a4       0x1c C:\Users\tobia\.platformio\packages\framework-arduinoasrmicro650x\cores\asr650x\projects\CubeCellLib.a(cyfitter_cfg.o)
                0x00000000000043a4                SetAnalogRoutingPumps
 .text._ZN15Adafruit_BME280C2Ev
                0x00000000000043c0       0x12 .pio\build\cubecell_board\lib838\libAdafruit BME280 Library.a(Adafruit_BME280.cpp.o)
                0x00000000000043c0                Adafruit_BME280::Adafruit_BME280()
                0x00000000000043c0                Adafruit_BME280::Adafruit_BME280()
 .text._ZN15Adafruit_BME280D2Ev
                0x00000000000043d2       0x2c .pio\build\cubecell_board\lib838\libAdafruit BME280 Library.a(Adafruit_BME280.cpp.o)
                0x00000000000043d2                Adafruit_BME280::~Adafruit_BME280()
                0x00000000000043d2                Adafruit_BME280::~Adafruit_BME280()
 .text._ZN15Adafruit_BME2807spixferEh
                0x00000000000043fe       0x5a .pio\build\cubecell_board\lib838\libAdafruit BME280 Library.a(Adafruit_BME280.cpp.o)
                0x00000000000043fe                Adafruit_BME280::spixfer(unsigned char)
 .text._ZN15Adafruit_BME2806write8Ehh
                0x0000000000004458       0x90 .pio\build\cubecell_board\lib838\libAdafruit BME280 Library.a(Adafruit_BME280.cpp.o)
                0x0000000000004458                Adafruit_BME280::write8(unsigned char, unsigned char)
 .text._ZN15Adafruit_BME28011setSamplingENS_11sensor_modeENS_15sensor_samplingES1_S1_NS_13sensor_filterENS_16standby_durationE
                0x00000000000044e8       0xa0 .pio\build\cubecell_board\lib838\libAdafruit BME280 Library.a(Adafruit_BME280.cpp.o)
                0x00000000000044e8                Adafruit_BME280::setSampling(Adafruit_BME280::sensor_mode, Adafruit_BME280::sensor_sampling, Adafruit_BME280::sensor_sampling, Adafruit_BME280::sensor_sampling, Adafruit_BME280::sensor_filter, Adafruit_BME280::standby_duration)
 .text._ZN15Adafruit_BME2805read8Eh
                0x0000000000004588       0x94 .pio\build\cubecell_board\lib838\libAdafruit BME280 Library.a(Adafruit_BME280.cpp.o)
                0x0000000000004588                Adafruit_BME280::read8(unsigned char)
 .text._ZN15Adafruit_BME2806read16Eh
                0x000000000000461c       0xb0 .pio\build\cubecell_board\lib838\libAdafruit BME280 Library.a(Adafruit_BME280.cpp.o)
                0x000000000000461c                Adafruit_BME280::read16(unsigned char)
 .text._ZN15Adafruit_BME2809read16_LEEh
                0x00000000000046cc        0xc .pio\build\cubecell_board\lib838\libAdafruit BME280 Library.a(Adafruit_BME280.cpp.o)
                0x00000000000046cc                Adafruit_BME280::read16_LE(unsigned char)
 .text._ZN15Adafruit_BME2806read24Eh
                0x00000000000046d8       0xc0 .pio\build\cubecell_board\lib838\libAdafruit BME280 Library.a(Adafruit_BME280.cpp.o)
                0x00000000000046d8                Adafruit_BME280::read24(unsigned char)
 .text._ZN15Adafruit_BME28016readCoefficientsEv
                0x0000000000004798       0xf2 .pio\build\cubecell_board\lib838\libAdafruit BME280 Library.a(Adafruit_BME280.cpp.o)
                0x0000000000004798                Adafruit_BME280::readCoefficients()
 .text._ZN15Adafruit_BME28020isReadingCalibrationEv
                0x000000000000488a        0xe .pio\build\cubecell_board\lib838\libAdafruit BME280 Library.a(Adafruit_BME280.cpp.o)
                0x000000000000488a                Adafruit_BME280::isReadingCalibration()
 .text._ZN15Adafruit_BME2804initEv
                0x0000000000004898       0xb4 .pio\build\cubecell_board\lib838\libAdafruit BME280 Library.a(Adafruit_BME280.cpp.o)
                0x0000000000004898                Adafruit_BME280::init()
 .text._ZN15Adafruit_BME2805beginEhP7TwoWire
                0x000000000000494c        0xc .pio\build\cubecell_board\lib838\libAdafruit BME280 Library.a(Adafruit_BME280.cpp.o)
                0x000000000000494c                Adafruit_BME280::begin(unsigned char, TwoWire*)
 .text._ZN15Adafruit_BME28015readTemperatureEv
                0x0000000000004958       0x5c .pio\build\cubecell_board\lib838\libAdafruit BME280 Library.a(Adafruit_BME280.cpp.o)
                0x0000000000004958                Adafruit_BME280::readTemperature()
 .text._ZN15Adafruit_BME28012readPressureEv
                0x00000000000049b4      0x198 .pio\build\cubecell_board\lib838\libAdafruit BME280 Library.a(Adafruit_BME280.cpp.o)
                0x00000000000049b4                Adafruit_BME280::readPressure()
 .text._ZN15Adafruit_BME28012readHumidityEv
                0x0000000000004b4c       0xb4 .pio\build\cubecell_board\lib838\libAdafruit BME280 Library.a(Adafruit_BME280.cpp.o)
                0x0000000000004b4c                Adafruit_BME280::readHumidity()
 .text._ZN15Adafruit_BME28012readAltitudeEf
                0x0000000000004c00       0x50 .pio\build\cubecell_board\lib838\libAdafruit BME280 Library.a(Adafruit_BME280.cpp.o)
                0x0000000000004c00                Adafruit_BME280::readAltitude(float)
 .text._ZN7TwoWire5writeEi
                0x0000000000004c50        0xc .pio\build\cubecell_board\libe46\libBH1750.a(BH1750.cpp.o)
                0x0000000000004c50                TwoWire::write(int)
 .text._ZN6BH1750C2Eh
                0x0000000000004c5c       0x1c .pio\build\cubecell_board\libe46\libBH1750.a(BH1750.cpp.o)
                0x0000000000004c5c                BH1750::BH1750(unsigned char)
                0x0000000000004c5c                BH1750::BH1750(unsigned char)
 .text._ZN6BH17509configureENS_4ModeE
                0x0000000000004c78       0x9c .pio\build\cubecell_board\libe46\libBH1750.a(BH1750.cpp.o)
                0x0000000000004c78                BH1750::configure(BH1750::Mode)
 .text._ZN6BH17508setMTregEh
                0x0000000000004d14       0xbc .pio\build\cubecell_board\libe46\libBH1750.a(BH1750.cpp.o)
                0x0000000000004d14                BH1750::setMTreg(unsigned char)
 .text._ZN6BH17505beginENS_4ModeEhP7TwoWire
                0x0000000000004dd0       0x24 .pio\build\cubecell_board\libe46\libBH1750.a(BH1750.cpp.o)
                0x0000000000004dd0                BH1750::begin(BH1750::Mode, unsigned char, TwoWire*)
 .text._ZN6BH175014readLightLevelEv
                0x0000000000004df4       0xa8 .pio\build\cubecell_board\libe46\libBH1750.a(BH1750.cpp.o)
                0x0000000000004df4                BH1750::readLightLevel()
 .text._ZL11McpsConfirmP12sMcpsConfirm
                0x0000000000004e9c        0xc .pio\build\cubecell_board\libb27\libLoRa.a(LoRaWan_APP.cpp.o)
 .text._ZL24OnTxNextPacketTimerEventv
                0x0000000000004ea8       0x68 .pio\build\cubecell_board\libb27\libLoRa.a(LoRaWan_APP.cpp.o)
 .text._ZL14MlmeIndicationP15sMlmeIndication
                0x0000000000004f10        0xe .pio\build\cubecell_board\libb27\libLoRa.a(LoRaWan_APP.cpp.o)
 .text.getBatteryVoltage
                0x0000000000004f1e       0x28 .pio\build\cubecell_board\libb27\libLoRa.a(LoRaWan_APP.cpp.o)
                0x0000000000004f1e                getBatteryVoltage
 *fill*         0x0000000000004f46        0x2 
 .text.BoardGetBatteryLevel
                0x0000000000004f48       0x7c .pio\build\cubecell_board\libb27\libLoRa.a(LoRaWan_APP.cpp.o)
                0x0000000000004f48                BoardGetBatteryLevel
 .text.downLinkDataHandle
                0x0000000000004fc4       0x5c .pio\build\cubecell_board\libb27\libLoRa.a(LoRaWan_APP.cpp.o)
                0x0000000000004fc4                downLinkDataHandle
 .text._ZL14McpsIndicationP15sMcpsIndication
                0x0000000000005020       0x78 .pio\build\cubecell_board\libb27\libLoRa.a(LoRaWan_APP.cpp.o)
 .text.dev_time_updated
                0x0000000000005098       0x10 .pio\build\cubecell_board\libb27\libLoRa.a(LoRaWan_APP.cpp.o)
                0x0000000000005098                dev_time_updated
 .text._ZL11MlmeConfirmP12sMlmeConfirm
                0x00000000000050a8       0x64 .pio\build\cubecell_board\libb27\libLoRa.a(LoRaWan_APP.cpp.o)
 .text.lwan_dev_params_update
                0x000000000000510c       0xa0 .pio\build\cubecell_board\libb27\libLoRa.a(LoRaWan_APP.cpp.o)
                0x000000000000510c                lwan_dev_params_update
 .text.SendFrame
                0x00000000000051ac       0xac .pio\build\cubecell_board\libb27\libLoRa.a(LoRaWan_APP.cpp.o)
                0x00000000000051ac                SendFrame
 .text._ZN12LoRaWanClass4initE12eDeviceClass16eLoRaMacRegion_t
                0x0000000000005258      0x144 .pio\build\cubecell_board\libb27\libLoRa.a(LoRaWan_APP.cpp.o)
                0x0000000000005258                LoRaWanClass::init(eDeviceClass, eLoRaMacRegion_t)
 .text._ZN12LoRaWanClass4joinEv
                0x000000000000539c       0xb0 .pio\build\cubecell_board\libb27\libLoRa.a(LoRaWan_APP.cpp.o)
                0x000000000000539c                LoRaWanClass::join()
 .text._ZN12LoRaWanClass4sendEv
                0x000000000000544c       0x3c .pio\build\cubecell_board\libb27\libLoRa.a(LoRaWan_APP.cpp.o)
                0x000000000000544c                LoRaWanClass::send()
 .text._ZN12LoRaWanClass5cycleEm
                0x0000000000005488       0x18 .pio\build\cubecell_board\libb27\libLoRa.a(LoRaWan_APP.cpp.o)
                0x0000000000005488                LoRaWanClass::cycle(unsigned long)
 .text._ZN12LoRaWanClass5sleepEv
                0x00000000000054a0       0x14 .pio\build\cubecell_board\libb27\libLoRa.a(LoRaWan_APP.cpp.o)
                0x00000000000054a0                LoRaWanClass::sleep()
 .text._ZN12LoRaWanClass10ifskipjoinEv
                0x00000000000054b4       0xf8 .pio\build\cubecell_board\libb27\libLoRa.a(LoRaWan_APP.cpp.o)
                0x00000000000054b4                LoRaWanClass::ifskipjoin()
 .text._ZN8SPIClass5beginEama
                0x00000000000055ac       0x90 .pio\build\cubecell_board\libFrameworkArduino.a(SPI.cpp.o)
                0x00000000000055ac                SPIClass::begin(signed char, unsigned long, signed char)
 .text._ZN8SPIClass12setFrequencyEm
                0x000000000000563c       0x50 .pio\build\cubecell_board\libFrameworkArduino.a(SPI.cpp.o)
                0x000000000000563c                SPIClass::setFrequency(unsigned long)
 .text._ZN8SPIClass16beginTransactionE11SPISettings
                0x000000000000568c       0xd8 .pio\build\cubecell_board\libFrameworkArduino.a(SPI.cpp.o)
                0x000000000000568c                SPIClass::beginTransaction(SPISettings)
 .text._ZN8SPIClass14endTransactionEv
                0x0000000000005764       0x16 .pio\build\cubecell_board\libFrameworkArduino.a(SPI.cpp.o)
                0x0000000000005764                SPIClass::endTransaction()
 .text._ZN8SPIClass8transferEh
                0x000000000000577a       0x5a .pio\build\cubecell_board\libFrameworkArduino.a(SPI.cpp.o)
                0x000000000000577a                SPIClass::transfer(unsigned char)
 .text.startup._GLOBAL__sub_I__ZN8SPIClassC2Eaa
                0x00000000000057d4       0x28 .pio\build\cubecell_board\libFrameworkArduino.a(SPI.cpp.o)
 .text._ZN6Stream9readBytesEPhj
                0x00000000000057fc        0xa .pio\build\cubecell_board\libFrameworkArduino.a(HardwareSerial.cpp.o)
                0x00000000000057fc                Stream::readBytes(unsigned char*, unsigned int)
 .text._ZN14HardwareSerial4peekEv
                0x0000000000005806        0x4 .pio\build\cubecell_board\libFrameworkArduino.a(HardwareSerial.cpp.o)
                0x0000000000005806                HardwareSerial::peek()
 .text._ZN14HardwareSerialD2Ev
                0x000000000000580a        0x2 .pio\build\cubecell_board\libFrameworkArduino.a(HardwareSerial.cpp.o)
                0x000000000000580a                HardwareSerial::~HardwareSerial()
                0x000000000000580a                HardwareSerial::~HardwareSerial()
 .text._ZN14HardwareSerial9availableEv
                0x000000000000580c       0x16 .pio\build\cubecell_board\libFrameworkArduino.a(HardwareSerial.cpp.o)
                0x000000000000580c                HardwareSerial::available()
 .text._ZN14HardwareSerial4readEv
                0x0000000000005822       0x26 .pio\build\cubecell_board\libFrameworkArduino.a(HardwareSerial.cpp.o)
                0x0000000000005822                HardwareSerial::read()
 .text._ZN14HardwareSerial5writeEh
                0x0000000000005848       0x1a .pio\build\cubecell_board\libFrameworkArduino.a(HardwareSerial.cpp.o)
                0x0000000000005848                HardwareSerial::write(unsigned char)
 .text._ZN14HardwareSerial5writeEPKhj
                0x0000000000005862       0x28 .pio\build\cubecell_board\libFrameworkArduino.a(HardwareSerial.cpp.o)
                0x0000000000005862                HardwareSerial::write(unsigned char const*, unsigned int)
 .text._ZN14HardwareSerialD0Ev
                0x000000000000588a        0xe .pio\build\cubecell_board\libFrameworkArduino.a(HardwareSerial.cpp.o)
                0x000000000000588a                HardwareSerial::~HardwareSerial()
 .text._ZN14HardwareSerial5flushEv
                0x0000000000005898       0x2c .pio\build\cubecell_board\libFrameworkArduino.a(HardwareSerial.cpp.o)
                0x0000000000005898                HardwareSerial::flush()
 .text._ZN14HardwareSerial5beginEmmabm
                0x00000000000058c4      0x124 .pio\build\cubecell_board\libFrameworkArduino.a(HardwareSerial.cpp.o)
                0x00000000000058c4                HardwareSerial::begin(unsigned long, unsigned long, signed char, bool, unsigned long)
 .text.startup._GLOBAL__sub_I_Serial
                0x00000000000059e8       0x5c .pio\build\cubecell_board\libFrameworkArduino.a(HardwareSerial.cpp.o)
 .text._ZN7TwoWireD2Ev
                0x0000000000005a44        0x2 .pio\build\cubecell_board\libFrameworkArduino.a(Wire.cpp.o)
                0x0000000000005a44                TwoWire::~TwoWire()
                0x0000000000005a44                TwoWire::~TwoWire()
 .text._ZN7TwoWire5writeEPKhj
                0x0000000000005a46       0x24 .pio\build\cubecell_board\libFrameworkArduino.a(Wire.cpp.o)
                0x0000000000005a46                TwoWire::write(unsigned char const*, unsigned int)
 .text._ZN7TwoWire9availableEv
                0x0000000000005a6a        0xe .pio\build\cubecell_board\libFrameworkArduino.a(Wire.cpp.o)
                0x0000000000005a6a                TwoWire::available()
 .text._ZN7TwoWire4readEv
                0x0000000000005a78       0x20 .pio\build\cubecell_board\libFrameworkArduino.a(Wire.cpp.o)
                0x0000000000005a78                TwoWire::read()
 .text._ZN7TwoWire4peekEv
                0x0000000000005a98       0x1c .pio\build\cubecell_board\libFrameworkArduino.a(Wire.cpp.o)
                0x0000000000005a98                TwoWire::peek()
 .text._ZN7TwoWireD0Ev
                0x0000000000005ab4       0x10 .pio\build\cubecell_board\libFrameworkArduino.a(Wire.cpp.o)
                0x0000000000005ab4                TwoWire::~TwoWire()
 .text._ZN7TwoWire5writeEh
                0x0000000000005ac4       0x40 .pio\build\cubecell_board\libFrameworkArduino.a(Wire.cpp.o)
                0x0000000000005ac4                TwoWire::write(unsigned char)
 .text._ZN7TwoWire5flushEv
                0x0000000000005b04       0x78 .pio\build\cubecell_board\libFrameworkArduino.a(Wire.cpp.o)
                0x0000000000005b04                TwoWire::flush()
 .text._ZN7TwoWireC2Ea
                0x0000000000005b7c       0x3c .pio\build\cubecell_board\libFrameworkArduino.a(Wire.cpp.o)
                0x0000000000005b7c                TwoWire::TwoWire(signed char)
                0x0000000000005b7c                TwoWire::TwoWire(signed char)
 .text._ZN7TwoWire5beginEma
                0x0000000000005bb8       0x6c .pio\build\cubecell_board\libFrameworkArduino.a(Wire.cpp.o)
                0x0000000000005bb8                TwoWire::begin(unsigned long, signed char)
 .text._ZN7TwoWire3endEv
                0x0000000000005c24       0x16 .pio\build\cubecell_board\libFrameworkArduino.a(Wire.cpp.o)
                0x0000000000005c24                TwoWire::end()
 .text._ZN7TwoWire17writeTransmissionEtPhtb
                0x0000000000005c3a       0xc0 .pio\build\cubecell_board\libFrameworkArduino.a(Wire.cpp.o)
                0x0000000000005c3a                TwoWire::writeTransmission(unsigned short, unsigned char*, unsigned short, bool)
 .text._ZN7TwoWire16readTransmissionEtPhtbPm
                0x0000000000005cfa       0xd2 .pio\build\cubecell_board\libFrameworkArduino.a(Wire.cpp.o)
                0x0000000000005cfa                TwoWire::readTransmission(unsigned short, unsigned char*, unsigned short, bool, unsigned long*)
 .text._ZN7TwoWire15endTransmissionEb
                0x0000000000005dcc       0x68 .pio\build\cubecell_board\libFrameworkArduino.a(Wire.cpp.o)
                0x0000000000005dcc                TwoWire::endTransmission(bool)
 .text._ZN7TwoWire11requestFromEthb
                0x0000000000005e34       0x74 .pio\build\cubecell_board\libFrameworkArduino.a(Wire.cpp.o)
                0x0000000000005e34                TwoWire::requestFrom(unsigned short, unsigned char, bool)
 .text._ZN7TwoWire11requestFromEhh
                0x0000000000005ea8        0xa .pio\build\cubecell_board\libFrameworkArduino.a(Wire.cpp.o)
                0x0000000000005ea8                TwoWire::requestFrom(unsigned char, unsigned char)
 .text._ZN7TwoWire11requestFromEii
                0x0000000000005eb2        0xe .pio\build\cubecell_board\libFrameworkArduino.a(Wire.cpp.o)
                0x0000000000005eb2                TwoWire::requestFrom(int, int)
 .text._ZN7TwoWire17beginTransmissionEi
                0x0000000000005ec0       0x12 .pio\build\cubecell_board\libFrameworkArduino.a(Wire.cpp.o)
                0x0000000000005ec0                TwoWire::beginTransmission(int)
 .text._ZN7TwoWire17beginTransmissionEh
                0x0000000000005ed2       0x12 .pio\build\cubecell_board\libFrameworkArduino.a(Wire.cpp.o)
                0x0000000000005ed2                TwoWire::beginTransmission(unsigned char)
 .text._ZN7TwoWire15endTransmissionEv
                0x0000000000005ee4        0xa .pio\build\cubecell_board\libFrameworkArduino.a(Wire.cpp.o)
                0x0000000000005ee4                TwoWire::endTransmission()
 *fill*         0x0000000000005eee        0x2 
 .text.startup._GLOBAL__sub_I__ZN7TwoWireC2Ea
                0x0000000000005ef0       0x40 .pio\build\cubecell_board\libFrameworkArduino.a(Wire.cpp.o)
 .text.SX126xIoInit
                0x0000000000005f30       0x44 .pio\build\cubecell_board\libFrameworkArduino.a(asr_board.c.o)
                0x0000000000005f30                SX126xIoInit
 .text.SX126xIoIrqInit
                0x0000000000005f74       0x14 .pio\build\cubecell_board\libFrameworkArduino.a(asr_board.c.o)
                0x0000000000005f74                SX126xIoIrqInit
 .text.SX126xGetBoardTcxoWakeupTime
                0x0000000000005f88        0x4 .pio\build\cubecell_board\libFrameworkArduino.a(asr_board.c.o)
                0x0000000000005f88                SX126xGetBoardTcxoWakeupTime
 .text.SX126xReset
                0x0000000000005f8c       0x50 .pio\build\cubecell_board\libFrameworkArduino.a(asr_board.c.o)
                0x0000000000005f8c                SX126xReset
 .text.SX126xWaitOnBusy
                0x0000000000005fdc       0x14 .pio\build\cubecell_board\libFrameworkArduino.a(asr_board.c.o)
                0x0000000000005fdc                SX126xWaitOnBusy
 .text.SX126xWakeup
                0x0000000000005ff0       0x38 .pio\build\cubecell_board\libFrameworkArduino.a(asr_board.c.o)
                0x0000000000005ff0                SX126xWakeup
 .text.SX126xWriteCommand
                0x0000000000006028       0x50 .pio\build\cubecell_board\libFrameworkArduino.a(asr_board.c.o)
                0x0000000000006028                SX126xWriteCommand
 .text.SX126xReadCommand
                0x0000000000006078       0x54 .pio\build\cubecell_board\libFrameworkArduino.a(asr_board.c.o)
                0x0000000000006078                SX126xReadCommand
 .text.SX126xWriteRegisters
                0x00000000000060cc       0x5c .pio\build\cubecell_board\libFrameworkArduino.a(asr_board.c.o)
                0x00000000000060cc                SX126xWriteRegisters
 .text.SX126xWriteRegister
                0x0000000000006128       0x12 .pio\build\cubecell_board\libFrameworkArduino.a(asr_board.c.o)
                0x0000000000006128                SX126xWriteRegister
 *fill*         0x000000000000613a        0x2 
 .text.SX126xReadRegisters
                0x000000000000613c       0x64 .pio\build\cubecell_board\libFrameworkArduino.a(asr_board.c.o)
                0x000000000000613c                SX126xReadRegisters
 .text.SX126xReadRegister
                0x00000000000061a0       0x12 .pio\build\cubecell_board\libFrameworkArduino.a(asr_board.c.o)
                0x00000000000061a0                SX126xReadRegister
 *fill*         0x00000000000061b2        0x2 
 .text.SX126xWriteBuffer
                0x00000000000061b4       0x54 .pio\build\cubecell_board\libFrameworkArduino.a(asr_board.c.o)
                0x00000000000061b4                SX126xWriteBuffer
 .text.SX126xReadBuffer
                0x0000000000006208       0x5c .pio\build\cubecell_board\libFrameworkArduino.a(asr_board.c.o)
                0x0000000000006208                SX126xReadBuffer
 .text.SX126xSetRfTxPower
                0x0000000000006264        0xa .pio\build\cubecell_board\libFrameworkArduino.a(asr_board.c.o)
                0x0000000000006264                SX126xSetRfTxPower
 .text.SX126xGetPaSelect
                0x000000000000626e        0x4 .pio\build\cubecell_board\libFrameworkArduino.a(asr_board.c.o)
                0x000000000000626e                SX126xGetPaSelect
 .text.SX126xAntSwOn
                0x0000000000006272        0x2 .pio\build\cubecell_board\libFrameworkArduino.a(asr_board.c.o)
                0x0000000000006272                SX126xAntSwOn
 .text.SX126xAntSwOff
                0x0000000000006274        0x2 .pio\build\cubecell_board\libFrameworkArduino.a(asr_board.c.o)
                0x0000000000006274                SX126xAntSwOff
 .text.BoardDisableIrq
                0x0000000000006276        0x4 .pio\build\cubecell_board\libFrameworkArduino.a(asr_board.c.o)
                0x0000000000006276                BoardDisableIrq
 .text.BoardEnableIrq
                0x000000000000627a        0x4 .pio\build\cubecell_board\libFrameworkArduino.a(asr_board.c.o)
                0x000000000000627a                BoardEnableIrq
 *fill*         0x000000000000627e        0x2 
 .text.boardInitMcu
                0x0000000000006280       0x4c .pio\build\cubecell_board\libFrameworkArduino.a(asr_board.c.o)
                0x0000000000006280                boardInitMcu
 .text.HW_Get_MFT_ID
                0x00000000000062cc        0x8 .pio\build\cubecell_board\libFrameworkArduino.a(asr_board.c.o)
                0x00000000000062cc                HW_Get_MFT_ID
 .text.HW_Get_MFT_Model
                0x00000000000062d4        0x8 .pio\build\cubecell_board\libFrameworkArduino.a(asr_board.c.o)
                0x00000000000062d4                HW_Get_MFT_Model
 .text.HW_Get_MFT_Rev
                0x00000000000062dc        0x8 .pio\build\cubecell_board\libFrameworkArduino.a(asr_board.c.o)
                0x00000000000062dc                HW_Get_MFT_Rev
 .text.HW_Get_MFT_SN
                0x00000000000062e4       0x24 .pio\build\cubecell_board\libFrameworkArduino.a(asr_board.c.o)
                0x00000000000062e4                HW_Get_MFT_SN
 .text.HW_Set_MFT_Baud
                0x0000000000006308       0x64 .pio\build\cubecell_board\libFrameworkArduino.a(asr_board.c.o)
                0x0000000000006308                HW_Set_MFT_Baud
 .text.HW_Get_MFT_Baud
                0x000000000000636c        0xc .pio\build\cubecell_board\libFrameworkArduino.a(asr_board.c.o)
                0x000000000000636c                HW_Get_MFT_Baud
 .text.GpioInit
                0x0000000000006378       0x12 .pio\build\cubecell_board\libFrameworkArduino.a(gpio.c.o)
                0x0000000000006378                GpioInit
 .text.GpioSetInterrupt
                0x000000000000638a        0x8 .pio\build\cubecell_board\libFrameworkArduino.a(gpio.c.o)
                0x000000000000638a                GpioSetInterrupt
 .text.GpioWrite
                0x0000000000006392        0x8 .pio\build\cubecell_board\libFrameworkArduino.a(gpio.c.o)
                0x0000000000006392                GpioWrite
 .text.GpioRead
                0x000000000000639a        0x8 .pio\build\cubecell_board\libFrameworkArduino.a(gpio.c.o)
                0x000000000000639a                GpioRead
 .text.SpiInit  0x00000000000063a2        0x8 .pio\build\cubecell_board\libFrameworkArduino.a(spi-board.c.o)
                0x00000000000063a2                SpiInit
 *fill*         0x00000000000063aa        0x2 
 .text.SpiInOut
                0x00000000000063ac       0x34 .pio\build\cubecell_board\libFrameworkArduino.a(spi-board.c.o)
                0x00000000000063ac                SpiInOut
 .text.ADC_SAR_Seq_Init
                0x00000000000063e0       0xd8 .pio\build\cubecell_board\libFrameworkArduino.a(ADC_SAR_Seq.c.o)
                0x00000000000063e0                ADC_SAR_Seq_Init
 .text.ADC_SAR_Seq_Enable
                0x00000000000064b8       0x2c .pio\build\cubecell_board\libFrameworkArduino.a(ADC_SAR_Seq.c.o)
                0x00000000000064b8                ADC_SAR_Seq_Enable
 .text.ADC_SAR_Seq_Start
                0x00000000000064e4       0x1c .pio\build\cubecell_board\libFrameworkArduino.a(ADC_SAR_Seq.c.o)
                0x00000000000064e4                ADC_SAR_Seq_Start
 .text.ADC_SAR_Seq_Stop
                0x0000000000006500       0x10 .pio\build\cubecell_board\libFrameworkArduino.a(ADC_SAR_Seq.c.o)
                0x0000000000006500                ADC_SAR_Seq_Stop
 .text.ADC_SAR_Seq_StartConvert
                0x0000000000006510        0xc .pio\build\cubecell_board\libFrameworkArduino.a(ADC_SAR_Seq.c.o)
                0x0000000000006510                ADC_SAR_Seq_StartConvert
 .text.ADC_SAR_Seq_StopConvert
                0x000000000000651c        0x2 .pio\build\cubecell_board\libFrameworkArduino.a(ADC_SAR_Seq.c.o)
                0x000000000000651c                ADC_SAR_Seq_StopConvert
 *fill*         0x000000000000651e        0x2 
 .text.ADC_SAR_Seq_IsEndConversion
                0x0000000000006520       0x2c .pio\build\cubecell_board\libFrameworkArduino.a(ADC_SAR_Seq.c.o)
                0x0000000000006520                ADC_SAR_Seq_IsEndConversion
 .text.ADC_SAR_Seq_GetResult16
                0x000000000000654c       0x20 .pio\build\cubecell_board\libFrameworkArduino.a(ADC_SAR_Seq.c.o)
                0x000000000000654c                ADC_SAR_Seq_GetResult16
 .text.ADC_SAR_Seq_CountsTo_mVolts
                0x000000000000656c       0x50 .pio\build\cubecell_board\libFrameworkArduino.a(ADC_SAR_Seq.c.o)
                0x000000000000656c                ADC_SAR_Seq_CountsTo_mVolts
 .text.ADC_SAR_Seq_ISR
                0x00000000000065bc        0xc .pio\build\cubecell_board\libFrameworkArduino.a(ADC_SAR_Seq_INT.c.o)
                0x00000000000065bc                ADC_SAR_Seq_ISR
 .text.I2C_1_I2CMasterHandleStatus
                0x00000000000065c8       0x94 .pio\build\cubecell_board\libFrameworkArduino.a(I2C_1_I2C_MASTER.c.o)
 .text.I2C_1_I2CMasterWaitOneUnit
                0x000000000000665c       0x24 .pio\build\cubecell_board\libFrameworkArduino.a(I2C_1_I2C_MASTER.c.o)
 .text.I2C_1_I2CMasterSendStart
                0x0000000000006680       0xbc .pio\build\cubecell_board\libFrameworkArduino.a(I2C_1_I2C_MASTER.c.o)
                0x0000000000006680                I2C_1_I2CMasterSendStart
 .text.I2C_1_I2CMasterSendStop
                0x000000000000673c       0x54 .pio\build\cubecell_board\libFrameworkArduino.a(I2C_1_I2C_MASTER.c.o)
                0x000000000000673c                I2C_1_I2CMasterSendStop
 .text.I2C_1_I2CMasterWriteByte
                0x0000000000006790       0x44 .pio\build\cubecell_board\libFrameworkArduino.a(I2C_1_I2C_MASTER.c.o)
                0x0000000000006790                I2C_1_I2CMasterWriteByte
 .text.I2C_1_I2CMasterReadByte
                0x00000000000067d4       0x78 .pio\build\cubecell_board\libFrameworkArduino.a(I2C_1_I2C_MASTER.c.o)
                0x00000000000067d4                I2C_1_I2CMasterReadByte
 .text.I2C_1_I2CMasterClearReadBuf
                0x000000000000684c       0x24 .pio\build\cubecell_board\libFrameworkArduino.a(I2C_1_I2C_MASTER.c.o)
                0x000000000000684c                I2C_1_I2CMasterClearReadBuf
 .text.I2C_1_I2CMasterClearWriteBuf
                0x0000000000006870       0x24 .pio\build\cubecell_board\libFrameworkArduino.a(I2C_1_I2C_MASTER.c.o)
                0x0000000000006870                I2C_1_I2CMasterClearWriteBuf
 .text.I2C_1_I2CMasterClearStatus
                0x0000000000006894       0x20 .pio\build\cubecell_board\libFrameworkArduino.a(I2C_1_I2C_MASTER.c.o)
                0x0000000000006894                I2C_1_I2CMasterClearStatus
 .text.I2C_1_I2CReStartGeneration
                0x00000000000068b4       0x24 .pio\build\cubecell_board\libFrameworkArduino.a(I2C_1_I2C_MASTER.c.o)
                0x00000000000068b4                I2C_1_I2CReStartGeneration
 .text.I2C_1_I2CMasterSendRestart
                0x00000000000068d8       0x60 .pio\build\cubecell_board\libFrameworkArduino.a(I2C_1_I2C_MASTER.c.o)
                0x00000000000068d8                I2C_1_I2CMasterSendRestart
 .text.I2C_I2CMasterHandleStatus
                0x0000000000006938       0x94 .pio\build\cubecell_board\libFrameworkArduino.a(I2C_I2C_MASTER.c.o)
 .text.I2C_I2CMasterWaitOneUnit
                0x00000000000069cc       0x24 .pio\build\cubecell_board\libFrameworkArduino.a(I2C_I2C_MASTER.c.o)
 .text.I2C_I2CMasterSendStart
                0x00000000000069f0       0xbc .pio\build\cubecell_board\libFrameworkArduino.a(I2C_I2C_MASTER.c.o)
                0x00000000000069f0                I2C_I2CMasterSendStart
 .text.I2C_I2CMasterSendStop
                0x0000000000006aac       0x54 .pio\build\cubecell_board\libFrameworkArduino.a(I2C_I2C_MASTER.c.o)
                0x0000000000006aac                I2C_I2CMasterSendStop
 .text.I2C_I2CMasterWriteByte
                0x0000000000006b00       0x44 .pio\build\cubecell_board\libFrameworkArduino.a(I2C_I2C_MASTER.c.o)
                0x0000000000006b00                I2C_I2CMasterWriteByte
 .text.I2C_I2CMasterReadByte
                0x0000000000006b44       0x78 .pio\build\cubecell_board\libFrameworkArduino.a(I2C_I2C_MASTER.c.o)
                0x0000000000006b44                I2C_I2CMasterReadByte
 .text.I2C_I2CMasterClearReadBuf
                0x0000000000006bbc       0x24 .pio\build\cubecell_board\libFrameworkArduino.a(I2C_I2C_MASTER.c.o)
                0x0000000000006bbc                I2C_I2CMasterClearReadBuf
 .text.I2C_I2CMasterClearWriteBuf
                0x0000000000006be0       0x24 .pio\build\cubecell_board\libFrameworkArduino.a(I2C_I2C_MASTER.c.o)
                0x0000000000006be0                I2C_I2CMasterClearWriteBuf
 .text.I2C_I2CMasterClearStatus
                0x0000000000006c04       0x20 .pio\build\cubecell_board\libFrameworkArduino.a(I2C_I2C_MASTER.c.o)
                0x0000000000006c04                I2C_I2CMasterClearStatus
 .text.I2C_I2CReStartGeneration
                0x0000000000006c24       0x24 .pio\build\cubecell_board\libFrameworkArduino.a(I2C_I2C_MASTER.c.o)
                0x0000000000006c24                I2C_I2CReStartGeneration
 .text.I2C_I2CMasterSendRestart
                0x0000000000006c48       0x60 .pio\build\cubecell_board\libFrameworkArduino.a(I2C_I2C_MASTER.c.o)
                0x0000000000006c48                I2C_I2CMasterSendRestart
 .text.PWM1_Stop
                0x0000000000006ca8       0x34 .pio\build\cubecell_board\libFrameworkArduino.a(PWM1.c.o)
                0x0000000000006ca8                PWM1_Stop
 .text.PWM2_Stop
                0x0000000000006cdc       0x34 .pio\build\cubecell_board\libFrameworkArduino.a(PWM2.c.o)
                0x0000000000006cdc                PWM2_Stop
 .text._ZN5Print5writeEPKc
                0x0000000000006d10       0x1c .pio\build\cubecell_board\libFrameworkArduino.a(Print.cpp.o)
                0x0000000000006d10                Print::write(char const*)
 .text._ZN5Print6printfEPKcz
                0x0000000000006d2c       0x5a .pio\build\cubecell_board\libFrameworkArduino.a(Print.cpp.o)
                0x0000000000006d2c                Print::printf(char const*, ...)
 .text._ZN5Print5printEPKc
                0x0000000000006d86        0x8 .pio\build\cubecell_board\libFrameworkArduino.a(Print.cpp.o)
                0x0000000000006d86                Print::print(char const*)
 .text._ZN5Print5printEc
                0x0000000000006d8e        0xa .pio\build\cubecell_board\libFrameworkArduino.a(Print.cpp.o)
                0x0000000000006d8e                Print::print(char)
 .text._ZN5Print7printlnEv
                0x0000000000006d98       0x10 .pio\build\cubecell_board\libFrameworkArduino.a(Print.cpp.o)
                0x0000000000006d98                Print::println()
 .text._ZN5Print7printlnEPK19__FlashStringHelper
                0x0000000000006da8       0x14 .pio\build\cubecell_board\libFrameworkArduino.a(Print.cpp.o)
                0x0000000000006da8                Print::println(__FlashStringHelper const*)
 .text._ZN5Print7printlnEPKc
                0x0000000000006dbc       0x14 .pio\build\cubecell_board\libFrameworkArduino.a(Print.cpp.o)
                0x0000000000006dbc                Print::println(char const*)
 .text._ZN5Print11printNumberEmh
                0x0000000000006dd0       0x4e .pio\build\cubecell_board\libFrameworkArduino.a(Print.cpp.o)
                0x0000000000006dd0                Print::printNumber(unsigned long, unsigned char)
 .text._ZN5Print5printEli
                0x0000000000006e1e       0x3e .pio\build\cubecell_board\libFrameworkArduino.a(Print.cpp.o)
                0x0000000000006e1e                Print::print(long, int)
 .text._ZN5Print7printlnEii
                0x0000000000006e5c       0x14 .pio\build\cubecell_board\libFrameworkArduino.a(Print.cpp.o)
                0x0000000000006e5c                Print::println(int, int)
 .text._ZN5Print5printEmi
                0x0000000000006e70       0x18 .pio\build\cubecell_board\libFrameworkArduino.a(Print.cpp.o)
                0x0000000000006e70                Print::print(unsigned long, int)
 .text._ZN5Print5printEhi
                0x0000000000006e88        0x8 .pio\build\cubecell_board\libFrameworkArduino.a(Print.cpp.o)
                0x0000000000006e88                Print::print(unsigned char, int)
 .text._ZN5Print7printlnEhi
                0x0000000000006e90       0x14 .pio\build\cubecell_board\libFrameworkArduino.a(Print.cpp.o)
                0x0000000000006e90                Print::println(unsigned char, int)
 .text._ZN6Stream9timedReadEv
                0x0000000000006ea4       0x2a .pio\build\cubecell_board\libFrameworkArduino.a(Stream.cpp.o)
                0x0000000000006ea4                Stream::timedRead()
 .text._ZN6Stream9readBytesEPcj
                0x0000000000006ece       0x22 .pio\build\cubecell_board\libFrameworkArduino.a(Stream.cpp.o)
                0x0000000000006ece                Stream::readBytes(char*, unsigned int)
 .text._ZN6Stream10readStringEv
                0x0000000000006ef0       0x28 .pio\build\cubecell_board\libFrameworkArduino.a(Stream.cpp.o)
                0x0000000000006ef0                Stream::readString()
 .text._ZN6String10invalidateEv
                0x0000000000006f18       0x18 .pio\build\cubecell_board\libFrameworkArduino.a(WString.cpp.o)
                0x0000000000006f18                String::invalidate()
 .text._ZN6String12changeBufferEj
                0x0000000000006f30       0x3a .pio\build\cubecell_board\libFrameworkArduino.a(WString.cpp.o)
                0x0000000000006f30                String::changeBuffer(unsigned int)
 .text._ZN6String7reserveEj
                0x0000000000006f6a       0x2a .pio\build\cubecell_board\libFrameworkArduino.a(WString.cpp.o)
                0x0000000000006f6a                String::reserve(unsigned int)
 .text._ZN6String4copyEPKcj
                0x0000000000006f94       0x28 .pio\build\cubecell_board\libFrameworkArduino.a(WString.cpp.o)
                0x0000000000006f94                String::copy(char const*, unsigned int)
 .text._ZN6StringC2EPKc
                0x0000000000006fbc       0x26 .pio\build\cubecell_board\libFrameworkArduino.a(WString.cpp.o)
                0x0000000000006fbc                String::String(char const*)
                0x0000000000006fbc                String::String(char const*)
 .text._ZN6String6concatEPKcj
                0x0000000000006fe2       0x32 .pio\build\cubecell_board\libFrameworkArduino.a(WString.cpp.o)
                0x0000000000006fe2                String::concat(char const*, unsigned int)
 .text._ZN6String6concatEc
                0x0000000000007014       0x16 .pio\build\cubecell_board\libFrameworkArduino.a(WString.cpp.o)
                0x0000000000007014                String::concat(char)
 *fill*         0x000000000000702a        0x2 
 .text.global_irq_SetPriority
                0x000000000000702c       0x20 .pio\build\cubecell_board\libFrameworkArduino.a(irq.c.o)
                0x000000000000702c                global_irq_SetPriority
 .text.global_irq_StartEx
                0x000000000000704c       0x24 .pio\build\cubecell_board\libFrameworkArduino.a(irq.c.o)
                0x000000000000704c                global_irq_StartEx
 .text.global_irq_Disable
                0x0000000000007070        0xc .pio\build\cubecell_board\libFrameworkArduino.a(irq.c.o)
                0x0000000000007070                global_irq_Disable
 .text.RadioCheckRfFrequency
                0x000000000000707c        0x4 .pio\build\cubecell_board\libFrameworkArduino.a(radio.c.o)
                0x000000000000707c                RadioCheckRfFrequency
 .text.RadioOnDioIrq
                0x0000000000007080        0xc .pio\build\cubecell_board\libFrameworkArduino.a(radio.c.o)
                0x0000000000007080                RadioOnDioIrq
 .text.RadioStandby
                0x000000000000708c        0xa .pio\build\cubecell_board\libFrameworkArduino.a(radio.c.o)
                0x000000000000708c                RadioStandby
 *fill*         0x0000000000007096        0x2 
 .text.RadioInit
                0x0000000000007098       0x6c .pio\build\cubecell_board\libFrameworkArduino.a(radio.c.o)
                0x0000000000007098                RadioInit
 .text.RadioGetStatus
                0x0000000000007104       0x1a .pio\build\cubecell_board\libFrameworkArduino.a(radio.c.o)
                0x0000000000007104                RadioGetStatus
 .text.RadioSetChannel
                0x000000000000711e        0x8 .pio\build\cubecell_board\libFrameworkArduino.a(radio.c.o)
                0x000000000000711e                RadioSetChannel
 .text.RadioRssi
                0x0000000000007126        0xa .pio\build\cubecell_board\libFrameworkArduino.a(radio.c.o)
                0x0000000000007126                RadioRssi
 .text.RadioSyncWord
                0x0000000000007130       0x10 .pio\build\cubecell_board\libFrameworkArduino.a(radio.c.o)
                0x0000000000007130                RadioSyncWord
 .text.RadioSend
                0x0000000000007140       0x58 .pio\build\cubecell_board\libFrameworkArduino.a(radio.c.o)
                0x0000000000007140                RadioSend
 .text.RadioSleep
                0x0000000000007198       0x10 .pio\build\cubecell_board\libFrameworkArduino.a(radio.c.o)
                0x0000000000007198                RadioSleep
 .text.RadioSetRxDutyCycle
                0x00000000000071a8        0x8 .pio\build\cubecell_board\libFrameworkArduino.a(radio.c.o)
                0x00000000000071a8                RadioSetRxDutyCycle
 .text.RadioStartCad
                0x00000000000071b0       0x64 .pio\build\cubecell_board\libFrameworkArduino.a(radio.c.o)
                0x00000000000071b0                RadioStartCad
 .text.RadioSetTxContinuousWave
                0x0000000000007214       0x44 .pio\build\cubecell_board\libFrameworkArduino.a(radio.c.o)
                0x0000000000007214                RadioSetTxContinuousWave
 .text.RadioWrite
                0x0000000000007258        0x8 .pio\build\cubecell_board\libFrameworkArduino.a(radio.c.o)
                0x0000000000007258                RadioWrite
 .text.RadioRead
                0x0000000000007260        0x8 .pio\build\cubecell_board\libFrameworkArduino.a(radio.c.o)
                0x0000000000007260                RadioRead
 .text.RadioWriteBuffer
                0x0000000000007268        0x8 .pio\build\cubecell_board\libFrameworkArduino.a(radio.c.o)
                0x0000000000007268                RadioWriteBuffer
 .text.RadioReadBuffer
                0x0000000000007270        0x8 .pio\build\cubecell_board\libFrameworkArduino.a(radio.c.o)
                0x0000000000007270                RadioReadBuffer
 .text.RadioGetWakeupTime
                0x0000000000007278        0xa .pio\build\cubecell_board\libFrameworkArduino.a(radio.c.o)
                0x0000000000007278                RadioGetWakeupTime
 *fill*         0x0000000000007282        0x2 
 .text.RadioOnTxTimeoutIrq
                0x0000000000007284       0x20 .pio\build\cubecell_board\libFrameworkArduino.a(radio.c.o)
                0x0000000000007284                RadioOnTxTimeoutIrq
 .text.RadioOnRxTimeoutIrq
                0x00000000000072a4       0x20 .pio\build\cubecell_board\libFrameworkArduino.a(radio.c.o)
                0x00000000000072a4                RadioOnRxTimeoutIrq
 .text.RadioOnCadTimeoutIrq
                0x00000000000072c4       0x20 .pio\build\cubecell_board\libFrameworkArduino.a(radio.c.o)
                0x00000000000072c4                RadioOnCadTimeoutIrq
 .text.RadioGetFskBandwidthRegValue
                0x00000000000072e4       0x34 .pio\build\cubecell_board\libFrameworkArduino.a(radio.c.o)
 .text.RadioSetMaxPayloadLength
                0x0000000000007318       0x38 .pio\build\cubecell_board\libFrameworkArduino.a(radio.c.o)
                0x0000000000007318                RadioSetMaxPayloadLength
 .text.RadioRx  0x0000000000007350       0x54 .pio\build\cubecell_board\libFrameworkArduino.a(radio.c.o)
                0x0000000000007350                RadioRx
 .text.RadioRxBoosted
                0x00000000000073a4       0x48 .pio\build\cubecell_board\libFrameworkArduino.a(radio.c.o)
                0x00000000000073a4                RadioRxBoosted
 .text.RadioIrqProcess
                0x00000000000073ec      0x13c .pio\build\cubecell_board\libFrameworkArduino.a(radio.c.o)
                0x00000000000073ec                RadioIrqProcess
 .text.RadioSetPublicNetwork
                0x0000000000007528       0x40 .pio\build\cubecell_board\libFrameworkArduino.a(radio.c.o)
                0x0000000000007528                RadioSetPublicNetwork
 .text.RadioSetModem.part.0
                0x0000000000007568       0x20 .pio\build\cubecell_board\libFrameworkArduino.a(radio.c.o)
 .text.RadioSetModem
                0x0000000000007588       0x20 .pio\build\cubecell_board\libFrameworkArduino.a(radio.c.o)
                0x0000000000007588                RadioSetModem
 .text.RadioIsChannelFree
                0x00000000000075a8       0x50 .pio\build\cubecell_board\libFrameworkArduino.a(radio.c.o)
                0x00000000000075a8                RadioIsChannelFree
 .text.RadioRandom
                0x00000000000075f8       0x38 .pio\build\cubecell_board\libFrameworkArduino.a(radio.c.o)
                0x00000000000075f8                RadioRandom
 .text.RadioSymbTime
                0x0000000000007630       0x2c .pio\build\cubecell_board\libFrameworkArduino.a(radio.c.o)
                0x0000000000007630                RadioSymbTime
 .text.RadioSetRxConfig
                0x000000000000765c      0x21c .pio\build\cubecell_board\libFrameworkArduino.a(radio.c.o)
                0x000000000000765c                RadioSetRxConfig
 .text.RadioSetTxConfig
                0x0000000000007878      0x1a0 .pio\build\cubecell_board\libFrameworkArduino.a(radio.c.o)
                0x0000000000007878                RadioSetTxConfig
 .text.RadioTimeOnAir
                0x0000000000007a18      0x198 .pio\build\cubecell_board\libFrameworkArduino.a(radio.c.o)
                0x0000000000007a18                RadioTimeOnAir
 .text.SX126xGetOperatingMode
                0x0000000000007bb0        0xc .pio\build\cubecell_board\libFrameworkArduino.a(sx126x.c.o)
                0x0000000000007bb0                SX126xGetOperatingMode
 .text.SX126xSetOperatingMode
                0x0000000000007bbc        0xc .pio\build\cubecell_board\libFrameworkArduino.a(sx126x.c.o)
                0x0000000000007bbc                SX126xSetOperatingMode
 .text.SX126xCheckDeviceReady
                0x0000000000007bc8       0x24 .pio\build\cubecell_board\libFrameworkArduino.a(sx126x.c.o)
                0x0000000000007bc8                SX126xCheckDeviceReady
 .text.SX126xSetPayload
                0x0000000000007bec        0xe .pio\build\cubecell_board\libFrameworkArduino.a(sx126x.c.o)
                0x0000000000007bec                SX126xSetPayload
 *fill*         0x0000000000007bfa        0x2 
 .text.SX126xSetSyncWord
                0x0000000000007bfc       0x3c .pio\build\cubecell_board\libFrameworkArduino.a(sx126x.c.o)
                0x0000000000007bfc                SX126xSetSyncWord
 .text.SX126xSetCrcSeed
                0x0000000000007c38       0x24 .pio\build\cubecell_board\libFrameworkArduino.a(sx126x.c.o)
                0x0000000000007c38                SX126xSetCrcSeed
 .text.SX126xSetCrcPolynomial
                0x0000000000007c5c       0x24 .pio\build\cubecell_board\libFrameworkArduino.a(sx126x.c.o)
                0x0000000000007c5c                SX126xSetCrcPolynomial
 .text.SX126xSetWhiteningSeed
                0x0000000000007c80       0x3c .pio\build\cubecell_board\libFrameworkArduino.a(sx126x.c.o)
                0x0000000000007c80                SX126xSetWhiteningSeed
 .text.SX126xSetSleep
                0x0000000000007cbc       0x20 .pio\build\cubecell_board\libFrameworkArduino.a(sx126x.c.o)
                0x0000000000007cbc                SX126xSetSleep
 .text.SX126xSetStandby
                0x0000000000007cdc       0x28 .pio\build\cubecell_board\libFrameworkArduino.a(sx126x.c.o)
                0x0000000000007cdc                SX126xSetStandby
 .text.SX126xSetTx
                0x0000000000007d04       0x24 .pio\build\cubecell_board\libFrameworkArduino.a(sx126x.c.o)
                0x0000000000007d04                SX126xSetTx
 .text.SX126xSendPayload
                0x0000000000007d28       0x10 .pio\build\cubecell_board\libFrameworkArduino.a(sx126x.c.o)
                0x0000000000007d28                SX126xSendPayload
 .text.SX126xSetRx
                0x0000000000007d38       0x24 .pio\build\cubecell_board\libFrameworkArduino.a(sx126x.c.o)
                0x0000000000007d38                SX126xSetRx
 .text.SX126xSetRxBoosted
                0x0000000000007d5c       0x30 .pio\build\cubecell_board\libFrameworkArduino.a(sx126x.c.o)
                0x0000000000007d5c                SX126xSetRxBoosted
 .text.SX126xSetRxDutyCycle
                0x0000000000007d8c       0x2c .pio\build\cubecell_board\libFrameworkArduino.a(sx126x.c.o)
                0x0000000000007d8c                SX126xSetRxDutyCycle
 .text.SX126xSetCad
                0x0000000000007db8       0x18 .pio\build\cubecell_board\libFrameworkArduino.a(sx126x.c.o)
                0x0000000000007db8                SX126xSetCad
 .text.SX126xSetTxContinuousWave
                0x0000000000007dd0        0xe .pio\build\cubecell_board\libFrameworkArduino.a(sx126x.c.o)
                0x0000000000007dd0                SX126xSetTxContinuousWave
 .text.SX126xSetStopRxTimerOnPreambleDetect
                0x0000000000007dde       0x12 .pio\build\cubecell_board\libFrameworkArduino.a(sx126x.c.o)
                0x0000000000007dde                SX126xSetStopRxTimerOnPreambleDetect
 .text.SX126xSetLoRaSymbNumTimeout
                0x0000000000007df0       0x12 .pio\build\cubecell_board\libFrameworkArduino.a(sx126x.c.o)
                0x0000000000007df0                SX126xSetLoRaSymbNumTimeout
 .text.SX126xSetRegulatorMode
                0x0000000000007e02       0x12 .pio\build\cubecell_board\libFrameworkArduino.a(sx126x.c.o)
                0x0000000000007e02                SX126xSetRegulatorMode
 .text.SX126xCalibrate
                0x0000000000007e14       0x10 .pio\build\cubecell_board\libFrameworkArduino.a(sx126x.c.o)
                0x0000000000007e14                SX126xCalibrate
 .text.SX126xCalibrateImage
                0x0000000000007e24       0x68 .pio\build\cubecell_board\libFrameworkArduino.a(sx126x.c.o)
                0x0000000000007e24                SX126xCalibrateImage
 .text.SX126xSetPaConfig
                0x0000000000007e8c       0x18 .pio\build\cubecell_board\libFrameworkArduino.a(sx126x.c.o)
                0x0000000000007e8c                SX126xSetPaConfig
 .text.SX126xSetDioIrqParams
                0x0000000000007ea4       0x20 .pio\build\cubecell_board\libFrameworkArduino.a(sx126x.c.o)
                0x0000000000007ea4                SX126xSetDioIrqParams
 .text.SX126xGetIrqStatus
                0x0000000000007ec4       0x1a .pio\build\cubecell_board\libFrameworkArduino.a(sx126x.c.o)
                0x0000000000007ec4                SX126xGetIrqStatus
 .text.SX126xSetDio2AsRfSwitchCtrl
                0x0000000000007ede       0x12 .pio\build\cubecell_board\libFrameworkArduino.a(sx126x.c.o)
                0x0000000000007ede                SX126xSetDio2AsRfSwitchCtrl
 .text.SX126xSetDio3AsTcxoCtrl
                0x0000000000007ef0       0x1e .pio\build\cubecell_board\libFrameworkArduino.a(sx126x.c.o)
                0x0000000000007ef0                SX126xSetDio3AsTcxoCtrl
 *fill*         0x0000000000007f0e        0x2 
 .text.SX126xInit
                0x0000000000007f10       0x4c .pio\build\cubecell_board\libFrameworkArduino.a(sx126x.c.o)
                0x0000000000007f10                SX126xInit
 .text.SX126xSetRfFrequency
                0x0000000000007f5c       0x40 .pio\build\cubecell_board\libFrameworkArduino.a(sx126x.c.o)
                0x0000000000007f5c                SX126xSetRfFrequency
 .text.SX126xSetPacketType
                0x0000000000007f9c       0x1c .pio\build\cubecell_board\libFrameworkArduino.a(sx126x.c.o)
                0x0000000000007f9c                SX126xSetPacketType
 .text.SX126xGetPacketType
                0x0000000000007fb8        0xc .pio\build\cubecell_board\libFrameworkArduino.a(sx126x.c.o)
                0x0000000000007fb8                SX126xGetPacketType
 .text.SX126xSetTxParams
                0x0000000000007fc4       0xb4 .pio\build\cubecell_board\libFrameworkArduino.a(sx126x.c.o)
                0x0000000000007fc4                SX126xSetTxParams
 .text.SX126xSetModulationParams
                0x0000000000008078       0xa0 .pio\build\cubecell_board\libFrameworkArduino.a(sx126x.c.o)
                0x0000000000008078                SX126xSetModulationParams
 .text.SX126xSetPacketParams
                0x0000000000008118       0xa8 .pio\build\cubecell_board\libFrameworkArduino.a(sx126x.c.o)
                0x0000000000008118                SX126xSetPacketParams
 .text.SX126xSetCadParams
                0x00000000000081c0       0x30 .pio\build\cubecell_board\libFrameworkArduino.a(sx126x.c.o)
                0x00000000000081c0                SX126xSetCadParams
 .text.SX126xSetBufferBaseAddress
                0x00000000000081f0       0x14 .pio\build\cubecell_board\libFrameworkArduino.a(sx126x.c.o)
                0x00000000000081f0                SX126xSetBufferBaseAddress
 .text.SX126xGetRssiInst
                0x0000000000008204       0x16 .pio\build\cubecell_board\libFrameworkArduino.a(sx126x.c.o)
                0x0000000000008204                SX126xGetRssiInst
 *fill*         0x000000000000821a        0x2 
 .text.SX126xGetRxBufferStatus
                0x000000000000821c       0x4c .pio\build\cubecell_board\libFrameworkArduino.a(sx126x.c.o)
                0x000000000000821c                SX126xGetRxBufferStatus
 .text.SX126xGetPayload
                0x0000000000008268       0x2c .pio\build\cubecell_board\libFrameworkArduino.a(sx126x.c.o)
                0x0000000000008268                SX126xGetPayload
 .text.SX126xGetPacketStatus
                0x0000000000008294       0x78 .pio\build\cubecell_board\libFrameworkArduino.a(sx126x.c.o)
                0x0000000000008294                SX126xGetPacketStatus
 .text.SX126xClearIrqStatus
                0x000000000000830c       0x12 .pio\build\cubecell_board\libFrameworkArduino.a(sx126x.c.o)
                0x000000000000830c                SX126xClearIrqStatus
 *fill*         0x000000000000831e        0x2 
 .text.SetMlmeScheduleUplinkIndication
                0x0000000000008320       0x14 .pio\build\cubecell_board\libFrameworkArduino.a(LoRaMac.c.o)
 .text.AddMacCommand
                0x0000000000008334      0x188 .pio\build\cubecell_board\libFrameworkArduino.a(LoRaMac.c.o)
 .text.ResetMacParameters
                0x00000000000084bc       0x9c .pio\build\cubecell_board\libFrameworkArduino.a(LoRaMac.c.o)
 .text.OnAckTimeoutTimerEvent
                0x0000000000008558       0x44 .pio\build\cubecell_board\libFrameworkArduino.a(LoRaMac.c.o)
 .text.ValidatePayloadLength
                0x000000000000859c       0x60 .pio\build\cubecell_board\libFrameworkArduino.a(LoRaMac.c.o)
 .text.PrepareRxDoneAbort
                0x00000000000085fc       0x40 .pio\build\cubecell_board\libFrameworkArduino.a(LoRaMac.c.o)
 .text.ProcessMacCommands
                0x000000000000863c      0x428 .pio\build\cubecell_board\libFrameworkArduino.a(LoRaMac.c.o)
 .text.OnRadioRxDone
                0x0000000000008a64      0x5e0 .pio\build\cubecell_board\libFrameworkArduino.a(LoRaMac.c.o)
                0x0000000000008a64                OnRadioRxDone
 .text.RxWindowSetup
                0x0000000000009044       0x18 .pio\build\cubecell_board\libFrameworkArduino.a(LoRaMac.c.o)
 .text.OnRxWindow1TimerEvent
                0x000000000000905c       0x80 .pio\build\cubecell_board\libFrameworkArduino.a(LoRaMac.c.o)
 .text.OnRxWindow2TimerEvent
                0x00000000000090dc       0x74 .pio\build\cubecell_board\libFrameworkArduino.a(LoRaMac.c.o)
 .text.OpenContinuousRx2Window
                0x0000000000009150       0x14 .pio\build\cubecell_board\libFrameworkArduino.a(LoRaMac.c.o)
 .text.OnRadioRxTimeout
                0x0000000000009164       0xf8 .pio\build\cubecell_board\libFrameworkArduino.a(LoRaMac.c.o)
 .text.OnRadioTxTimeout
                0x000000000000925c       0x44 .pio\build\cubecell_board\libFrameworkArduino.a(LoRaMac.c.o)
 .text.OnRadioRxError
                0x00000000000092a0       0xf8 .pio\build\cubecell_board\libFrameworkArduino.a(LoRaMac.c.o)
 .text.OnRadioTxDone
                0x0000000000009398      0x14c .pio\build\cubecell_board\libFrameworkArduino.a(LoRaMac.c.o)
 .text.PrepareFrame
                0x00000000000094e4      0x344 .pio\build\cubecell_board\libFrameworkArduino.a(LoRaMac.c.o)
                0x00000000000094e4                PrepareFrame
 .text.SendFrameOnChannel
                0x0000000000009828      0x11c .pio\build\cubecell_board\libFrameworkArduino.a(LoRaMac.c.o)
                0x0000000000009828                SendFrameOnChannel
 .text.ScheduleTx
                0x0000000000009944      0x1c4 .pio\build\cubecell_board\libFrameworkArduino.a(LoRaMac.c.o)
 .text.Send     0x0000000000009b08       0x4c .pio\build\cubecell_board\libFrameworkArduino.a(LoRaMac.c.o)
                0x0000000000009b08                Send
 .text.OnTxDelayedTimerEvent
                0x0000000000009b54       0x74 .pio\build\cubecell_board\libFrameworkArduino.a(LoRaMac.c.o)
 .text.OnMacStateCheckTimerEvent
                0x0000000000009bc8      0x324 .pio\build\cubecell_board\libFrameworkArduino.a(LoRaMac.c.o)
 .text.SetTxContinuousWave
                0x0000000000009eec       0x64 .pio\build\cubecell_board\libFrameworkArduino.a(LoRaMac.c.o)
                0x0000000000009eec                SetTxContinuousWave
 .text.SetTxContinuousWave1
                0x0000000000009f50       0x3c .pio\build\cubecell_board\libFrameworkArduino.a(LoRaMac.c.o)