Archive member included to satisfy reference by file (symbol)

C:\Users\tobia\.platformio\packages\framework-arduinoasrmicro650x\cores\asr650x\projects\CubeCellLib.a(timeServer.o)
                              .pio\build\cubecell_gps\src\main.cpp.o (TimerInit)
C:\Users\tobia\.platformio\packages\framework-arduinoasrmicro650x\cores\asr650x\projects\CubeCellLib.a(lorawan_port.o)
                              C:\Users\tobia\.platformio\packages\framework-arduinoasrmicro650x\cores\asr650x\projects\CubeCellLib.a(timeServer.o) (aos_lrwan_time_itf)
C:\Users\tobia\.platformio\packages\framework-arduinoasrmicro650x\cores\asr650x\projects\CubeCellLib.a(asr_timer.o)
                              C:\Users\tobia\.platformio\packages\framework-arduinoasrmicro650x\cores\asr650x\projects\CubeCellLib.a(lorawan_port.o) (Asr_Timer_RegisterAlarmCallback)
C:\Users\tobia\.platformio\packages\framework-arduinoasrmicro650x\cores\asr650x\projects\CubeCellLib.a(ASR_Arduino.o)
                              .pio\build\cubecell_gps\src\main.cpp.o (pinMode)
C:\Users\tobia\.platformio\packages\framework-arduinoasrmicro650x\cores\asr650x\projects\CubeCellLib.a(cyfitter_cfg.o)
                              C:\Users\tobia\.platformio\packages\framework-arduinoasrmicro650x\cores\asr650x\projects\CubeCellLib.a(ASR_Arduino.o) (systime)
.pio\build\cubecell_gps\lib0f9\libAdafruit BME280 Library.a(Adafruit_BME280.cpp.o)
                              .pio\build\cubecell_gps\src\main.cpp.o (Adafruit_BME280::Adafruit_BME280())
.pio\build\cubecell_gps\libb27\libLoRa.a(LoRaWan_APP.cpp.o)
                              .pio\build\cubecell_gps\src\main.cpp.o (appData)
.pio\build\cubecell_gps\libbcc\libOnBoardGPS_Air530.a(CubeCell_TinyGPS++.cpp.o)
                              .pio\build\cubecell_gps\src\main.cpp.o (TinyGPSLocation::lat())
.pio\build\cubecell_gps\libbcc\libOnBoardGPS_Air530.a(GPS_Air530.cpp.o)
                              .pio\build\cubecell_gps\src\main.cpp.o (Air530Class::available())
.pio\build\cubecell_gps\libFrameworkArduino.a(SPI.cpp.o)
                              .pio\build\cubecell_gps\lib0f9\libAdafruit BME280 Library.a(Adafruit_BME280.cpp.o) (SPIClass::begin(signed char, unsigned long, signed char))
.pio\build\cubecell_gps\libFrameworkArduino.a(HardwareSerial.cpp.o)
                              .pio\build\cubecell_gps\libbcc\libOnBoardGPS_Air530.a(GPS_Air530.cpp.o) (HardwareSerial::available())
.pio\build\cubecell_gps\libFrameworkArduino.a(Wire.cpp.o)
                              .pio\build\cubecell_gps\libb27\libLoRa.a(LoRaWan_APP.cpp.o) (TwoWire::write(unsigned char))
.pio\build\cubecell_gps\libFrameworkArduino.a(asr_board.c.o)
                              .pio\build\cubecell_gps\src\main.cpp.o (boardInitMcu)
.pio\build\cubecell_gps\libFrameworkArduino.a(gpio.c.o)
                              .pio\build\cubecell_gps\libFrameworkArduino.a(asr_board.c.o) (GpioInit)
.pio\build\cubecell_gps\libFrameworkArduino.a(spi-board.c.o)
                              .pio\build\cubecell_gps\libFrameworkArduino.a(asr_board.c.o) (SpiInit)
.pio\build\cubecell_gps\libFrameworkArduino.a(ADC_SAR_Seq.c.o)
                              C:\Users\tobia\.platformio\packages\framework-arduinoasrmicro650x\cores\asr650x\projects\CubeCellLib.a(ASR_Arduino.o) (ADC_SAR_Seq_Start)
.pio\build\cubecell_gps\libFrameworkArduino.a(ADC_SAR_Seq_INT.c.o)
                              .pio\build\cubecell_gps\libFrameworkArduino.a(ADC_SAR_Seq.c.o) (ADC_SAR_Seq_ISR)
.pio\build\cubecell_gps\libFrameworkArduino.a(I2C_1_I2C_MASTER.c.o)
                              .pio\build\cubecell_gps\libFrameworkArduino.a(Wire.cpp.o) (I2C_1_I2CMasterSendStart)
.pio\build\cubecell_gps\libFrameworkArduino.a(I2C_I2C_MASTER.c.o)
                              .pio\build\cubecell_gps\libFrameworkArduino.a(Wire.cpp.o) (I2C_I2CMasterSendStart)
.pio\build\cubecell_gps\libFrameworkArduino.a(PWM1.c.o)
                              C:\Users\tobia\.platformio\packages\framework-arduinoasrmicro650x\cores\asr650x\projects\CubeCellLib.a(ASR_Arduino.o) (PWM1_Stop)
.pio\build\cubecell_gps\libFrameworkArduino.a(PWM2.c.o)
                              C:\Users\tobia\.platformio\packages\framework-arduinoasrmicro650x\cores\asr650x\projects\CubeCellLib.a(ASR_Arduino.o) (PWM2_Stop)
.pio\build\cubecell_gps\libFrameworkArduino.a(Print.cpp.o)
                              .pio\build\cubecell_gps\libb27\libLoRa.a(LoRaWan_APP.cpp.o) (Print::write(unsigned char const*, unsigned int))
.pio\build\cubecell_gps\libFrameworkArduino.a(Stream.cpp.o)
                              .pio\build\cubecell_gps\libFrameworkArduino.a(HardwareSerial.cpp.o) (Stream::readBytes(char*, unsigned int))
.pio\build\cubecell_gps\libFrameworkArduino.a(WString.cpp.o)
                              .pio\build\cubecell_gps\libbcc\libOnBoardGPS_Air530.a(GPS_Air530.cpp.o) (String::~String())
.pio\build\cubecell_gps\libFrameworkArduino.a(irq.c.o)
[...]
Memory Configuration

Name             Origin             Length             Attributes
rom              0x0000000000000000 0x0000000000020000 xr
ram              0x0000000020000000 0x0000000000004000 xrw
*default*        0x0000000000000000 0xffffffffffffffff

Linker script and memory map

LOAD c:/users/tobia/.platformio/packages/toolchain-gccarmnoneeabi/bin/../lib/gcc/arm-none-eabi/9.2.1/thumb/v6-m/nofp/crti.o
LOAD c:/users/tobia/.platformio/packages/toolchain-gccarmnoneeabi/bin/../lib/gcc/arm-none-eabi/9.2.1/thumb/v6-m/nofp/crtbegin.o
LOAD c:/users/tobia/.platformio/packages/toolchain-gccarmnoneeabi/bin/../lib/gcc/arm-none-eabi/9.2.1/../../../../arm-none-eabi/lib/thumb/v6-m/nofp/crt0.o
LOAD .pio\build\cubecell_gps\src\cayenne_lpp.c.o
LOAD .pio\build\cubecell_gps\src\main.cpp.o
START GROUP
LOAD C:\Users\tobia\.platformio\packages\framework-arduinoasrmicro650x\cores\asr650x\projects\CubeCellLib.a
LOAD .pio\build\cubecell_gps\libb84\libAdafruit Unified Sensor.a
LOAD .pio\build\cubecell_gps\lib0f9\libAdafruit BME280 Library.a
LOAD .pio\build\cubecell_gps\lib426\libRGB.a
LOAD .pio\build\cubecell_gps\lib9c3\libOLED.a
LOAD .pio\build\cubecell_gps\libb27\libLoRa.a
LOAD .pio\build\cubecell_gps\libbcc\libOnBoardGPS_Air530.a
LOAD .pio\build\cubecell_gps\libFrameworkArduinoVariant.a
LOAD .pio\build\cubecell_gps\libFrameworkArduino.a
LOAD c:/users/tobia/.platformio/packages/toolchain-gccarmnoneeabi/bin/../lib/gcc/arm-none-eabi/9.2.1/../../../../arm-none-eabi/lib/thumb/v6-m/nofp\libstdc++_nano.a
END GROUP
LOAD c:/users/tobia/.platformio/packages/toolchain-gccarmnoneeabi/bin/../lib/gcc/arm-none-eabi/9.2.1/../../../../arm-none-eabi/lib/thumb/v6-m/nofp\libstdc++_nano.a
LOAD c:/users/tobia/.platformio/packages/toolchain-gccarmnoneeabi/bin/../lib/gcc/arm-none-eabi/9.2.1/../../../../arm-none-eabi/lib/thumb/v6-m/nofp\libm.a
START GROUP
LOAD c:/users/tobia/.platformio/packages/toolchain-gccarmnoneeabi/bin/../lib/gcc/arm-none-eabi/9.2.1/thumb/v6-m/nofp\libgcc.a
LOAD c:/users/tobia/.platformio/packages/toolchain-gccarmnoneeabi/bin/../lib/gcc/arm-none-eabi/9.2.1/../../../../arm-none-eabi/lib/thumb/v6-m/nofp\libc_nano.a
END GROUP
START GROUP
LOAD c:/users/tobia/.platformio/packages/toolchain-gccarmnoneeabi/bin/../lib/gcc/arm-none-eabi/9.2.1/thumb/v6-m/nofp\libgcc.a
LOAD c:/users/tobia/.platformio/packages/toolchain-gccarmnoneeabi/bin/../lib/gcc/arm-none-eabi/9.2.1/../../../../arm-none-eabi/lib/thumb/v6-m/nofp\libc_nano.a
END GROUP
LOAD c:/users/tobia/.platformio/packages/toolchain-gccarmnoneeabi/bin/../lib/gcc/arm-none-eabi/9.2.1/thumb/v6-m/nofp/crtend.o
LOAD c:/users/tobia/.platformio/packages/toolchain-gccarmnoneeabi/bin/../lib/gcc/arm-none-eabi/9.2.1/thumb/v6-m/nofp/crtn.o
START GROUP
LOAD c:/users/tobia/.platformio/packages/toolchain-gccarmnoneeabi/bin/../lib/gcc/arm-none-eabi/9.2.1/thumb/v6-m/nofp\libgcc.a
LOAD c:/users/tobia/.platformio/packages/toolchain-gccarmnoneeabi/bin/../lib/gcc/arm-none-eabi/9.2.1/../../../../arm-none-eabi/lib/thumb/v6-m/nofp\libc.a
LOAD c:/users/tobia/.platformio/packages/toolchain-gccarmnoneeabi/bin/../lib/gcc/arm-none-eabi/9.2.1/../../../../arm-none-eabi/lib/thumb/v6-m/nofp\libnosys.a
END GROUP
                0x0000000000000000                CY_APPL_ORIGIN = 0x0
                0x0000000000000100                CY_FLASH_ROW_SIZE = 0x100
                0x0000000000000001                CY_APPL_NUM = 0x1
                0x0000000000000001                CY_APPL_MAX = 0x1
                0x0000000000000040                CY_METADATA_SIZE = 0x40
                0x0000000000000001                CY_APPL_LOADABLE = 0x1
                0x0000000000000000                CY_CHECKSUM_EXCLUDE_SIZE = ALIGN (0x0, CY_FLASH_ROW_SIZE)
                0x0000000000000000                CY_APP_FOR_STACK_AND_COPIER = 0x0
                [!provide]                        PROVIDE (__cy_heap_start = _end)
                0x0000000000000001                PROVIDE (__cy_region_num = ((__cy_regions_end - __cy_regions) / 0x10))
                0x0000000020004000                PROVIDE (__cy_stack = (ORIGIN (ram) + LENGTH (ram)))
                [!provide]                        PROVIDE (__cy_heap_end = (__cy_stack - 0x800))

.cybootloader   0x0000000000000000     0x2200
 *(.cybootloader)
 .cybootloader  0x0000000000000000     0x2200 .pio\build\cubecell_gps\libFrameworkArduino.a(cybootloader.c.o)
                0x0000000000000000                cy_bootloader
                0x0000000000002200                appl1_start = CY_APPL_ORIGIN?CY_APPL_ORIGIN:ALIGN (CY_FLASH_ROW_SIZE)
                0x0000000000011000                appl2_start = (appl1_start + ALIGN ((((LENGTH (rom) - appl1_start) - (0x2 * CY_FLASH_ROW_SIZE)) / 0x2), CY_FLASH_ROW_SIZE))
                0x0000000000002200                appl_start = (CY_APPL_NUM == 0x1)?appl1_start:appl2_start
                0x0000000000000000                cy_project_type_bootloader = (appl_start == 0x0)?0x1:0x0
                0x0000000000000000                cy_project_type_app_for_stack_and_copier = (CY_APP_FOR_STACK_AND_COPIER == 0x1)?0x1:0x0

.text           0x0000000000002200    0x115c8
 CREATE_OBJECT_SYMBOLS
                0x0000000000002200                PROVIDE (__cy_interrupt_vector = RomVectors)
 *(.romvectors)
 .romvectors    0x0000000000002200       0x10 .pio\build\cubecell_gps\libFrameworkArduino.a(Cm0plusStart.c.o)
                0x0000000000002200                RomVectors
                0x0000000000000001                ASSERT ((. != __cy_interrupt_vector), No interrupt vector)
                0x0000000000000001                ASSERT (CY_APPL_ORIGIN?(SIZEOF (.cybootloader) <= CY_APPL_ORIGIN):0x1, Wrong image location)
                0x0000000000002210                PROVIDE (__cy_reset = Reset)
 *(.text.Reset)
 .text.Reset    0x0000000000002210       0x18 .pio\build\cubecell_gps\libFrameworkArduino.a(Cm0plusStart.c.o)
                0x0000000000002210                Reset
                0x0000000000000001                ASSERT ((. != __cy_reset), No reset code)
 *(.psocinit)
 .psocinit      0x0000000000002228      0x1b4 C:\Users\tobia\.platformio\packages\framework-arduinoasrmicro650x\cores\asr650x\projects\CubeCellLib.a(cyfitter_cfg.o)
                0x0000000000002228                cyfitter_cfg
                0x00000000000023dc                . = MAX (., 0x100)
 *(.text .text.* .gnu.linkonce.t.*)
 .text.__do_global_dtors_aux
                0x00000000000023dc       0x28 c:/users/tobia/.platformio/packages/toolchain-gccarmnoneeabi/bin/../lib/gcc/arm-none-eabi/9.2.1/thumb/v6-m/nofp/crtbegin.o
 .text.frame_dummy
                0x0000000000002404       0x20 c:/users/tobia/.platformio/packages/toolchain-gccarmnoneeabi/bin/../lib/gcc/arm-none-eabi/9.2.1/thumb/v6-m/nofp/crtbegin.o
 .text.cayenne_lpp_reset
                0x0000000000002424       0x14 .pio\build\cubecell_gps\src\cayenne_lpp.c.o
                0x0000000000002424                cayenne_lpp_reset
 .text.cayenne_lpp_add_gps
                0x0000000000002438       0xc4 .pio\build\cubecell_gps\src\cayenne_lpp.c.o
                0x0000000000002438                cayenne_lpp_add_gps
 .text._Z7OnSleepv
                0x00000000000024fc       0x3c .pio\build\cubecell_gps\src\main.cpp.o
                0x00000000000024fc                OnSleep()
 .text._Z8OnWakeupv
                0x0000000000002538       0x3c .pio\build\cubecell_gps\src\main.cpp.o
                0x0000000000002538                OnWakeup()
 .text._Z14displayGpsInfov
                0x0000000000002574      0x21c .pio\build\cubecell_gps\src\main.cpp.o
                0x0000000000002574                displayGpsInfo()
 .text._Z7readGPSv
                0x0000000000002790       0xcc .pio\build\cubecell_gps\src\main.cpp.o
                0x0000000000002790                readGPS()
 .text._Z5setupv
                0x000000000000285c       0x90 .pio\build\cubecell_gps\src\main.cpp.o
                0x000000000000285c                setup()
 .text._Z4loopv
                0x00000000000028ec      0x174 .pio\build\cubecell_gps\src\main.cpp.o
                0x00000000000028ec                loop()
 .text.startup._GLOBAL__sub_I_devEui
                0x0000000000002a60       0x24 .pio\build\cubecell_gps\src\main.cpp.o
 .text.TimeStampsUpdate
                0x0000000000002a84       0x38 C:\Users\tobia\.platformio\packages\framework-arduinoasrmicro650x\cores\asr650x\projects\CubeCellLib.a(timeServer.o)
 .text.TimerSetTimeout
                0x0000000000002abc       0x10 C:\Users\tobia\.platformio\packages\framework-arduinoasrmicro650x\cores\asr650x\projects\CubeCellLib.a(timeServer.o)
 .text.TimerInsertNewHeadTimer
                0x0000000000002acc       0x1c C:\Users\tobia\.platformio\packages\framework-arduinoasrmicro650x\cores\asr650x\projects\CubeCellLib.a(timeServer.o)
 .text.TimerSetSysTime
                0x0000000000002ae8       0x10 C:\Users\tobia\.platformio\packages\framework-arduinoasrmicro650x\cores\asr650x\projects\CubeCellLib.a(timeServer.o)
                0x0000000000002ae8                TimerSetSysTime
 .text.TimerGetSysTime
                0x0000000000002af8       0x28 C:\Users\tobia\.platformio\packages\framework-arduinoasrmicro650x\cores\asr650x\projects\CubeCellLib.a(timeServer.o)
                0x0000000000002af8                TimerGetSysTime
 .text.TimerInit
                0x0000000000002b20        0xe C:\Users\tobia\.platformio\packages\framework-arduinoasrmicro650x\cores\asr650x\projects\CubeCellLib.a(timeServer.o)
                0x0000000000002b20                TimerInit
 *fill*         0x0000000000002b2e        0x2 
 .text.TimerStart
                0x0000000000002b30       0x88 C:\Users\tobia\.platformio\packages\framework-arduinoasrmicro650x\cores\asr650x\projects\CubeCellLib.a(timeServer.o)
                0x0000000000002b30                TimerStart
 .text.TimerIrqHandler
                0x0000000000002bb8       0x70 C:\Users\tobia\.platformio\packages\framework-arduinoasrmicro650x\cores\asr650x\projects\CubeCellLib.a(timeServer.o)
                0x0000000000002bb8                TimerIrqHandler
 .text.TimerStop
                0x0000000000002c28       0x68 C:\Users\tobia\.platformio\packages\framework-arduinoasrmicro650x\cores\asr650x\projects\CubeCellLib.a(timeServer.o)
                0x0000000000002c28                TimerStop
 .text.TimerSetValue
                0x0000000000002c90       0x1c C:\Users\tobia\.platformio\packages\framework-arduinoasrmicro650x\cores\asr650x\projects\CubeCellLib.a(timeServer.o)
                0x0000000000002c90                TimerSetValue
 .text.TimerGetCurrentTime
                0x0000000000002cac       0x10 C:\Users\tobia\.platformio\packages\framework-arduinoasrmicro650x\cores\asr650x\projects\CubeCellLib.a(timeServer.o)
                0x0000000000002cac                TimerGetCurrentTime
 .text.TimerGetElapsedTime
                0x0000000000002cbc       0x10 C:\Users\tobia\.platformio\packages\framework-arduinoasrmicro650x\cores\asr650x\projects\CubeCellLib.a(timeServer.o)
                0x0000000000002cbc                TimerGetElapsedTime
 .text.get_timer_context
                0x0000000000002ccc        0xc C:\Users\tobia\.platformio\packages\framework-arduinoasrmicro650x\cores\asr650x\projects\CubeCellLib.a(lorawan_port.o)
 .text.set_timer_val
                0x0000000000002cd8        0xc C:\Users\tobia\.platformio\packages\framework-arduinoasrmicro650x\cores\asr650x\projects\CubeCellLib.a(lorawan_port.o)
 .text.radio_rw_dis
                0x0000000000002ce4        0x2 C:\Users\tobia\.platformio\packages\framework-arduinoasrmicro650x\cores\asr650x\projects\CubeCellLib.a(lorawan_port.o)
 .text.radio_rw
                0x0000000000002ce6        0x4 C:\Users\tobia\.platformio\packages\framework-arduinoasrmicro650x\cores\asr650x\projects\CubeCellLib.a(lorawan_port.o)
 *fill*         0x0000000000002cea        0x2 
 .text.RTC_Update_ASR
                0x0000000000002cec       0x28 C:\Users\tobia\.platformio\packages\framework-arduinoasrmicro650x\cores\asr650x\projects\CubeCellLib.a(lorawan_port.o)
                0x0000000000002cec                RTC_Update_ASR
 .text.get_current_time
                0x0000000000002d14       0x54 C:\Users\tobia\.platformio\packages\framework-arduinoasrmicro650x\cores\asr650x\projects\CubeCellLib.a(lorawan_port.o)
                0x0000000000002d14                get_current_time
 .text.get_sys_time
                0x0000000000002d68       0x28 C:\Users\tobia\.platformio\packages\framework-arduinoasrmicro650x\cores\asr650x\projects\CubeCellLib.a(lorawan_port.o)
                0x0000000000002d68                get_sys_time
 .text.set_sys_time
                0x0000000000002d90       0x44 C:\Users\tobia\.platformio\packages\framework-arduinoasrmicro650x\cores\asr650x\projects\CubeCellLib.a(lorawan_port.o)
                0x0000000000002d90                set_sys_time
 .text.compute_elapsed_time
                0x0000000000002dd4       0x10 C:\Users\tobia\.platformio\packages\framework-arduinoasrmicro650x\cores\asr650x\projects\CubeCellLib.a(lorawan_port.o)
 .text.get_timer_elapsed_time
                0x0000000000002de4       0x14 C:\Users\tobia\.platformio\packages\framework-arduinoasrmicro650x\cores\asr650x\projects\CubeCellLib.a(lorawan_port.o)
 .text.set_timer_context
                0x0000000000002df8       0x14 C:\Users\tobia\.platformio\packages\framework-arduinoasrmicro650x\cores\asr650x\projects\CubeCellLib.a(lorawan_port.o)
 .text.enter_sleep_mode
                0x0000000000002e0c        0x8 C:\Users\tobia\.platformio\packages\framework-arduinoasrmicro650x\cores\asr650x\projects\CubeCellLib.a(lorawan_port.o)
 .text.set_alarm
                0x0000000000002e14       0x20 C:\Users\tobia\.platformio\packages\framework-arduinoasrmicro650x\cores\asr650x\projects\CubeCellLib.a(lorawan_port.o)
 .text.set_timeout
                0x0000000000002e34       0x2e C:\Users\tobia\.platformio\packages\framework-arduinoasrmicro650x\cores\asr650x\projects\CubeCellLib.a(lorawan_port.o)
 .text.AlarmBackHandler
                0x0000000000002e62        0x8 C:\Users\tobia\.platformio\packages\framework-arduinoasrmicro650x\cores\asr650x\projects\CubeCellLib.a(lorawan_port.o)
 .text.stop_alarm
                0x0000000000002e6a        0x8 C:\Users\tobia\.platformio\packages\framework-arduinoasrmicro650x\cores\asr650x\projects\CubeCellLib.a(lorawan_port.o)
 .text.delay_ms
                0x0000000000002e72        0x8 C:\Users\tobia\.platformio\packages\framework-arduinoasrmicro650x\cores\asr650x\projects\CubeCellLib.a(lorawan_port.o)
 .text.get_mft_baud
                0x0000000000002e7a        0x8 C:\Users\tobia\.platformio\packages\framework-arduinoasrmicro650x\cores\asr650x\projects\CubeCellLib.a(lorawan_port.o)
 .text.set_mft_baud
                0x0000000000002e82        0x8 C:\Users\tobia\.platformio\packages\framework-arduinoasrmicro650x\cores\asr650x\projects\CubeCellLib.a(lorawan_port.o)
 .text.get_mft_sn
                0x0000000000002e8a        0x8 C:\Users\tobia\.platformio\packages\framework-arduinoasrmicro650x\cores\asr650x\projects\CubeCellLib.a(lorawan_port.o)
 .text.get_mft_rev
                0x0000000000002e92        0x8 C:\Users\tobia\.platformio\packages\framework-arduinoasrmicro650x\cores\asr650x\projects\CubeCellLib.a(lorawan_port.o)
 .text.get_mft_model
                0x0000000000002e9a        0x8 C:\Users\tobia\.platformio\packages\framework-arduinoasrmicro650x\cores\asr650x\projects\CubeCellLib.a(lorawan_port.o)
 .text.get_mft_id
                0x0000000000002ea2        0x8 C:\Users\tobia\.platformio\packages\framework-arduinoasrmicro650x\cores\asr650x\projects\CubeCellLib.a(lorawan_port.o)
 .text.radio_rw_en
                0x0000000000002eaa        0x2 C:\Users\tobia\.platformio\packages\framework-arduinoasrmicro650x\cores\asr650x\projects\CubeCellLib.a(lorawan_port.o)
 .text.exit_stop_mode
                0x0000000000002eac        0x2 C:\Users\tobia\.platformio\packages\framework-arduinoasrmicro650x\cores\asr650x\projects\CubeCellLib.a(lorawan_port.o)
 .text.set_uc_wakeup_time
                0x0000000000002eae        0x2 C:\Users\tobia\.platformio\packages\framework-arduinoasrmicro650x\cores\asr650x\projects\CubeCellLib.a(lorawan_port.o)
 .text.radio_reset
                0x0000000000002eb0        0x2 C:\Users\tobia\.platformio\packages\framework-arduinoasrmicro650x\cores\asr650x\projects\CubeCellLib.a(lorawan_port.o)
 .text.radio_reset_cfg_input
                0x0000000000002eb2        0x2 C:\Users\tobia\.platformio\packages\framework-arduinoasrmicro650x\cores\asr650x\projects\CubeCellLib.a(lorawan_port.o)
 .text.BackupGpioDriveMode
                0x0000000000002eb4      0x114 C:\Users\tobia\.platformio\packages\framework-arduinoasrmicro650x\cores\asr650x\projects\CubeCellLib.a(lorawan_port.o)
                0x0000000000002eb4                BackupGpioDriveMode
 .text.RestoreGpioDriveMode
                0x0000000000002fc8      0x118 C:\Users\tobia\.platformio\packages\framework-arduinoasrmicro650x\cores\asr650x\projects\CubeCellLib.a(lorawan_port.o)
                0x0000000000002fc8                RestoreGpioDriveMode
 .text.SetPinHIZ
                0x00000000000030e0       0x2e C:\Users\tobia\.platformio\packages\framework-arduinoasrmicro650x\cores\asr650x\projects\CubeCellLib.a(lorawan_port.o)
                0x00000000000030e0                SetPinHIZ
 .text.UartDeepsleep
                0x000000000000310e       0x28 C:\Users\tobia\.platformio\packages\framework-arduinoasrmicro650x\cores\asr650x\projects\CubeCellLib.a(lorawan_port.o)
                0x000000000000310e                UartDeepsleep
 *fill*         0x0000000000003136        0x2 
 .text.enter_stop_mode
                0x0000000000003138       0x3c C:\Users\tobia\.platformio\packages\framework-arduinoasrmicro650x\cores\asr650x\projects\CubeCellLib.a(lorawan_port.o)
 .text.RtcInit  0x0000000000003174       0x3c C:\Users\tobia\.platformio\packages\framework-arduinoasrmicro650x\cores\asr650x\projects\CubeCellLib.a(lorawan_port.o)
                0x0000000000003174                RtcInit
 .text.Asr_Timer_RegisterAlarmCallback
                0x00000000000031b0       0x10 C:\Users\tobia\.platformio\packages\framework-arduinoasrmicro650x\cores\asr650x\projects\CubeCellLib.a(asr_timer.o)
                0x00000000000031b0                Asr_Timer_RegisterAlarmCallback
 .text.Asr_SetTimeout
                0x00000000000031c0       0xc4 C:\Users\tobia\.platformio\packages\framework-arduinoasrmicro650x\cores\asr650x\projects\CubeCellLib.a(asr_timer.o)
                0x00000000000031c0                Asr_SetTimeout
 .text.Asr_Timer_Init
                0x0000000000003284       0x68 C:\Users\tobia\.platformio\packages\framework-arduinoasrmicro650x\cores\asr650x\projects\CubeCellLib.a(asr_timer.o)
                0x0000000000003284                Asr_Timer_Init
 .text.Asr_Timer_Disable
                0x00000000000032ec       0x18 C:\Users\tobia\.platformio\packages\framework-arduinoasrmicro650x\cores\asr650x\projects\CubeCellLib.a(asr_timer.o)
                0x00000000000032ec                Asr_Timer_Disable
 .text.Timer0IsrCallback
                0x0000000000003304       0x1c C:\Users\tobia\.platformio\packages\framework-arduinoasrmicro650x\cores\asr650x\projects\CubeCellLib.a(asr_timer.o)
                0x0000000000003304                Timer0IsrCallback
 .text.Timer1IsrCallback
                0x0000000000003320       0x28 C:\Users\tobia\.platformio\packages\framework-arduinoasrmicro650x\cores\asr650x\projects\CubeCellLib.a(asr_timer.o)
                0x0000000000003320                Timer1IsrCallback
 .text.globalGpioIsrEntry
                0x0000000000003348       0x58 C:\Users\tobia\.platformio\packages\framework-arduinoasrmicro650x\cores\asr650x\projects\CubeCellLib.a(ASR_Arduino.o)
                0x0000000000003348                globalGpioIsrEntry
 .text.getID    0x00000000000033a0       0x18 C:\Users\tobia\.platformio\packages\framework-arduinoasrmicro650x\cores\asr650x\projects\CubeCellLib.a(ASR_Arduino.o)
                0x00000000000033a0                getID
 .text.license_check
                0x00000000000033b8      0x268 C:\Users\tobia\.platformio\packages\framework-arduinoasrmicro650x\cores\asr650x\projects\CubeCellLib.a(ASR_Arduino.o)
                0x00000000000033b8                license_check
 .text.pinMode  0x0000000000003620       0x6c C:\Users\tobia\.platformio\packages\framework-arduinoasrmicro650x\cores\asr650x\projects\CubeCellLib.a(ASR_Arduino.o)
                0x0000000000003620                pinMode
 .text.digitalWrite
                0x000000000000368c       0x68 C:\Users\tobia\.platformio\packages\framework-arduinoasrmicro650x\cores\asr650x\projects\CubeCellLib.a(ASR_Arduino.o)
                0x000000000000368c                digitalWrite
 .text.digitalRead
                0x00000000000036f4       0x20 C:\Users\tobia\.platformio\packages\framework-arduinoasrmicro650x\cores\asr650x\projects\CubeCellLib.a(ASR_Arduino.o)
                0x00000000000036f4                digitalRead
 .text.ClearPinInterrupt
                0x0000000000003714       0x1c C:\Users\tobia\.platformio\packages\framework-arduinoasrmicro650x\cores\asr650x\projects\CubeCellLib.a(ASR_Arduino.o)
                0x0000000000003714                ClearPinInterrupt
 .text.attachInterrupt
                0x0000000000003730       0x7c C:\Users\tobia\.platformio\packages\framework-arduinoasrmicro650x\cores\asr650x\projects\CubeCellLib.a(ASR_Arduino.o)
                0x0000000000003730                attachInterrupt
 .text.detachInterrupt
                0x00000000000037ac       0x6c C:\Users\tobia\.platformio\packages\framework-arduinoasrmicro650x\cores\asr650x\projects\CubeCellLib.a(ASR_Arduino.o)
                0x00000000000037ac                detachInterrupt
 .text.analogRead
                0x0000000000003818       0x70 C:\Users\tobia\.platformio\packages\framework-arduinoasrmicro650x\cores\asr650x\projects\CubeCellLib.a(ASR_Arduino.o)
                0x0000000000003818                analogRead
 .text.delay    0x0000000000003888        0x8 C:\Users\tobia\.platformio\packages\framework-arduinoasrmicro650x\cores\asr650x\projects\CubeCellLib.a(ASR_Arduino.o)
                0x0000000000003888                delay
 .text.millis   0x0000000000003890        0xc C:\Users\tobia\.platformio\packages\framework-arduinoasrmicro650x\cores\asr650x\projects\CubeCellLib.a(ASR_Arduino.o)
                0x0000000000003890                millis
 .text.SPI_BUSY_SetDriveMode
                0x000000000000389c        0x2 C:\Users\tobia\.platformio\packages\framework-arduinoasrmicro650x\cores\asr650x\projects\CubeCellLib.a(ASR_Arduino.o)
                0x000000000000389c                SPI_BUSY_SetDriveMode
 .text.SPI_NRESET_SetDriveMode
                0x000000000000389e        0x2 C:\Users\tobia\.platformio\packages\framework-arduinoasrmicro650x\cores\asr650x\projects\CubeCellLib.a(ASR_Arduino.o)
                0x000000000000389e                SPI_NRESET_SetDriveMode
 .text.antpow_SetDriveMode
                0x00000000000038a0        0x2 C:\Users\tobia\.platformio\packages\framework-arduinoasrmicro650x\cores\asr650x\projects\CubeCellLib.a(ASR_Arduino.o)
                0x00000000000038a0                antpow_SetDriveMode
 .text.SPI_1_miso_m_SetDriveMode
                0x00000000000038a2        0x2 C:\Users\tobia\.platformio\packages\framework-arduinoasrmicro650x\cores\asr650x\projects\CubeCellLib.a(ASR_Arduino.o)
                0x00000000000038a2                SPI_1_miso_m_SetDriveMode
 .text.SPI_1_mosi_m_SetDriveMode
                0x00000000000038a4        0x2 C:\Users\tobia\.platformio\packages\framework-arduinoasrmicro650x\cores\asr650x\projects\CubeCellLib.a(ASR_Arduino.o)
                0x00000000000038a4                SPI_1_mosi_m_SetDriveMode
 .text.SPI_1_sclk_m_SetDriveMode
                0x00000000000038a6        0x2 C:\Users\tobia\.platformio\packages\framework-arduinoasrmicro650x\cores\asr650x\projects\CubeCellLib.a(ASR_Arduino.o)
                0x00000000000038a6                SPI_1_sclk_m_SetDriveMode
 .text.systemTimer
                0x00000000000038a8       0x10 C:\Users\tobia\.platformio\packages\framework-arduinoasrmicro650x\cores\asr650x\projects\CubeCellLib.a(cyfitter_cfg.o)
                0x00000000000038a8                systemTimer
 .text.SetAnalogRoutingPumps
                0x00000000000038b8       0x1c C:\Users\tobia\.platformio\packages\framework-arduinoasrmicro650x\cores\asr650x\projects\CubeCellLib.a(cyfitter_cfg.o)
                0x00000000000038b8                SetAnalogRoutingPumps
 .text._ZN15Adafruit_BME280C2Ev
                0x00000000000038d4       0x12 .pio\build\cubecell_gps\lib0f9\libAdafruit BME280 Library.a(Adafruit_BME280.cpp.o)
                0x00000000000038d4                Adafruit_BME280::Adafruit_BME280()
                0x00000000000038d4                Adafruit_BME280::Adafruit_BME280()
 .text._ZN15Adafruit_BME280D2Ev
                0x00000000000038e6       0x2c .pio\build\cubecell_gps\lib0f9\libAdafruit BME280 Library.a(Adafruit_BME280.cpp.o)
                0x00000000000038e6                Adafruit_BME280::~Adafruit_BME280()
                0x00000000000038e6                Adafruit_BME280::~Adafruit_BME280()
 .text._ZN11SSD1306Wire15getBufferOffsetEv
                0x0000000000003912        0x4 .pio\build\cubecell_gps\libb27\libLoRa.a(LoRaWan_APP.cpp.o)
                0x0000000000003912                SSD1306Wire::getBufferOffset()
 *fill*         0x0000000000003916        0x2 
 .text._ZN11SSD1306Wire11sendCommandEh
                0x0000000000003918       0x34 .pio\build\cubecell_gps\libb27\libLoRa.a(LoRaWan_APP.cpp.o)
                0x0000000000003918                SSD1306Wire::sendCommand(unsigned char)
 .text._ZL11McpsConfirmP12sMcpsConfirm
                0x000000000000394c        0xc .pio\build\cubecell_gps\libb27\libLoRa.a(LoRaWan_APP.cpp.o)
 .text._ZN11SSD1306Wire7connectEv
                0x0000000000003958       0x18 .pio\build\cubecell_gps\libb27\libLoRa.a(LoRaWan_APP.cpp.o)
                0x0000000000003958                SSD1306Wire::connect()
 .text._ZN11SSD1306WireD2Ev
                0x0000000000003970       0x14 .pio\build\cubecell_gps\libb27\libLoRa.a(LoRaWan_APP.cpp.o)
                0x0000000000003970                SSD1306Wire::~SSD1306Wire()
                0x0000000000003970                SSD1306Wire::~SSD1306Wire()
 .text._ZN11SSD1306WireD0Ev
                0x0000000000003984       0x14 .pio\build\cubecell_gps\libb27\libLoRa.a(LoRaWan_APP.cpp.o)
                0x0000000000003984                SSD1306Wire::~SSD1306Wire()
 .text._ZL24OnTxNextPacketTimerEventv
                0x0000000000003998       0x68 .pio\build\cubecell_gps\libb27\libLoRa.a(LoRaWan_APP.cpp.o)
 .text._ZL14MlmeIndicationP15sMlmeIndication
                0x0000000000003a00        0xe .pio\build\cubecell_gps\libb27\libLoRa.a(LoRaWan_APP.cpp.o)
 *fill*         0x0000000000003a0e        0x2 
 .text._ZN11SSD1306Wire18initI2cIfNeccesaryEv
                0x0000000000003a10       0x20 .pio\build\cubecell_gps\libb27\libLoRa.a(LoRaWan_APP.cpp.o)
                0x0000000000003a10                SSD1306Wire::initI2cIfNeccesary()
 .text.getBatteryVoltage
                0x0000000000003a30       0x28 .pio\build\cubecell_gps\libb27\libLoRa.a(LoRaWan_APP.cpp.o)
                0x0000000000003a30                getBatteryVoltage
 .text.BoardGetBatteryLevel
                0x0000000000003a58       0x7c .pio\build\cubecell_gps\libb27\libLoRa.a(LoRaWan_APP.cpp.o)
                0x0000000000003a58                BoardGetBatteryLevel
 .text.downLinkDataHandle
                0x0000000000003ad4       0x5c .pio\build\cubecell_gps\libb27\libLoRa.a(LoRaWan_APP.cpp.o)
                0x0000000000003ad4                downLinkDataHandle
 .text._ZL14McpsIndicationP15sMcpsIndication
                0x0000000000003b30       0x80 .pio\build\cubecell_gps\libb27\libLoRa.a(LoRaWan_APP.cpp.o)
 .text.dev_time_updated
                0x0000000000003bb0       0x10 .pio\build\cubecell_gps\libb27\libLoRa.a(LoRaWan_APP.cpp.o)
                0x0000000000003bb0                dev_time_updated
 .text.lwan_dev_params_update
                0x0000000000003bc0       0xa0 .pio\build\cubecell_gps\libb27\libLoRa.a(LoRaWan_APP.cpp.o)
                0x0000000000003bc0                lwan_dev_params_update
 .text.SendFrame
                0x0000000000003c60       0xa0 .pio\build\cubecell_gps\libb27\libLoRa.a(LoRaWan_APP.cpp.o)
                0x0000000000003c60                SendFrame
 .text._ZN12LoRaWanClass4initE12eDeviceClass16eLoRaMacRegion_t
                0x0000000000003d00      0x144 .pio\build\cubecell_gps\libb27\libLoRa.a(LoRaWan_APP.cpp.o)
                0x0000000000003d00                LoRaWanClass::init(eDeviceClass, eLoRaMacRegion_t)
 .text._ZN12LoRaWanClass4joinEv
                0x0000000000003e44       0xb0 .pio\build\cubecell_gps\libb27\libLoRa.a(LoRaWan_APP.cpp.o)
                0x0000000000003e44                LoRaWanClass::join()
 .text._ZN12LoRaWanClass4sendEv
                0x0000000000003ef4       0x3c .pio\build\cubecell_gps\libb27\libLoRa.a(LoRaWan_APP.cpp.o)
                0x0000000000003ef4                LoRaWanClass::send()
 .text._ZN12LoRaWanClass5cycleEm
                0x0000000000003f30       0x18 .pio\build\cubecell_gps\libb27\libLoRa.a(LoRaWan_APP.cpp.o)
                0x0000000000003f30                LoRaWanClass::cycle(unsigned long)
 .text._ZN12LoRaWanClass5sleepEv
                0x0000000000003f48       0x14 .pio\build\cubecell_gps\libb27\libLoRa.a(LoRaWan_APP.cpp.o)
                0x0000000000003f48                LoRaWanClass::sleep()
 .text._ZN12LoRaWanClass10ifskipjoinEv
                0x0000000000003f5c      0x104 .pio\build\cubecell_gps\libb27\libLoRa.a(LoRaWan_APP.cpp.o)
                0x0000000000003f5c                LoRaWanClass::ifskipjoin()
 .text.startup._GLOBAL__sub_I_display
                0x0000000000004060       0x64 .pio\build\cubecell_gps\libb27\libLoRa.a(LoRaWan_APP.cpp.o)
 .text._ZN11SSD1306Wire7displayEv
                0x00000000000040c4      0x2f4 .pio\build\cubecell_gps\libb27\libLoRa.a(LoRaWan_APP.cpp.o)
                0x00000000000040c4                SSD1306Wire::display()
 .text._ZN12LoRaWanClass13displayJoinedEv
                0x00000000000043b8       0x40 .pio\build\cubecell_gps\libb27\libLoRa.a(LoRaWan_APP.cpp.o)
                0x00000000000043b8                LoRaWanClass::displayJoined()
 .text._ZL11MlmeConfirmP12sMlmeConfirm
                0x00000000000043f8       0x7c .pio\build\cubecell_gps\libb27\libLoRa.a(LoRaWan_APP.cpp.o)
 .text._ZN11TinyGPSPlusC2Ev
                0x0000000000004474       0x64 .pio\build\cubecell_gps\libbcc\libOnBoardGPS_Air530.a(CubeCell_TinyGPS++.cpp.o)
                0x0000000000004474                TinyGPSPlus::TinyGPSPlus()
                0x0000000000004474                TinyGPSPlus::TinyGPSPlus()
 .text._ZN11TinyGPSPlus7fromHexEc
                0x00000000000044d8       0x1e .pio\build\cubecell_gps\libbcc\libOnBoardGPS_Air530.a(CubeCell_TinyGPS++.cpp.o)
                0x00000000000044d8                TinyGPSPlus::fromHex(char)
 .text._ZN11TinyGPSPlus12parseDecimalEPKc
                0x00000000000044f6       0x4a .pio\build\cubecell_gps\libbcc\libOnBoardGPS_Air530.a(CubeCell_TinyGPS++.cpp.o)
                0x00000000000044f6                TinyGPSPlus::parseDecimal(char const*)
 .text._ZN11TinyGPSPlus12parseDegreesEPKcR10RawDegrees
                0x0000000000004540       0x64 .pio\build\cubecell_gps\libbcc\libOnBoardGPS_Air530.a(CubeCell_TinyGPS++.cpp.o)
                0x0000000000004540                TinyGPSPlus::parseDegrees(char const*, RawDegrees&)
 .text._ZN15TinyGPSLocation6commitEv
                0x00000000000045a4       0x2e .pio\build\cubecell_gps\libbcc\libOnBoardGPS_Air530.a(CubeCell_TinyGPS++.cpp.o)
                0x00000000000045a4                TinyGPSLocation::commit()
 *fill*         0x00000000000045d2        0x2 
 .text._ZN15TinyGPSLocation3latEv
                0x00000000000045d4       0x48 .pio\build\cubecell_gps\libbcc\libOnBoardGPS_Air530.a(CubeCell_TinyGPS++.cpp.o)
                0x00000000000045d4                TinyGPSLocation::lat()
 .text._ZN15TinyGPSLocation3lngEv
                0x000000000000461c       0x48 .pio\build\cubecell_gps\libbcc\libOnBoardGPS_Air530.a(CubeCell_TinyGPS++.cpp.o)
                0x000000000000461c                TinyGPSLocation::lng()
 .text._ZN11TinyGPSDate6commitEv
                0x0000000000004664       0x16 .pio\build\cubecell_gps\libbcc\libOnBoardGPS_Air530.a(CubeCell_TinyGPS++.cpp.o)
                0x0000000000004664                TinyGPSDate::commit()
 .text._ZN11TinyGPSTime6commitEv
                0x000000000000467a       0x16 .pio\build\cubecell_gps\libbcc\libOnBoardGPS_Air530.a(CubeCell_TinyGPS++.cpp.o)
                0x000000000000467a                TinyGPSTime::commit()
 .text._ZN11TinyGPSTime7setTimeEPKc
                0x0000000000004690        0xe .pio\build\cubecell_gps\libbcc\libOnBoardGPS_Air530.a(CubeCell_TinyGPS++.cpp.o)
                0x0000000000004690                TinyGPSTime::setTime(char const*)
 .text._ZN11TinyGPSDate7setDateEPKc
                0x000000000000469e        0xe .pio\build\cubecell_gps\libbcc\libOnBoardGPS_Air530.a(CubeCell_TinyGPS++.cpp.o)
                0x000000000000469e                TinyGPSDate::setDate(char const*)
 .text._ZN11TinyGPSDate4yearEv
                0x00000000000046ac       0x18 .pio\build\cubecell_gps\libbcc\libOnBoardGPS_Air530.a(CubeCell_TinyGPS++.cpp.o)
                0x00000000000046ac                TinyGPSDate::year()
 .text._ZN11TinyGPSDate5monthEv
                0x00000000000046c4       0x18 .pio\build\cubecell_gps\libbcc\libOnBoardGPS_Air530.a(CubeCell_TinyGPS++.cpp.o)
                0x00000000000046c4                TinyGPSDate::month()
 .text._ZN11TinyGPSDate3dayEv
                0x00000000000046dc       0x18 .pio\build\cubecell_gps\libbcc\libOnBoardGPS_Air530.a(CubeCell_TinyGPS++.cpp.o)
                0x00000000000046dc                TinyGPSDate::day()
 .text._ZN11TinyGPSTime4hourEv
                0x00000000000046f4       0x18 .pio\build\cubecell_gps\libbcc\libOnBoardGPS_Air530.a(CubeCell_TinyGPS++.cpp.o)
                0x00000000000046f4                TinyGPSTime::hour()
 .text._ZN11TinyGPSTime6minuteEv
                0x000000000000470c       0x1c .pio\build\cubecell_gps\libbcc\libOnBoardGPS_Air530.a(CubeCell_TinyGPS++.cpp.o)
                0x000000000000470c                TinyGPSTime::minute()
 .text._ZN11TinyGPSTime6secondEv
                0x0000000000004728       0x18 .pio\build\cubecell_gps\libbcc\libOnBoardGPS_Air530.a(CubeCell_TinyGPS++.cpp.o)
                0x0000000000004728                TinyGPSTime::second()
 .text._ZN11TinyGPSTime11centisecondEv
                0x0000000000004740       0x12 .pio\build\cubecell_gps\libbcc\libOnBoardGPS_Air530.a(CubeCell_TinyGPS++.cpp.o)
                0x0000000000004740                TinyGPSTime::centisecond()
 .text._ZN14TinyGPSDecimal6commitEv
                0x0000000000004752       0x16 .pio\build\cubecell_gps\libbcc\libOnBoardGPS_Air530.a(CubeCell_TinyGPS++.cpp.o)
                0x0000000000004752                TinyGPSDecimal::commit()
 .text._ZN14TinyGPSDecimal3setEPKc
                0x0000000000004768        0xe .pio\build\cubecell_gps\libbcc\libOnBoardGPS_Air530.a(CubeCell_TinyGPS++.cpp.o)
                0x0000000000004768                TinyGPSDecimal::set(char const*)
 .text._ZN14TinyGPSInteger6commitEv
                0x0000000000004776       0x16 .pio\build\cubecell_gps\libbcc\libOnBoardGPS_Air530.a(CubeCell_TinyGPS++.cpp.o)
                0x0000000000004776                TinyGPSInteger::commit()
 .text._ZN14TinyGPSInteger3setEPKc
                0x000000000000478c        0xe .pio\build\cubecell_gps\libbcc\libOnBoardGPS_Air530.a(CubeCell_TinyGPS++.cpp.o)
                0x000000000000478c                TinyGPSInteger::set(char const*)
 .text._ZN13TinyGPSCustom6commitEv
                0x000000000000479a       0x1a .pio\build\cubecell_gps\libbcc\libOnBoardGPS_Air530.a(CubeCell_TinyGPS++.cpp.o)
                0x000000000000479a                TinyGPSCustom::commit()
 .text._ZN13TinyGPSCustom3setEPKc
                0x00000000000047b4        0xa .pio\build\cubecell_gps\libbcc\libOnBoardGPS_Air530.a(CubeCell_TinyGPS++.cpp.o)
                0x00000000000047b4                TinyGPSCustom::set(char const*)
 *fill*         0x00000000000047be        0x2 
 .text._ZN11TinyGPSPlus16endOfTermHandlerEv
                0x00000000000047c0      0x278 .pio\build\cubecell_gps\libbcc\libOnBoardGPS_Air530.a(CubeCell_TinyGPS++.cpp.o)
                0x00000000000047c0                TinyGPSPlus::endOfTermHandler()
 .text._ZN11TinyGPSPlus6encodeEc
                0x0000000000004a38       0x9e .pio\build\cubecell_gps\libbcc\libOnBoardGPS_Air530.a(CubeCell_TinyGPS++.cpp.o)
                0x0000000000004a38                TinyGPSPlus::encode(char)
 .text._ZN14HardwareSerialD2Ev
                0x0000000000004ad6        0x2 .pio\build\cubecell_gps\libbcc\libOnBoardGPS_Air530.a(GPS_Air530.cpp.o)
                0x0000000000004ad6                HardwareSerial::~HardwareSerial()
                0x0000000000004ad6                HardwareSerial::~HardwareSerial()
 .text._Z11calchecksum6String
                0x0000000000004ad8       0x5c .pio\build\cubecell_gps\libbcc\libOnBoardGPS_Air530.a(GPS_Air530.cpp.o)
                0x0000000000004ad8                calchecksum(String)
 .text._ZN11Air530Class9availableEv
                0x0000000000004b34       0x10 .pio\build\cubecell_gps\libbcc\libOnBoardGPS_Air530.a(GPS_Air530.cpp.o)
                0x0000000000004b34                Air530Class::available()
 .text._ZN11Air530Class4readEv
                0x0000000000004b44       0x10 .pio\build\cubecell_gps\libbcc\libOnBoardGPS_Air530.a(GPS_Air530.cpp.o)
                0x0000000000004b44                Air530Class::read()
 .text._ZN11Air530Class7sendcmdE6String
                0x0000000000004b54       0x34 .pio\build\cubecell_gps\libbcc\libOnBoardGPS_Air530.a(GPS_Air530.cpp.o)
                0x0000000000004b54                Air530Class::sendcmd(String)
 .text._ZN11Air530Class7getNMEAEv
                0x0000000000004b88       0x9c .pio\build\cubecell_gps\libbcc\libOnBoardGPS_Air530.a(GPS_Air530.cpp.o)
                0x0000000000004b88                Air530Class::getNMEA()
 .text._ZN11Air530Class5beginEm
                0x0000000000004c24      0x1f8 .pio\build\cubecell_gps\libbcc\libOnBoardGPS_Air530.a(GPS_Air530.cpp.o)
                0x0000000000004c24                Air530Class::begin(unsigned long)
 .text._ZN14HardwareSerialD0Ev
                0x0000000000004e1c        0xe .pio\build\cubecell_gps\libbcc\libOnBoardGPS_Air530.a(GPS_Air530.cpp.o)
                0x0000000000004e1c                HardwareSerial::~HardwareSerial()
 *fill*         0x0000000000004e2a        0x2 
 .text.startup._GLOBAL__sub_I_GPSSerial
                0x0000000000004e2c       0x38 .pio\build\cubecell_gps\libbcc\libOnBoardGPS_Air530.a(GPS_Air530.cpp.o)
 .text.startup._GLOBAL__sub_I__ZN8SPIClassC2Eaa
                0x0000000000004e64       0x28 .pio\build\cubecell_gps\libFrameworkArduino.a(SPI.cpp.o)
 .text._ZN6Stream9readBytesEPhj
                0x0000000000004e8c        0xa .pio\build\cubecell_gps\libFrameworkArduino.a(HardwareSerial.cpp.o)
                0x0000000000004e8c                Stream::readBytes(unsigned char*, unsigned int)
 .text._ZN14HardwareSerial4peekEv
                0x0000000000004e96        0x4 .pio\build\cubecell_gps\libFrameworkArduino.a(HardwareSerial.cpp.o)
                0x0000000000004e96                HardwareSerial::peek()
 .text._ZN14HardwareSerial9availableEv
                0x0000000000004e9a       0x16 .pio\build\cubecell_gps\libFrameworkArduino.a(HardwareSerial.cpp.o)
                0x0000000000004e9a                HardwareSerial::available()
 .text._ZN14HardwareSerial4readEv
                0x0000000000004eb0       0x26 .pio\build\cubecell_gps\libFrameworkArduino.a(HardwareSerial.cpp.o)
                0x0000000000004eb0                HardwareSerial::read()
 .text._ZN14HardwareSerial5writeEh
                0x0000000000004ed6       0x1a .pio\build\cubecell_gps\libFrameworkArduino.a(HardwareSerial.cpp.o)
                0x0000000000004ed6                HardwareSerial::write(unsigned char)
 .text._ZN14HardwareSerial5writeEPKhj
                0x0000000000004ef0       0x28 .pio\build\cubecell_gps\libFrameworkArduino.a(HardwareSerial.cpp.o)
                0x0000000000004ef0                HardwareSerial::write(unsigned char const*, unsigned int)
 .text._ZN14HardwareSerial5flushEv
                0x0000000000004f18       0x2c .pio\build\cubecell_gps\libFrameworkArduino.a(HardwareSerial.cpp.o)
                0x0000000000004f18                HardwareSerial::flush()
 .text._ZN14HardwareSerialC2Ea
                0x0000000000004f44       0x1c .pio\build\cubecell_gps\libFrameworkArduino.a(HardwareSerial.cpp.o)
                0x0000000000004f44                HardwareSerial::HardwareSerial(signed char)
                0x0000000000004f44                HardwareSerial::HardwareSerial(signed char)
 .text._ZN14HardwareSerial5beginEmmabm
                0x0000000000004f60      0x124 .pio\build\cubecell_gps\libFrameworkArduino.a(HardwareSerial.cpp.o)
                0x0000000000004f60                HardwareSerial::begin(unsigned long, unsigned long, signed char, bool, unsigned long)
 .text._ZN14HardwareSerial14updateBaudRateEm
                0x0000000000005084       0x5c .pio\build\cubecell_gps\libFrameworkArduino.a(HardwareSerial.cpp.o)
                0x0000000000005084                HardwareSerial::updateBaudRate(unsigned long)
 .text.startup._GLOBAL__sub_I_Serial
                0x00000000000050e0       0x5c .pio\build\cubecell_gps\libFrameworkArduino.a(HardwareSerial.cpp.o)
 .text._ZN7TwoWireD2Ev
                0x000000000000513c        0x2 .pio\build\cubecell_gps\libFrameworkArduino.a(Wire.cpp.o)
                0x000000000000513c                TwoWire::~TwoWire()
                0x000000000000513c                TwoWire::~TwoWire()
 .text._ZN7TwoWire5writeEPKhj
                0x000000000000513e       0x24 .pio\build\cubecell_gps\libFrameworkArduino.a(Wire.cpp.o)
                0x000000000000513e                TwoWire::write(unsigned char const*, unsigned int)
 .text._ZN7TwoWire9availableEv
                0x0000000000005162        0xe .pio\build\cubecell_gps\libFrameworkArduino.a(Wire.cpp.o)
                0x0000000000005162                TwoWire::available()
 .text._ZN7TwoWire4readEv
                0x0000000000005170       0x20 .pio\build\cubecell_gps\libFrameworkArduino.a(Wire.cpp.o)
                0x0000000000005170                TwoWire::read()
 .text._ZN7TwoWire4peekEv
                0x0000000000005190       0x1c .pio\build\cubecell_gps\libFrameworkArduino.a(Wire.cpp.o)
                0x0000000000005190                TwoWire::peek()
 .text._ZN7TwoWireD0Ev
                0x00000000000051ac       0x10 .pio\build\cubecell_gps\libFrameworkArduino.a(Wire.cpp.o)
                0x00000000000051ac                TwoWire::~TwoWire()
 .text._ZN7TwoWire5writeEh
                0x00000000000051bc       0x40 .pio\build\cubecell_gps\libFrameworkArduino.a(Wire.cpp.o)
                0x00000000000051bc                TwoWire::write(unsigned char)
 .text._ZN7TwoWire5flushEv
                0x00000000000051fc       0x78 .pio\build\cubecell_gps\libFrameworkArduino.a(Wire.cpp.o)
                0x00000000000051fc                TwoWire::flush()
 .text._ZN7TwoWireC2Ea
                0x0000000000005274       0x3c .pio\build\cubecell_gps\libFrameworkArduino.a(Wire.cpp.o)
                0x0000000000005274                TwoWire::TwoWire(signed char)
                0x0000000000005274                TwoWire::TwoWire(signed char)
 .text._ZN7TwoWire5beginEma
                0x00000000000052b0       0x6c .pio\build\cubecell_gps\libFrameworkArduino.a(Wire.cpp.o)
                0x00000000000052b0                TwoWire::begin(unsigned long, signed char)
 .text._ZN7TwoWire17writeTransmissionEtPhtb
                0x000000000000531c       0xc0 .pio\build\cubecell_gps\libFrameworkArduino.a(Wire.cpp.o)
                0x000000000000531c                TwoWire::writeTransmission(unsigned short, unsigned char*, unsigned short, bool)
 .text._ZN7TwoWire15endTransmissionEb
                0x00000000000053dc       0x68 .pio\build\cubecell_gps\libFrameworkArduino.a(Wire.cpp.o)
                0x00000000000053dc                TwoWire::endTransmission(bool)
 .text._ZN7TwoWire17beginTransmissionEh
                0x0000000000005444       0x12 .pio\build\cubecell_gps\libFrameworkArduino.a(Wire.cpp.o)
                0x0000000000005444                TwoWire::beginTransmission(unsigned char)
 .text._ZN7TwoWire15endTransmissionEv
                0x0000000000005456        0xa .pio\build\cubecell_gps\libFrameworkArduino.a(Wire.cpp.o)
                0x0000000000005456                TwoWire::endTransmission()
 .text.startup._GLOBAL__sub_I__ZN7TwoWireC2Ea
                0x0000000000005460       0x40 .pio\build\cubecell_gps\libFrameworkArduino.a(Wire.cpp.o)
 .text.SX126xIoInit
                0x00000000000054a0       0x44 .pio\build\cubecell_gps\libFrameworkArduino.a(asr_board.c.o)
                0x00000000000054a0                SX126xIoInit
 .text.SX126xIoIrqInit
                0x00000000000054e4       0x14 .pio\build\cubecell_gps\libFrameworkArduino.a(asr_board.c.o)
                0x00000000000054e4                SX126xIoIrqInit
 .text.SX126xGetBoardTcxoWakeupTime
                0x00000000000054f8        0x4 .pio\build\cubecell_gps\libFrameworkArduino.a(asr_board.c.o)
                0x00000000000054f8                SX126xGetBoardTcxoWakeupTime
 .text.SX126xReset
                0x00000000000054fc       0x50 .pio\build\cubecell_gps\libFrameworkArduino.a(asr_board.c.o)
                0x00000000000054fc                SX126xReset
 .text.SX126xWaitOnBusy
                0x000000000000554c       0x14 .pio\build\cubecell_gps\libFrameworkArduino.a(asr_board.c.o)
                0x000000000000554c                SX126xWaitOnBusy
 .text.SX126xWakeup
                0x0000000000005560       0x38 .pio\build\cubecell_gps\libFrameworkArduino.a(asr_board.c.o)
                0x0000000000005560                SX126xWakeup
 .text.SX126xWriteCommand
                0x0000000000005598       0x50 .pio\build\cubecell_gps\libFrameworkArduino.a(asr_board.c.o)
                0x0000000000005598                SX126xWriteCommand
 .text.SX126xReadCommand
                0x00000000000055e8       0x54 .pio\build\cubecell_gps\libFrameworkArduino.a(asr_board.c.o)
                0x00000000000055e8                SX126xReadCommand
 .text.SX126xWriteRegisters
                0x000000000000563c       0x5c .pio\build\cubecell_gps\libFrameworkArduino.a(asr_board.c.o)
                0x000000000000563c                SX126xWriteRegisters
 .text.SX126xWriteRegister
                0x0000000000005698       0x12 .pio\build\cubecell_gps\libFrameworkArduino.a(asr_board.c.o)
                0x0000000000005698                SX126xWriteRegister
 *fill*         0x00000000000056aa        0x2 
 .text.SX126xReadRegisters
                0x00000000000056ac       0x64 .pio\build\cubecell_gps\libFrameworkArduino.a(asr_board.c.o)
                0x00000000000056ac                SX126xReadRegisters
 .text.SX126xReadRegister
                0x0000000000005710       0x12 .pio\build\cubecell_gps\libFrameworkArduino.a(asr_board.c.o)
                0x0000000000005710                SX126xReadRegister
 *fill*         0x0000000000005722        0x2 
 .text.SX126xWriteBuffer
                0x0000000000005724       0x54 .pio\build\cubecell_gps\libFrameworkArduino.a(asr_board.c.o)
                0x0000000000005724                SX126xWriteBuffer
 .text.SX126xReadBuffer
                0x0000000000005778       0x5c .pio\build\cubecell_gps\libFrameworkArduino.a(asr_board.c.o)
                0x0000000000005778                SX126xReadBuffer
 .text.SX126xSetRfTxPower
                0x00000000000057d4        0xa .pio\build\cubecell_gps\libFrameworkArduino.a(asr_board.c.o)
                0x00000000000057d4                SX126xSetRfTxPower
 .text.SX126xGetPaSelect
                0x00000000000057de        0x4 .pio\build\cubecell_gps\libFrameworkArduino.a(asr_board.c.o)
                0x00000000000057de                SX126xGetPaSelect
 .text.SX126xAntSwOn
                0x00000000000057e2        0x2 .pio\build\cubecell_gps\libFrameworkArduino.a(asr_board.c.o)
                0x00000000000057e2                SX126xAntSwOn
 .text.SX126xAntSwOff
                0x00000000000057e4        0x2 .pio\build\cubecell_gps\libFrameworkArduino.a(asr_board.c.o)
                0x00000000000057e4                SX126xAntSwOff
 .text.BoardDisableIrq
                0x00000000000057e6        0x4 .pio\build\cubecell_gps\libFrameworkArduino.a(asr_board.c.o)
                0x00000000000057e6                BoardDisableIrq
 .text.BoardEnableIrq
                0x00000000000057ea        0x4 .pio\build\cubecell_gps\libFrameworkArduino.a(asr_board.c.o)
                0x00000000000057ea                BoardEnableIrq
 *fill*         0x00000000000057ee        0x2 
 .text.boardInitMcu
                0x00000000000057f0       0x4c .pio\build\cubecell_gps\libFrameworkArduino.a(asr_board.c.o)
                0x00000000000057f0                boardInitMcu
 .text.HW_Get_MFT_ID
                0x000000000000583c        0x8 .pio\build\cubecell_gps\libFrameworkArduino.a(asr_board.c.o)
                0x000000000000583c                HW_Get_MFT_ID
 .text.HW_Get_MFT_Model
                0x0000000000005844        0x8 .pio\build\cubecell_gps\libFrameworkArduino.a(asr_board.c.o)
                0x0000000000005844                HW_Get_MFT_Model
 .text.HW_Get_MFT_Rev
                0x000000000000584c        0x8 .pio\build\cubecell_gps\libFrameworkArduino.a(asr_board.c.o)
                0x000000000000584c                HW_Get_MFT_Rev
 .text.HW_Get_MFT_SN
                0x0000000000005854       0x24 .pio\build\cubecell_gps\libFrameworkArduino.a(asr_board.c.o)
                0x0000000000005854                HW_Get_MFT_SN
 .text.HW_Set_MFT_Baud
                0x0000000000005878       0x64 .pio\build\cubecell_gps\libFrameworkArduino.a(asr_board.c.o)
                0x0000000000005878                HW_Set_MFT_Baud
 .text.HW_Get_MFT_Baud
                0x00000000000058dc        0xc .pio\build\cubecell_gps\libFrameworkArduino.a(asr_board.c.o)
                0x00000000000058dc                HW_Get_MFT_Baud
 .text.GpioInit
                0x00000000000058e8       0x12 .pio\build\cubecell_gps\libFrameworkArduino.a(gpio.c.o)
                0x00000000000058e8                GpioInit
 .text.GpioSetInterrupt
                0x00000000000058fa        0x8 .pio\build\cubecell_gps\libFrameworkArduino.a(gpio.c.o)
                0x00000000000058fa                GpioSetInterrupt
 .text.GpioWrite
                0x0000000000005902        0x8 .pio\build\cubecell_gps\libFrameworkArduino.a(gpio.c.o)
                0x0000000000005902                GpioWrite
 .text.GpioRead
                0x000000000000590a        0x8 .pio\build\cubecell_gps\libFrameworkArduino.a(gpio.c.o)
                0x000000000000590a                GpioRead
 .text.SpiInit  0x0000000000005912        0x8 .pio\build\cubecell_gps\libFrameworkArduino.a(spi-board.c.o)
                0x0000000000005912                SpiInit
 *fill*         0x000000000000591a        0x2 
 .text.SpiInOut
                0x000000000000591c       0x34 .pio\build\cubecell_gps\libFrameworkArduino.a(spi-board.c.o)
                0x000000000000591c                SpiInOut
 .text.ADC_SAR_Seq_Init
                0x0000000000005950       0xd8 .pio\build\cubecell_gps\libFrameworkArduino.a(ADC_SAR_Seq.c.o)
                0x0000000000005950                ADC_SAR_Seq_Init
 .text.ADC_SAR_Seq_Enable
                0x0000000000005a28       0x2c .pio\build\cubecell_gps\libFrameworkArduino.a(ADC_SAR_Seq.c.o)
                0x0000000000005a28                ADC_SAR_Seq_Enable
 .text.ADC_SAR_Seq_Start
                0x0000000000005a54       0x1c .pio\build\cubecell_gps\libFrameworkArduino.a(ADC_SAR_Seq.c.o)
                0x0000000000005a54                ADC_SAR_Seq_Start
 .text.ADC_SAR_Seq_Stop
                0x0000000000005a70       0x10 .pio\build\cubecell_gps\libFrameworkArduino.a(ADC_SAR_Seq.c.o)
                0x0000000000005a70                ADC_SAR_Seq_Stop
 .text.ADC_SAR_Seq_StartConvert
                0x0000000000005a80        0xc .pio\build\cubecell_gps\libFrameworkArduino.a(ADC_SAR_Seq.c.o)
                0x0000000000005a80                ADC_SAR_Seq_StartConvert
 .text.ADC_SAR_Seq_StopConvert
                0x0000000000005a8c        0x2 .pio\build\cubecell_gps\libFrameworkArduino.a(ADC_SAR_Seq.c.o)
                0x0000000000005a8c                ADC_SAR_Seq_StopConvert
 *fill*         0x0000000000005a8e        0x2 
 .text.ADC_SAR_Seq_IsEndConversion
                0x0000000000005a90       0x2c .pio\build\cubecell_gps\libFrameworkArduino.a(ADC_SAR_Seq.c.o)
                0x0000000000005a90                ADC_SAR_Seq_IsEndConversion
 .text.ADC_SAR_Seq_GetResult16
                0x0000000000005abc       0x20 .pio\build\cubecell_gps\libFrameworkArduino.a(ADC_SAR_Seq.c.o)
                0x0000000000005abc                ADC_SAR_Seq_GetResult16
 .text.ADC_SAR_Seq_CountsTo_mVolts
                0x0000000000005adc       0x50 .pio\build\cubecell_gps\libFrameworkArduino.a(ADC_SAR_Seq.c.o)
                0x0000000000005adc                ADC_SAR_Seq_CountsTo_mVolts
 .text.ADC_SAR_Seq_ISR
                0x0000000000005b2c        0xc .pio\build\cubecell_gps\libFrameworkArduino.a(ADC_SAR_Seq_INT.c.o)
                0x0000000000005b2c                ADC_SAR_Seq_ISR
 .text.I2C_1_I2CMasterHandleStatus
                0x0000000000005b38       0x94 .pio\build\cubecell_gps\libFrameworkArduino.a(I2C_1_I2C_MASTER.c.o)
 .text.I2C_1_I2CMasterWaitOneUnit
                0x0000000000005bcc       0x24 .pio\build\cubecell_gps\libFrameworkArduino.a(I2C_1_I2C_MASTER.c.o)
 .text.I2C_1_I2CMasterSendStart
                0x0000000000005bf0       0xbc .pio\build\cubecell_gps\libFrameworkArduino.a(I2C_1_I2C_MASTER.c.o)
                0x0000000000005bf0                I2C_1_I2CMasterSendStart
 .text.I2C_1_I2CMasterSendStop
                0x0000000000005cac       0x54 .pio\build\cubecell_gps\libFrameworkArduino.a(I2C_1_I2C_MASTER.c.o)
                0x0000000000005cac                I2C_1_I2CMasterSendStop
 .text.I2C_1_I2CMasterWriteByte
                0x0000000000005d00       0x44 .pio\build\cubecell_gps\libFrameworkArduino.a(I2C_1_I2C_MASTER.c.o)
                0x0000000000005d00                I2C_1_I2CMasterWriteByte
 .text.I2C_1_I2CMasterClearReadBuf
                0x0000000000005d44       0x24 .pio\build\cubecell_gps\libFrameworkArduino.a(I2C_1_I2C_MASTER.c.o)
                0x0000000000005d44                I2C_1_I2CMasterClearReadBuf
 .text.I2C_1_I2CMasterClearWriteBuf
                0x0000000000005d68       0x24 .pio\build\cubecell_gps\libFrameworkArduino.a(I2C_1_I2C_MASTER.c.o)
                0x0000000000005d68                I2C_1_I2CMasterClearWriteBuf
 .text.I2C_1_I2CMasterClearStatus
                0x0000000000005d8c       0x20 .pio\build\cubecell_gps\libFrameworkArduino.a(I2C_1_I2C_MASTER.c.o)
                0x0000000000005d8c                I2C_1_I2CMasterClearStatus
 .text.I2C_1_I2CReStartGeneration
                0x0000000000005dac       0x24 .pio\build\cubecell_gps\libFrameworkArduino.a(I2C_1_I2C_MASTER.c.o)
                0x0000000000005dac                I2C_1_I2CReStartGeneration
 .text.I2C_1_I2CMasterSendRestart
                0x0000000000005dd0       0x60 .pio\build\cubecell_gps\libFrameworkArduino.a(I2C_1_I2C_MASTER.c.o)
                0x0000000000005dd0                I2C_1_I2CMasterSendRestart
 .text.I2C_I2CMasterHandleStatus
                0x0000000000005e30       0x94 .pio\build\cubecell_gps\libFrameworkArduino.a(I2C_I2C_MASTER.c.o)
 .text.I2C_I2CMasterWaitOneUnit
                0x0000000000005ec4       0x24 .pio\build\cubecell_gps\libFrameworkArduino.a(I2C_I2C_MASTER.c.o)
 .text.I2C_I2CMasterSendStart
                0x0000000000005ee8       0xbc .pio\build\cubecell_gps\libFrameworkArduino.a(I2C_I2C_MASTER.c.o)
                0x0000000000005ee8                I2C_I2CMasterSendStart
 .text.I2C_I2CMasterSendStop
                0x0000000000005fa4       0x54 .pio\build\cubecell_gps\libFrameworkArduino.a(I2C_I2C_MASTER.c.o)
                0x0000000000005fa4                I2C_I2CMasterSendStop
 .text.I2C_I2CMasterWriteByte
                0x0000000000005ff8       0x44 .pio\build\cubecell_gps\libFrameworkArduino.a(I2C_I2C_MASTER.c.o)
                0x0000000000005ff8                I2C_I2CMasterWriteByte
 .text.I2C_I2CMasterClearReadBuf
                0x000000000000603c       0x24 .pio\build\cubecell_gps\libFrameworkArduino.a(I2C_I2C_MASTER.c.o)
                0x000000000000603c                I2C_I2CMasterClearReadBuf
 .text.I2C_I2CMasterClearWriteBuf
                0x0000000000006060       0x24 .pio\build\cubecell_gps\libFrameworkArduino.a(I2C_I2C_MASTER.c.o)
                0x0000000000006060                I2C_I2CMasterClearWriteBuf
 .text.I2C_I2CMasterClearStatus
                0x0000000000006084       0x20 .pio\build\cubecell_gps\libFrameworkArduino.a(I2C_I2C_MASTER.c.o)
                0x0000000000006084                I2C_I2CMasterClearStatus
 .text.I2C_I2CReStartGeneration
                0x00000000000060a4       0x24 .pio\build\cubecell_gps\libFrameworkArduino.a(I2C_I2C_MASTER.c.o)
                0x00000000000060a4                I2C_I2CReStartGeneration
 .text.I2C_I2CMasterSendRestart
                0x00000000000060c8       0x60 .pio\build\cubecell_gps\libFrameworkArduino.a(I2C_I2C_MASTER.c.o)
                0x00000000000060c8                I2C_I2CMasterSendRestart
 .text.PWM1_Stop
                0x0000000000006128       0x34 .pio\build\cubecell_gps\libFrameworkArduino.a(PWM1.c.o)
                0x0000000000006128                PWM1_Stop
 .text.PWM2_Stop
                0x000000000000615c       0x34 .pio\build\cubecell_gps\libFrameworkArduino.a(PWM2.c.o)
                0x000000000000615c                PWM2_Stop
 .text._ZN5Print5writeEPKhj
                0x0000000000006190       0x22 .pio\build\cubecell_gps\libFrameworkArduino.a(Print.cpp.o)
                0x0000000000006190                Print::write(unsigned char const*, unsigned int)
 .text._ZN5Print5writeEPKc
                0x00000000000061b2       0x1c .pio\build\cubecell_gps\libFrameworkArduino.a(Print.cpp.o)
                0x00000000000061b2                Print::write(char const*)
 .text._ZN5Print6printfEPKcz
                0x00000000000061ce       0x5a .pio\build\cubecell_gps\libFrameworkArduino.a(Print.cpp.o)
                0x00000000000061ce                Print::printf(char const*, ...)
 .text._ZN5Print5printERK6String
                0x0000000000006228       0x14 .pio\build\cubecell_gps\libFrameworkArduino.a(Print.cpp.o)
                0x0000000000006228                Print::print(String const&)
 .text._ZN5Print5printEPKc
                0x000000000000623c        0x8 .pio\build\cubecell_gps\libFrameworkArduino.a(Print.cpp.o)
                0x000000000000623c                Print::print(char const*)
 .text._ZN5Print5printEc
                0x0000000000006244        0xa .pio\build\cubecell_gps\libFrameworkArduino.a(Print.cpp.o)
                0x0000000000006244                Print::print(char)
 *fill*         0x000000000000624e        0x2 
 .text._ZN5Print7printlnEv
                0x0000000000006250       0x10 .pio\build\cubecell_gps\libFrameworkArduino.a(Print.cpp.o)
                0x0000000000006250                Print::println()
 .text._ZN5Print7printlnEPKc
                0x0000000000006260       0x14 .pio\build\cubecell_gps\libFrameworkArduino.a(Print.cpp.o)
                0x0000000000006260                Print::println(char const*)
 .text._ZN5Print11printNumberEmh
                0x0000000000006274       0x4e .pio\build\cubecell_gps\libFrameworkArduino.a(Print.cpp.o)
                0x0000000000006274                Print::printNumber(unsigned long, unsigned char)
 .text._ZN5Print5printEli
                0x00000000000062c2       0x3e .pio\build\cubecell_gps\libFrameworkArduino.a(Print.cpp.o)
                0x00000000000062c2                Print::print(long, int)
 .text._ZN5Print5printEmi
                0x0000000000006300       0x18 .pio\build\cubecell_gps\libFrameworkArduino.a(Print.cpp.o)
                0x0000000000006300                Print::print(unsigned long, int)
 .text._ZN5Print5printEhi
                0x0000000000006318        0x8 .pio\build\cubecell_gps\libFrameworkArduino.a(Print.cpp.o)
                0x0000000000006318                Print::print(unsigned char, int)
 .text._ZN5Print7printlnEhi
                0x0000000000006320       0x14 .pio\build\cubecell_gps\libFrameworkArduino.a(Print.cpp.o)
                0x0000000000006320                Print::println(unsigned char, int)
 .text._ZN5Print7printlnEmi
                0x0000000000006334       0x14 .pio\build\cubecell_gps\libFrameworkArduino.a(Print.cpp.o)
                0x0000000000006334                Print::println(unsigned long, int)
 .text._ZN5Print10printFloatEdh
                0x0000000000006348      0x168 .pio\build\cubecell_gps\libFrameworkArduino.a(Print.cpp.o)
                0x0000000000006348                Print::printFloat(double, unsigned char)
 .text._ZN5Print5printEdi
                0x00000000000064b0        0xe .pio\build\cubecell_gps\libFrameworkArduino.a(Print.cpp.o)
                0x00000000000064b0                Print::print(double, int)
 .text._ZN5Print7printlnEdi
                0x00000000000064be       0x1a .pio\build\cubecell_gps\libFrameworkArduino.a(Print.cpp.o)
                0x00000000000064be                Print::println(double, int)
 .text._ZN6Stream9timedReadEv
                0x00000000000064d8       0x2a .pio\build\cubecell_gps\libFrameworkArduino.a(Stream.cpp.o)
                0x00000000000064d8                Stream::timedRead()
 .text._ZN6Stream9readBytesEPcj
                0x0000000000006502       0x22 .pio\build\cubecell_gps\libFrameworkArduino.a(Stream.cpp.o)
                0x0000000000006502                Stream::readBytes(char*, unsigned int)
 .text._ZN6Stream10readStringEv
                0x0000000000006524       0x28 .pio\build\cubecell_gps\libFrameworkArduino.a(Stream.cpp.o)
                0x0000000000006524                Stream::readString()
 .text._ZN6Stream14readBytesUntilEcPcj
                0x000000000000654c       0x2c .pio\build\cubecell_gps\libFrameworkArduino.a(Stream.cpp.o)
                0x000000000000654c                Stream::readBytesUntil(char, char*, unsigned int)
 .text._ZN6Stream15readStringUntilEc
                0x0000000000006578       0x30 .pio\build\cubecell_gps\libFrameworkArduino.a(Stream.cpp.o)
                0x0000000000006578                Stream::readStringUntil(char)
 .text._ZN6StringD2Ev
                0x00000000000065a8       0x12 .pio\build\cubecell_gps\libFrameworkArduino.a(WString.cpp.o)
                0x00000000000065a8                String::~String()
                0x00000000000065a8                String::~String()
 .text._ZN6String10invalidateEv
                0x00000000000065ba       0x18 .pio\build\cubecell_gps\libFrameworkArduino.a(WString.cpp.o)
                0x00000000000065ba                String::invalidate()
 .text._ZN6String12changeBufferEj
                0x00000000000065d2       0x3a .pio\build\cubecell_gps\libFrameworkArduino.a(WString.cpp.o)
                0x00000000000065d2                String::changeBuffer(unsigned int)
 .text._ZN6String7reserveEj
                0x000000000000660c       0x2a .pio\build\cubecell_gps\libFrameworkArduino.a(WString.cpp.o)
                0x000000000000660c                String::reserve(unsigned int)
 .text._ZN6String4copyEPKcj
                0x0000000000006636       0x28 .pio\build\cubecell_gps\libFrameworkArduino.a(WString.cpp.o)
                0x0000000000006636                String::copy(char const*, unsigned int)
 .text._ZN6StringC2EPKc
                0x000000000000665e       0x26 .pio\build\cubecell_gps\libFrameworkArduino.a(WString.cpp.o)
                0x000000000000665e                String::String(char const*)
                0x000000000000665e                String::String(char const*)
 .text._ZN6String4moveERS_
                0x0000000000006684       0x3c .pio\build\cubecell_gps\libFrameworkArduino.a(WString.cpp.o)
                0x0000000000006684                String::move(String&)
 .text._ZN6StringC2EOS_
                0x00000000000066c0       0x14 .pio\build\cubecell_gps\libFrameworkArduino.a(WString.cpp.o)
                0x00000000000066c0                String::String(String&&)
                0x00000000000066c0                String::String(String&&)
 .text._ZN6StringaSERKS_
                0x00000000000066d4       0x20 .pio\build\cubecell_gps\libFrameworkArduino.a(WString.cpp.o)
                0x00000000000066d4                String::operator=(String const&)
 .text._ZN6StringC2ERKS_
                0x00000000000066f4       0x14 .pio\build\cubecell_gps\libFrameworkArduino.a(WString.cpp.o)
                0x00000000000066f4                String::String(String const&)
                0x00000000000066f4                String::String(String const&)
 .text._ZN6StringaSEOS_
                0x0000000000006708       0x10 .pio\build\cubecell_gps\libFrameworkArduino.a(WString.cpp.o)
                0x0000000000006708                String::operator=(String&&)
 .text._ZN6StringaSEPKc
                0x0000000000006718       0x22 .pio\build\cubecell_gps\libFrameworkArduino.a(WString.cpp.o)
                0x0000000000006718                String::operator=(char const*)
 .text._ZN6StringC2Emh
                0x000000000000673a       0x24 .pio\build\cubecell_gps\libFrameworkArduino.a(WString.cpp.o)
                0x000000000000673a                String::String(unsigned long, unsigned char)
                0x000000000000673a                String::String(unsigned long, unsigned char)
 .text._ZN6String6concatEPKcj
                0x000000000000675e       0x32 .pio\build\cubecell_gps\libFrameworkArduino.a(WString.cpp.o)
                0x000000000000675e                String::concat(char const*, unsigned int)
 .text._ZN6String6concatERKS_
                0x0000000000006790        0xc .pio\build\cubecell_gps\libFrameworkArduino.a(WString.cpp.o)
                0x0000000000006790                String::concat(String const&)
 .text._ZN6String6concatEPKc
                0x000000000000679c       0x1a .pio\build\cubecell_gps\libFrameworkArduino.a(WString.cpp.o)
                0x000000000000679c                String::concat(char const*)
 .text._ZN6String6concatEc
                0x00000000000067b6       0x16 .pio\build\cubecell_gps\libFrameworkArduino.a(WString.cpp.o)
                0x00000000000067b6                String::concat(char)
 .text._ZplRK15StringSumHelperRK6String
                0x00000000000067cc       0x1a .pio\build\cubecell_gps\libFrameworkArduino.a(WString.cpp.o)
                0x00000000000067cc                operator+(StringSumHelper const&, String const&)
 .text._ZNK6String6equalsEPKc
                0x00000000000067e6       0x28 .pio\build\cubecell_gps\libFrameworkArduino.a(WString.cpp.o)
                0x00000000000067e6                String::equals(char const*) const
 *fill*         0x000000000000680e        0x2 
 .text._ZN6StringixEj
                0x0000000000006810       0x1c .pio\build\cubecell_gps\libFrameworkArduino.a(WString.cpp.o)
                0x0000000000006810                String::operator[](unsigned int)
 .text._ZNK6String8getBytesEPhjj
                0x000000000000682c       0x34 .pio\build\cubecell_gps\libFrameworkArduino.a(WString.cpp.o)
                0x000000000000682c                String::getBytes(unsigned char*, unsigned int, unsigned int) const
 .text.global_irq_SetPriority
                0x0000000000006860       0x20 .pio\build\cubecell_gps\libFrameworkArduino.a(irq.c.o)
                0x0000000000006860                global_irq_SetPriority
 .text.global_irq_StartEx
                0x0000000000006880       0x24 .pio\build\cubecell_gps\libFrameworkArduino.a(irq.c.o)
                0x0000000000006880                global_irq_StartEx
 .text.global_irq_Disable
                0x00000000000068a4        0xc .pio\build\cubecell_gps\libFrameworkArduino.a(irq.c.o)
                0x00000000000068a4                global_irq_Disable
 .text.reverse  0x00000000000068b0       0x14 .pio\build\cubecell_gps\libFrameworkArduino.a(stdlib_noniso.c.o)
                0x00000000000068b0                reverse
 .text.ultoa    0x00000000000068c4       0x44 .pio\build\cubecell_gps\libFrameworkArduino.a(stdlib_noniso.c.o)
                0x00000000000068c4                ultoa
 .text.RadioCheckRfFrequency
                0x0000000000006908        0x4 .pio\build\cubecell_gps\libFrameworkArduino.a(radio.c.o)
                0x0000000000006908                RadioCheckRfFrequency
 .text.RadioOnDioIrq
                0x000000000000690c        0xc .pio\build\cubecell_gps\libFrameworkArduino.a(radio.c.o)
                0x000000000000690c                RadioOnDioIrq
 .text.RadioStandby
                0x0000000000006918        0xa .pio\build\cubecell_gps\libFrameworkArduino.a(radio.c.o)
                0x0000000000006918                RadioStandby
 *fill*         0x0000000000006922        0x2 
 .text.RadioInit
                0x0000000000006924       0x6c .pio\build\cubecell_gps\libFrameworkArduino.a(radio.c.o)
                0x0000000000006924                RadioInit
 .text.RadioGetStatus
                0x0000000000006990       0x1a .pio\build\cubecell_gps\libFrameworkArduino.a(radio.c.o)
                0x0000000000006990                RadioGetStatus
 .text.RadioSetChannel
                0x00000000000069aa        0x8 .pio\build\cubecell_gps\libFrameworkArduino.a(radio.c.o)
                0x00000000000069aa                RadioSetChannel
 .text.RadioRssi
                0x00000000000069b2        0xa .pio\build\cubecell_gps\libFrameworkArduino.a(radio.c.o)
                0x00000000000069b2                RadioRssi
 .text.RadioSyncWord
                0x00000000000069bc       0x10 .pio\build\cubecell_gps\libFrameworkArduino.a(radio.c.o)
                0x00000000000069bc                RadioSyncWord
 .text.RadioSend
                0x00000000000069cc       0x58 .pio\build\cubecell_gps\libFrameworkArduino.a(radio.c.o)
                0x00000000000069cc                RadioSend
 .text.RadioSleep
                0x0000000000006a24       0x10 .pio\build\cubecell_gps\libFrameworkArduino.a(radio.c.o)
                0x0000000000006a24                RadioSleep
 .text.RadioSetRxDutyCycle
                0x0000000000006a34        0x8 .pio\build\cubecell_gps\libFrameworkArduino.a(radio.c.o)
                0x0000000000006a34                RadioSetRxDutyCycle
 .text.RadioStartCad
                0x0000000000006a3c       0x64 .pio\build\cubecell_gps\libFrameworkArduino.a(radio.c.o)
                0x0000000000006a3c                RadioStartCad
 .text.RadioSetTxContinuousWave
                0x0000000000006aa0       0x44 .pio\build\cubecell_gps\libFrameworkArduino.a(radio.c.o)
                0x0000000000006aa0                RadioSetTxContinuousWave
 .text.RadioWrite
                0x0000000000006ae4        0x8 .pio\build\cubecell_gps\libFrameworkArduino.a(radio.c.o)
                0x0000000000006ae4                RadioWrite
 .text.RadioRead
                0x0000000000006aec        0x8 .pio\build\cubecell_gps\libFrameworkArduino.a(radio.c.o)
                0x0000000000006aec                RadioRead
 .text.RadioWriteBuffer
                0x0000000000006af4        0x8 .pio\build\cubecell_gps\libFrameworkArduino.a(radio.c.o)
                0x0000000000006af4                RadioWriteBuffer
 .text.RadioReadBuffer
                0x0000000000006afc        0x8 .pio\build\cubecell_gps\libFrameworkArduino.a(radio.c.o)
                0x0000000000006afc                RadioReadBuffer
 .text.RadioGetWakeupTime
                0x0000000000006b04        0xa .pio\build\cubecell_gps\libFrameworkArduino.a(radio.c.o)
                0x0000000000006b04                RadioGetWakeupTime
 *fill*         0x0000000000006b0e        0x2 
 .text.RadioOnTxTimeoutIrq
                0x0000000000006b10       0x20 .pio\build\cubecell_gps\libFrameworkArduino.a(radio.c.o)
                0x0000000000006b10                RadioOnTxTimeoutIrq
 .text.RadioOnRxTimeoutIrq
                0x0000000000006b30       0x20 .pio\build\cubecell_gps\libFrameworkArduino.a(radio.c.o)
                0x0000000000006b30                RadioOnRxTimeoutIrq
 .text.RadioOnCadTimeoutIrq
                0x0000000000006b50       0x20 .pio\build\cubecell_gps\libFrameworkArduino.a(radio.c.o)
                0x0000000000006b50                RadioOnCadTimeoutIrq
 .text.RadioGetFskBandwidthRegValue
                0x0000000000006b70       0x34 .pio\build\cubecell_gps\libFrameworkArduino.a(radio.c.o)
 .text.RadioSetMaxPayloadLength
                0x0000000000006ba4       0x38 .pio\build\cubecell_gps\libFrameworkArduino.a(radio.c.o)
                0x0000000000006ba4                RadioSetMaxPayloadLength
 .text.RadioRx  0x0000000000006bdc       0x54 .pio\build\cubecell_gps\libFrameworkArduino.a(radio.c.o)
                0x0000000000006bdc                RadioRx
 .text.RadioRxBoosted
                0x0000000000006c30       0x48 .pio\build\cubecell_gps\libFrameworkArduino.a(radio.c.o)
                0x0000000000006c30                RadioRxBoosted
 .text.RadioIrqProcess
                0x0000000000006c78      0x13c .pio\build\cubecell_gps\libFrameworkArduino.a(radio.c.o)
                0x0000000000006c78                RadioIrqProcess
 .text.RadioSetPublicNetwork
                0x0000000000006db4       0x40 .pio\build\cubecell_gps\libFrameworkArduino.a(radio.c.o)
                0x0000000000006db4                RadioSetPublicNetwork
 .text.RadioSetModem.part.0
                0x0000000000006df4       0x20 .pio\build\cubecell_gps\libFrameworkArduino.a(radio.c.o)
 .text.RadioSetModem
                0x0000000000006e14       0x20 .pio\build\cubecell_gps\libFrameworkArduino.a(radio.c.o)
                0x0000000000006e14                RadioSetModem
 .text.RadioIsChannelFree
                0x0000000000006e34       0x50 .pio\build\cubecell_gps\libFrameworkArduino.a(radio.c.o)
                0x0000000000006e34                RadioIsChannelFree
 .text.RadioRandom
                0x0000000000006e84       0x38 .pio\build\cubecell_gps\libFrameworkArduino.a(radio.c.o)
                0x0000000000006e84                RadioRandom
 .text.RadioSymbTime
                0x0000000000006ebc       0x2c .pio\build\cubecell_gps\libFrameworkArduino.a(radio.c.o)
                0x0000000000006ebc                RadioSymbTime
 .text.RadioSetRxConfig
                0x0000000000006ee8      0x21c .pio\build\cubecell_gps\libFrameworkArduino.a(radio.c.o)
                0x0000000000006ee8                RadioSetRxConfig
 .text.RadioSetTxConfig
                0x0000000000007104      0x1a0 .pio\build\cubecell_gps\libFrameworkArduino.a(radio.c.o)
                0x0000000000007104                RadioSetTxConfig
 .text.RadioTimeOnAir
                0x00000000000072a4      0x198 .pio\build\cubecell_gps\libFrameworkArduino.a(radio.c.o)
                0x00000000000072a4                RadioTimeOnAir
 .text.SX126xGetOperatingMode
                0x000000000000743c        0xc .pio\build\cubecell_gps\libFrameworkArduino.a(sx126x.c.o)
                0x000000000000743c                SX126xGetOperatingMode
 .text.SX126xSetOperatingMode
                0x0000000000007448        0xc .pio\build\cubecell_gps\libFrameworkArduino.a(sx126x.c.o)
                0x0000000000007448                SX126xSetOperatingMode
 .text.SX126xCheckDeviceReady
                0x0000000000007454       0x24 .pio\build\cubecell_gps\libFrameworkArduino.a(sx126x.c.o)
                0x0000000000007454                SX126xCheckDeviceReady
 .text.SX126xSetPayload
                0x0000000000007478        0xe .pio\build\cubecell_gps\libFrameworkArduino.a(sx126x.c.o)
                0x0000000000007478                SX126xSetPayload
 *fill*         0x0000000000007486        0x2 
 .text.SX126xSetSyncWord
                0x0000000000007488       0x3c .pio\build\cubecell_gps\libFrameworkArduino.a(sx126x.c.o)
                0x0000000000007488                SX126xSetSyncWord
 .text.SX126xSetCrcSeed
                0x00000000000074c4       0x24 .pio\build\cubecell_gps\libFrameworkArduino.a(sx126x.c.o)
                0x00000000000074c4                SX126xSetCrcSeed
 .text.SX126xSetCrcPolynomial
                0x00000000000074e8       0x24 .pio\build\cubecell_gps\libFrameworkArduino.a(sx126x.c.o)
                0x00000000000074e8                SX126xSetCrcPolynomial
 .text.SX126xSetWhiteningSeed
                0x000000000000750c       0x3c .pio\build\cubecell_gps\libFrameworkArduino.a(sx126x.c.o)
                0x000000000000750c                SX126xSetWhiteningSeed
 .text.SX126xSetSleep
                0x0000000000007548       0x20 .pio\build\cubecell_gps\libFrameworkArduino.a(sx126x.c.o)
                0x0000000000007548                SX126xSetSleep
 .text.SX126xSetStandby
                0x0000000000007568       0x28 .pio\build\cubecell_gps\libFrameworkArduino.a(sx126x.c.o)
                0x0000000000007568                SX126xSetStandby
 .text.SX126xSetTx
                0x0000000000007590       0x24 .pio\build\cubecell_gps\libFrameworkArduino.a(sx126x.c.o)
                0x0000000000007590                SX126xSetTx
 .text.SX126xSendPayload
                0x00000000000075b4       0x10 .pio\build\cubecell_gps\libFrameworkArduino.a(sx126x.c.o)
                0x00000000000075b4                SX126xSendPayload
 .text.SX126xSetRx
                0x00000000000075c4       0x24 .pio\build\cubecell_gps\libFrameworkArduino.a(sx126x.c.o)
                0x00000000000075c4                SX126xSetRx
 .text.SX126xSetRxBoosted
                0x00000000000075e8       0x30 .pio\build\cubecell_gps\libFrameworkArduino.a(sx126x.c.o)
                0x00000000000075e8                SX126xSetRxBoosted
 .text.SX126xSetRxDutyCycle
                0x0000000000007618       0x2c .pio\build\cubecell_gps\libFrameworkArduino.a(sx126x.c.o)
                0x0000000000007618                SX126xSetRxDutyCycle
 .text.SX126xSetCad
                0x0000000000007644       0x18 .pio\build\cubecell_gps\libFrameworkArduino.a(sx126x.c.o)
                0x0000000000007644                SX126xSetCad
 .text.SX126xSetTxContinuousWave
                0x000000000000765c        0xe .pio\build\cubecell_gps\libFrameworkArduino.a(sx126x.c.o)
                0x000000000000765c                SX126xSetTxContinuousWave
 .text.SX126xSetStopRxTimerOnPreambleDetect
                0x000000000000766a       0x12 .pio\build\cubecell_gps\libFrameworkArduino.a(sx126x.c.o)
                0x000000000000766a                SX126xSetStopRxTimerOnPreambleDetect
 .text.SX126xSetLoRaSymbNumTimeout
                0x000000000000767c       0x12 .pio\build\cubecell_gps\libFrameworkArduino.a(sx126x.c.o)
                0x000000000000767c                SX126xSetLoRaSymbNumTimeout
 .text.SX126xSetRegulatorMode
                0x000000000000768e       0x12 .pio\build\cubecell_gps\libFrameworkArduino.a(sx126x.c.o)
                0x000000000000768e                SX126xSetRegulatorMode
 .text.SX126xCalibrate
                0x00000000000076a0       0x10 .pio\build\cubecell_gps\libFrameworkArduino.a(sx126x.c.o)
                0x00000000000076a0                SX126xCalibrate
 .text.SX126xCalibrateImage
                0x00000000000076b0       0x68 .pio\build\cubecell_gps\libFrameworkArduino.a(sx126x.c.o)
                0x00000000000076b0                SX126xCalibrateImage
 .text.SX126xSetPaConfig
                0x0000000000007718       0x18 .pio\build\cubecell_gps\libFrameworkArduino.a(sx126x.c.o)
                0x0000000000007718                SX126xSetPaConfig
 .text.SX126xSetDioIrqParams
                0x0000000000007730       0x20 .pio\build\cubecell_gps\libFrameworkArduino.a(sx126x.c.o)
                0x0000000000007730                SX126xSetDioIrqParams
 .text.SX126xGetIrqStatus
                0x0000000000007750       0x1a .pio\build\cubecell_gps\libFrameworkArduino.a(sx126x.c.o)
                0x0000000000007750                SX126xGetIrqStatus
 .text.SX126xSetDio2AsRfSwitchCtrl
                0x000000000000776a       0x12 .pio\build\cubecell_gps\libFrameworkArduino.a(sx126x.c.o)
                0x000000000000776a                SX126xSetDio2AsRfSwitchCtrl
 .text.SX126xSetDio3AsTcxoCtrl
                0x000000000000777c       0x1e .pio\build\cubecell_gps\libFrameworkArduino.a(sx126x.c.o)
                0x000000000000777c                SX126xSetDio3AsTcxoCtrl
 *fill*         0x000000000000779a        0x2 
 .text.SX126xInit
                0x000000000000779c       0x4c .pio\build\cubecell_gps\libFrameworkArduino.a(sx126x.c.o)
                0x000000000000779c                SX126xInit
 .text.SX126xSetRfFrequency
                0x00000000000077e8       0x40 .pio\build\cubecell_gps\libFrameworkArduino.a(sx126x.c.o)
                0x00000000000077e8                SX126xSetRfFrequency
 .text.SX126xSetPacketType
                0x0000000000007828       0x1c .pio\build\cubecell_gps\libFrameworkArduino.a(sx126x.c.o)
                0x0000000000007828                SX126xSetPacketType
 .text.SX126xGetPacketType
                0x0000000000007844        0xc .pio\build\cubecell_gps\libFrameworkArduino.a(sx126x.c.o)
                0x0000000000007844                SX126xGetPacketType
 .text.SX126xSetTxParams
                0x0000000000007850       0xb4 .pio\build\cubecell_gps\libFrameworkArduino.a(sx126x.c.o)
                0x0000000000007850                SX126xSetTxParams
 .text.SX126xSetModulationParams
                0x0000000000007904       0xa0 .pio\build\cubecell_gps\libFrameworkArduino.a(sx126x.c.o)
                0x0000000000007904                SX126xSetModulationParams
 .text.SX126xSetPacketParams
                0x00000000000079a4       0xa8 .pio\build\cubecell_gps\libFrameworkArduino.a(sx126x.c.o)
                0x00000000000079a4                SX126xSetPacketParams
 .text.SX126xSetCadParams
                0x0000000000007a4c       0x30 .pio\build\cubecell_gps\libFrameworkArduino.a(sx126x.c.o)
                0x0000000000007a4c                SX126xSetCadParams
 .text.SX126xSetBufferBaseAddress
                0x0000000000007a7c       0x14 .pio\build\cubecell_gps\libFrameworkArduino.a(sx126x.c.o)
                0x0000000000007a7c                SX126xSetBufferBaseAddress
 .text.SX126xGetRssiInst
                0x0000000000007a90       0x16 .pio\build\cubecell_gps\libFrameworkArduino.a(sx126x.c.o)
                0x0000000000007a90                SX126xGetRssiInst
 *fill*         0x0000000000007aa6        0x2 
 .text.SX126xGetRxBufferStatus
                0x0000000000007aa8       0x4c .pio\build\cubecell_gps\libFrameworkArduino.a(sx126x.c.o)
                0x0000000000007aa8                SX126xGetRxBufferStatus
 .text.SX126xGetPayload
                0x0000000000007af4       0x2c .pio\build\cubecell_gps\libFrameworkArduino.a(sx126x.c.o)
                0x0000000000007af4                SX126xGetPayload
 .text.SX126xGetPacketStatus
                0x0000000000007b20       0x78 .pio\build\cubecell_gps\libFrameworkArduino.a(sx126x.c.o)
                0x0000000000007b20                SX126xGetPacketStatus
 .text.SX126xClearIrqStatus
                0x0000000000007b98       0x12 .pio\build\cubecell_gps\libFrameworkArduino.a(sx126x.c.o)
                0x0000000000007b98                SX126xClearIrqStatus
 *fill*         0x0000000000007baa        0x2 
 .text.SetMlmeScheduleUplinkIndication
                0x0000000000007bac       0x14 .pio\build\cubecell_gps\libFrameworkArduino.a(LoRaMac.c.o)
 .text.AddMacCommand
                0x0000000000007bc0      0x188 .pio\build\cubecell_gps\libFrameworkArduino.a(LoRaMac.c.o)
 .text.ResetMacParameters
                0x0000000000007d48       0x9c .pio\build\cubecell_gps\libFrameworkArduino.a(LoRaMac.c.o)
 .text.OnAckTimeoutTimerEvent
                0x0000000000007de4       0x44 .pio\build\cubecell_gps\libFrameworkArduino.a(LoRaMac.c.o)
 .text.ValidatePayloadLength
                0x0000000000007e28       0x60 .pio\build\cubecell_gps\libFrameworkArduino.a(LoRaMac.c.o)
 .text.PrepareRxDoneAbort
                0x0000000000007e88       0x40 .pio\build\cubecell_gps\libFrameworkArduino.a(LoRaMac.c.o)
 .text.ProcessMacCommands
                0x0000000000007ec8      0x428 .pio\build\cubecell_gps\libFrameworkArduino.a(LoRaMac.c.o)
 .text.OnRadioRxDone
                0x00000000000082f0      0x5e0 .pio\build\cubecell_gps\libFrameworkArduino.a(LoRaMac.c.o)
                0x00000000000082f0                OnRadioRxDone
 .text.RxWindowSetup
                0x00000000000088d0       0x18 .pio\build\cubecell_gps\libFrameworkArduino.a(LoRaMac.c.o)
 .text.OnRxWindow1TimerEvent
                0x00000000000088e8       0x80 .pio\build\cubecell_gps\libFrameworkArduino.a(LoRaMac.c.o)
 .text.OnRxWindow2TimerEvent
                0x0000000000008968       0x74 .pio\build\cubecell_gps\libFrameworkArduino.a(LoRaMac.c.o)
 .text.OpenContinuousRx2Window
                0x00000000000089dc       0x14 .pio\build\cubecell_gps\libFrameworkArduino.a(LoRaMac.c.o)
 .text.OnRadioRxTimeout
                0x00000000000089f0       0xf8 .pio\build\cubecell_gps\libFrameworkArduino.a(LoRaMac.c.o)
 .text.OnRadioTxTimeout
                0x0000000000008ae8       0x44 .pio\build\cubecell_gps\libFrameworkArduino.a(LoRaMac.c.o)
 .text.OnRadioRxError
                0x0000000000008b2c       0xf8 .pio\build\cubecell_gps\libFrameworkArduino.a(LoRaMac.c.o)
 .text.OnRadioTxDone
                0x0000000000008c24      0x14c .pio\build\cubecell_gps\libFrameworkArduino.a(LoRaMac.c.o)
 .text.PrepareFrame
                0x0000000000008d70      0x344 .pio\build\cubecell_gps\libFrameworkArduino.a(LoRaMac.c.o)
                0x0000000000008d70                PrepareFrame
 .text.SendFrameOnChannel
                0x00000000000090b4      0x11c .pio\build\cubecell_gps\libFrameworkArduino.a(LoRaMac.c.o)
                0x00000000000090b4                SendFrameOnChannel
 .text.ScheduleTx
                0x00000000000091d0      0x1c4 .pio\build\cubecell_gps\libFrameworkArduino.a(LoRaMac.c.o)
 .text.Send     0x0000000000009394       0x4c .pio\build\cubecell_gps\libFrameworkArduino.a(LoRaMac.c.o)
                0x0000000000009394                Send
 .text.OnTxDelayedTimerEvent
                0x00000000000093e0       0x74 .pio\build\cubecell_gps\libFrameworkArduino.a(LoRaMac.c.o)
 .text.OnMacStateCheckTimerEvent
                0x0000000000009454      0x324 .pio\build\cubecell_gps\libFrameworkArduino.a(LoRaMac.c.o)
 .text.SetTxContinuousWave
                0x0000000000009778       0x64 .pio\build\cubecell_gps\libFrameworkArduino.a(LoRaMac.c.o)
                0x0000000000009778                SetTxContinuousWave
 .text.SetTxContinuousWave1
                0x00000000000097dc       0x3c .pio\build\cubecell_gps\libFrameworkArduino.a(LoRaMac.c.o)
                0x00000000000097dc                SetTxContinuousWave1
 .text.LoRaMacInitialization
                0x0000000000009818      0x2f0 .pio\build\cubecell_gps\libFrameworkArduino.a(LoRaMac.c.o)
                0x0000000000009818                LoRaMacInitialization
 .text.LoRaMacQueryTxPossible
                0x0000000000009b08      0x164 .pio\build\cubecell_gps\libFrameworkArduino.a(LoRaMac.c.o)
                0x0000000000009b08                LoRaMacQueryTxPossible
 .text.LoRaMacMibGetRequestConfirm
                0x0000000000009c6c      0x13c .pio\build\cubecell_gps\libFrameworkArduino.a(LoRaMac.c.o)
                0x0000000000009c6c                LoRaMacMibGetRequestConfirm
 .text.LoRaMacChannelAdd
                0x0000000000009da8       0x34 .pio\build\cubecell_gps\libFrameworkArduino.a(LoRaMac.c.o)
                0x0000000000009da8                LoRaMacChannelAdd
 .text.LoRaMacMulticastChannelLink
                0x0000000000009ddc       0x3c .pio\build\cubecell_gps\libFrameworkArduino.a(LoRaMac.c.o)
                0x0000000000009ddc                LoRaMacMulticastChannelLink
 .text.LoRaMacMulticastChannelUnlink
                0x0000000000009e18       0x40 .pio\build\cubecell_gps\libFrameworkArduino.a(LoRaMac.c.o)
                0x0000000000009e18                LoRaMacMulticastChannelUnlink
 .text.LoRaMacMibSetRequestConfirm
                0x0000000000009e58      0x36c .pio\build\cubecell_gps\libFrameworkArduino.a(LoRaMac.c.o)
                0x0000000000009e58                LoRaMacMibSetRequestConfirm
 .text.LoRaMacMlmeRequest
                0x000000000000a1c4      0x228 .pio\build\cubecell_gps\libFrameworkArduino.a(LoRaMac.c.o)
                0x000000000000a1c4                LoRaMacMlmeRequest
 .text.LoRaMacMcpsRequest
                0x000000000000a3ec      0x170 .pio\build\cubecell_gps\libFrameworkArduino.a(LoRaMac.c.o)
                0x000000000000a3ec                LoRaMacMcpsRequest
 .text.LoRaMacClassBInit
                0x000000000000a55c        0x2 .pio\build\cubecell_gps\libFrameworkArduino.a(LoRaMacClassB.c.o)
                0x000000000000a55c                LoRaMacClassBInit
 .text.LoRaMacClassBSetBeaconState
                0x000000000000a55e        0x2 .pio\build\cubecell_gps\libFrameworkArduino.a(LoRaMacClassB.c.o)
                0x000000000000a55e                LoRaMacClassBSetBeaconState
 .text.LoRaMacClassBSetPingSlotState
                0x000000000000a560        0x2 .pio\build\cubecell_gps\libFrameworkArduino.a(LoRaMacClassB.c.o)
                0x000000000000a560                LoRaMacClassBSetPingSlotState
 .text.LoRaMacClassBSetMulticastSlotState
                0x000000000000a562        0x2 .pio\build\cubecell_gps\libFrameworkArduino.a(LoRaMacClassB.c.o)
                0x000000000000a562                LoRaMacClassBSetMulticastSlotState
 .text.LoRaMacClassBIsAcquisitionInProgress
                0x000000000000a564        0x4 .pio\build\cubecell_gps\libFrameworkArduino.a(LoRaMacClassB.c.o)
                0x000000000000a564                LoRaMacClassBIsAcquisitionInProgress
 .text.LoRaMacClassBBeaconTimerEvent
                0x000000000000a568        0x2 .pio\build\cubecell_gps\libFrameworkArduino.a(LoRaMacClassB.c.o)
                0x000000000000a568                LoRaMacClassBBeaconTimerEvent
 .text.LoRaMacClassBPingSlotTimerEvent
                0x000000000000a56a        0x2 .pio\build\cubecell_gps\libFrameworkArduino.a(LoRaMacClassB.c.o)
                0x000000000000a56a                LoRaMacClassBPingSlotTimerEvent
 .text.LoRaMacClassBMulticastSlotTimerEvent
                0x000000000000a56c        0x2 .pio\build\cubecell_gps\libFrameworkArduino.a(LoRaMacClassB.c.o)
                0x000000000000a56c                LoRaMacClassBMulticastSlotTimerEvent
 .text.LoRaMacClassBRxBeacon
                0x000000000000a56e        0x4 .pio\build\cubecell_gps\libFrameworkArduino.a(LoRaMacClassB.c.o)
                0x000000000000a56e                LoRaMacClassBRxBeacon
 .text.LoRaMacClassBIsBeaconExpected
                0x000000000000a572        0x4 .pio\build\cubecell_gps\libFrameworkArduino.a(LoRaMacClassB.c.o)
                0x000000000000a572                LoRaMacClassBIsBeaconExpected
 .text.LoRaMacClassBIsPingExpected
                0x000000000000a576        0x4 .pio\build\cubecell_gps\libFrameworkArduino.a(LoRaMacClassB.c.o)
                0x000000000000a576                LoRaMacClassBIsPingExpected
 .text.LoRaMacClassBIsMulticastExpected
                0x000000000000a57a        0x4 .pio\build\cubecell_gps\libFrameworkArduino.a(LoRaMacClassB.c.o)
                0x000000000000a57a                LoRaMacClassBIsMulticastExpected
 .text.LoRaMacClassBIsBeaconModeActive
                0x000000000000a57e        0x4 .pio\build\cubecell_gps\libFrameworkArduino.a(LoRaMacClassB.c.o)
                0x000000000000a57e                LoRaMacClassBIsBeaconModeActive
 .text.LoRaMacClassBSetPingSlotInfo
                0x000000000000a582        0x2 .pio\build\cubecell_gps\libFrameworkArduino.a(LoRaMacClassB.c.o)
                0x000000000000a582                LoRaMacClassBSetPingSlotInfo
 .text.LoRaMacClassBHaltBeaconing
                0x000000000000a584        0x2 .pio\build\cubecell_gps\libFrameworkArduino.a(LoRaMacClassB.c.o)
                0x000000000000a584                LoRaMacClassBHaltBeaconing
 .text.LoRaMacClassBResumeBeaconing
                0x000000000000a586        0x2 .pio\build\cubecell_gps\libFrameworkArduino.a(LoRaMacClassB.c.o)
                0x000000000000a586                LoRaMacClassBResumeBeaconing
 .text.LoRaMacClassBSwitchClass
                0x000000000000a588        0x4 .pio\build\cubecell_gps\libFrameworkArduino.a(LoRaMacClassB.c.o)
                0x000000000000a588                LoRaMacClassBSwitchClass
 .text.LoRaMacClassBMibGetRequestConfirm
                0x000000000000a58c        0x4 .pio\build\cubecell_gps\libFrameworkArduino.a(LoRaMacClassB.c.o)
                0x000000000000a58c                LoRaMacClassBMibGetRequestConfirm
 .text.LoRaMacMibClassBSetRequestConfirm
                0x000000000000a590        0x4 .pio\build\cubecell_gps\libFrameworkArduino.a(LoRaMacClassB.c.o)
                0x000000000000a590                LoRaMacMibClassBSetRequestConfirm
 .text.LoRaMacClassBPingSlotInfoAns
                0x000000000000a594        0x2 .pio\build\cubecell_gps\libFrameworkArduino.a(LoRaMacClassB.c.o)
                0x000000000000a594                LoRaMacClassBPingSlotInfoAns
 .text.LoRaMacClassBPingSlotChannelReq
                0x000000000000a596        0x4 .pio\build\cubecell_gps\libFrameworkArduino.a(LoRaMacClassB.c.o)
                0x000000000000a596                LoRaMacClassBPingSlotChannelReq
 .text.LoRaMacClassBBeaconTimingAns
                0x000000000000a59a        0x2 .pio\build\cubecell_gps\libFrameworkArduino.a(LoRaMacClassB.c.o)
                0x000000000000a59a                LoRaMacClassBBeaconTimingAns
 .text.LoRaMacClassBDeviceTimeAns