Archive member included to satisfy reference by file (symbol)

C:\Users\tobia\.platformio\packages\framework-arduinoasrmicro650x\cores\asr650x\projects\CubeCellLib.a(timeServer.o)
                              .pio\build\cubecell_gps\src\main.cpp.o (TimerInit)
C:\Users\tobia\.platformio\packages\framework-arduinoasrmicro650x\cores\asr650x\projects\CubeCellLib.a(lorawan_port.o)
                              C:\Users\tobia\.platformio\packages\framework-arduinoasrmicro650x\cores\asr650x\projects\CubeCellLib.a(timeServer.o) (aos_lrwan_time_itf)
C:\Users\tobia\.platformio\packages\framework-arduinoasrmicro650x\cores\asr650x\projects\CubeCellLib.a(asr_timer.o)
                              C:\Users\tobia\.platformio\packages\framework-arduinoasrmicro650x\cores\asr650x\projects\CubeCellLib.a(lorawan_port.o) (Asr_Timer_RegisterAlarmCallback)
C:\Users\tobia\.platformio\packages\framework-arduinoasrmicro650x\cores\asr650x\projects\CubeCellLib.a(AT_Command.o)
                              .pio\build\cubecell_gps\src\main.cpp.o (enableAt)
C:\Users\tobia\.platformio\packages\framework-arduinoasrmicro650x\cores\asr650x\projects\CubeCellLib.a(UART_1.o)
                              C:\Users\tobia\.platformio\packages\framework-arduinoasrmicro650x\cores\asr650x\projects\CubeCellLib.a(AT_Command.o) (UART_1_Start)
C:\Users\tobia\.platformio\packages\framework-arduinoasrmicro650x\cores\asr650x\projects\CubeCellLib.a(ASR_Arduino.o)
                              C:\Users\tobia\.platformio\packages\framework-arduinoasrmicro650x\cores\asr650x\projects\CubeCellLib.a(AT_Command.o) (getID)
C:\Users\tobia\.platformio\packages\framework-arduinoasrmicro650x\cores\asr650x\projects\CubeCellLib.a(cyfitter_cfg.o)
                              C:\Users\tobia\.platformio\packages\framework-arduinoasrmicro650x\cores\asr650x\projects\CubeCellLib.a(ASR_Arduino.o) (systime)
.pio\build\cubecell_gps\lib9c3\libOLED.a(cubecell_OLEDDisplay.cpp.o)
                              .pio\build\cubecell_gps\src\main.cpp.o (OLEDDisplay::write(unsigned char))
.pio\build\cubecell_gps\libb27\libLoRa.a(LoRaWan_APP.cpp.o)
                              C:\Users\tobia\.platformio\packages\framework-arduinoasrmicro650x\cores\asr650x\projects\CubeCellLib.a(AT_Command.o) (lwan_dev_params_update)
.pio\build\cubecell_gps\libb27\libLoRa.a(LoRa_APP.cpp.o)
                              C:\Users\tobia\.platformio\packages\framework-arduinoasrmicro650x\cores\asr650x\projects\CubeCellLib.a(AT_Command.o) (LoraRxTimeout)
.pio\build\cubecell_gps\lib0f9\libAdafruit BME280 Library.a(Adafruit_BME280.cpp.o)
                              .pio\build\cubecell_gps\src\main.cpp.o (Adafruit_BME280::Adafruit_BME280())
.pio\build\cubecell_gps\libbcc\libOnBoardGPS_Air530.a(CubeCell_TinyGPS++.cpp.o)
                              .pio\build\cubecell_gps\src\main.cpp.o (TinyGPSLocation::lat())
.pio\build\cubecell_gps\libbcc\libOnBoardGPS_Air530.a(GPS_Air530.cpp.o)
                              .pio\build\cubecell_gps\src\main.cpp.o (Air530Class::available())
.pio\build\cubecell_gps\libFrameworkArduino.a(SPI.cpp.o)
                              .pio\build\cubecell_gps\lib0f9\libAdafruit BME280 Library.a(Adafruit_BME280.cpp.o) (SPIClass::begin(signed char, unsigned long, signed char))
.pio\build\cubecell_gps\libFrameworkArduino.a(HardwareSerial.cpp.o)
                              .pio\build\cubecell_gps\libbcc\libOnBoardGPS_Air530.a(GPS_Air530.cpp.o) (HardwareSerial::available())
.pio\build\cubecell_gps\libFrameworkArduino.a(Wire.cpp.o)
                              .pio\build\cubecell_gps\src\main.cpp.o (TwoWire::write(unsigned char))
.pio\build\cubecell_gps\libFrameworkArduino.a(asr_board.c.o)
                              .pio\build\cubecell_gps\src\main.cpp.o (boardInitMcu)
.pio\build\cubecell_gps\libFrameworkArduino.a(gpio.c.o)
                              .pio\build\cubecell_gps\libFrameworkArduino.a(asr_board.c.o) (GpioInit)
.pio\build\cubecell_gps\libFrameworkArduino.a(spi-board.c.o)
                              .pio\build\cubecell_gps\libFrameworkArduino.a(asr_board.c.o) (SpiInit)
.pio\build\cubecell_gps\libFrameworkArduino.a(ADC_SAR_Seq.c.o)
                              C:\Users\tobia\.platformio\packages\framework-arduinoasrmicro650x\cores\asr650x\projects\CubeCellLib.a(ASR_Arduino.o) (ADC_SAR_Seq_Start)
.pio\build\cubecell_gps\libFrameworkArduino.a(ADC_SAR_Seq_INT.c.o)
                              .pio\build\cubecell_gps\libFrameworkArduino.a(ADC_SAR_Seq.c.o) (ADC_SAR_Seq_ISR)
.pio\build\cubecell_gps\libFrameworkArduino.a(I2C_1_I2C_MASTER.c.o)
                              .pio\build\cubecell_gps\libFrameworkArduino.a(Wire.cpp.o) (I2C_1_I2CMasterSendStart)
.pio\build\cubecell_gps\libFrameworkArduino.a(I2C_I2C_MASTER.c.o)
                              .pio\build\cubecell_gps\libFrameworkArduino.a(Wire.cpp.o) (I2C_I2CMasterSendStart)
.pio\build\cubecell_gps\libFrameworkArduino.a(PWM1.c.o)
[...]
Memory Configuration

Name             Origin             Length             Attributes
rom              0x0000000000000000 0x0000000000020000 xr
ram              0x0000000020000000 0x0000000000004000 xrw
*default*        0x0000000000000000 0xffffffffffffffff

Linker script and memory map

LOAD c:/users/tobia/.platformio/packages/toolchain-gccarmnoneeabi/bin/../lib/gcc/arm-none-eabi/9.2.1/thumb/v6-m/nofp/crti.o
LOAD c:/users/tobia/.platformio/packages/toolchain-gccarmnoneeabi/bin/../lib/gcc/arm-none-eabi/9.2.1/thumb/v6-m/nofp/crtbegin.o
LOAD c:/users/tobia/.platformio/packages/toolchain-gccarmnoneeabi/bin/../lib/gcc/arm-none-eabi/9.2.1/../../../../arm-none-eabi/lib/thumb/v6-m/nofp/crt0.o
LOAD .pio\build\cubecell_gps\src\cayenne_lpp.c.o
LOAD .pio\build\cubecell_gps\src\main.cpp.o
START GROUP
LOAD C:\Users\tobia\.platformio\packages\framework-arduinoasrmicro650x\cores\asr650x\projects\CubeCellLib.a
LOAD .pio\build\cubecell_gps\lib9c3\libOLED.a
LOAD .pio\build\cubecell_gps\lib426\libRGB.a
LOAD .pio\build\cubecell_gps\libb27\libLoRa.a
LOAD .pio\build\cubecell_gps\libb84\libAdafruit Unified Sensor.a
LOAD .pio\build\cubecell_gps\lib0f9\libAdafruit BME280 Library.a
LOAD .pio\build\cubecell_gps\libbcc\libOnBoardGPS_Air530.a
LOAD .pio\build\cubecell_gps\libFrameworkArduinoVariant.a
LOAD .pio\build\cubecell_gps\libFrameworkArduino.a
LOAD c:/users/tobia/.platformio/packages/toolchain-gccarmnoneeabi/bin/../lib/gcc/arm-none-eabi/9.2.1/../../../../arm-none-eabi/lib/thumb/v6-m/nofp\libstdc++_nano.a
END GROUP
LOAD c:/users/tobia/.platformio/packages/toolchain-gccarmnoneeabi/bin/../lib/gcc/arm-none-eabi/9.2.1/../../../../arm-none-eabi/lib/thumb/v6-m/nofp\libstdc++_nano.a
LOAD c:/users/tobia/.platformio/packages/toolchain-gccarmnoneeabi/bin/../lib/gcc/arm-none-eabi/9.2.1/../../../../arm-none-eabi/lib/thumb/v6-m/nofp\libm.a
START GROUP
LOAD c:/users/tobia/.platformio/packages/toolchain-gccarmnoneeabi/bin/../lib/gcc/arm-none-eabi/9.2.1/thumb/v6-m/nofp\libgcc.a
LOAD c:/users/tobia/.platformio/packages/toolchain-gccarmnoneeabi/bin/../lib/gcc/arm-none-eabi/9.2.1/../../../../arm-none-eabi/lib/thumb/v6-m/nofp\libc_nano.a
END GROUP
START GROUP
LOAD c:/users/tobia/.platformio/packages/toolchain-gccarmnoneeabi/bin/../lib/gcc/arm-none-eabi/9.2.1/thumb/v6-m/nofp\libgcc.a
LOAD c:/users/tobia/.platformio/packages/toolchain-gccarmnoneeabi/bin/../lib/gcc/arm-none-eabi/9.2.1/../../../../arm-none-eabi/lib/thumb/v6-m/nofp\libc_nano.a
END GROUP
LOAD c:/users/tobia/.platformio/packages/toolchain-gccarmnoneeabi/bin/../lib/gcc/arm-none-eabi/9.2.1/thumb/v6-m/nofp/crtend.o
LOAD c:/users/tobia/.platformio/packages/toolchain-gccarmnoneeabi/bin/../lib/gcc/arm-none-eabi/9.2.1/thumb/v6-m/nofp/crtn.o
START GROUP
LOAD c:/users/tobia/.platformio/packages/toolchain-gccarmnoneeabi/bin/../lib/gcc/arm-none-eabi/9.2.1/thumb/v6-m/nofp\libgcc.a
LOAD c:/users/tobia/.platformio/packages/toolchain-gccarmnoneeabi/bin/../lib/gcc/arm-none-eabi/9.2.1/../../../../arm-none-eabi/lib/thumb/v6-m/nofp\libc.a
LOAD c:/users/tobia/.platformio/packages/toolchain-gccarmnoneeabi/bin/../lib/gcc/arm-none-eabi/9.2.1/../../../../arm-none-eabi/lib/thumb/v6-m/nofp\libnosys.a
END GROUP
                0x0000000000000000                CY_APPL_ORIGIN = 0x0
                0x0000000000000100                CY_FLASH_ROW_SIZE = 0x100
                0x0000000000000001                CY_APPL_NUM = 0x1
                0x0000000000000001                CY_APPL_MAX = 0x1
                0x0000000000000040                CY_METADATA_SIZE = 0x40
                0x0000000000000001                CY_APPL_LOADABLE = 0x1
                0x0000000000000000                CY_CHECKSUM_EXCLUDE_SIZE = ALIGN (0x0, CY_FLASH_ROW_SIZE)
                0x0000000000000000                CY_APP_FOR_STACK_AND_COPIER = 0x0
                [!provide]                        PROVIDE (__cy_heap_start = _end)
                0x0000000000000001                PROVIDE (__cy_region_num = ((__cy_regions_end - __cy_regions) / 0x10))
                0x0000000020004000                PROVIDE (__cy_stack = (ORIGIN (ram) + LENGTH (ram)))
                [!provide]                        PROVIDE (__cy_heap_end = (__cy_stack - 0x800))

.cybootloader   0x0000000000000000     0x2200
 *(.cybootloader)
 .cybootloader  0x0000000000000000     0x2200 .pio\build\cubecell_gps\libFrameworkArduino.a(cybootloader.c.o)
                0x0000000000000000                cy_bootloader
                0x0000000000002200                appl1_start = CY_APPL_ORIGIN?CY_APPL_ORIGIN:ALIGN (CY_FLASH_ROW_SIZE)
                0x0000000000011000                appl2_start = (appl1_start + ALIGN ((((LENGTH (rom) - appl1_start) - (0x2 * CY_FLASH_ROW_SIZE)) / 0x2), CY_FLASH_ROW_SIZE))
                0x0000000000002200                appl_start = (CY_APPL_NUM == 0x1)?appl1_start:appl2_start
                0x0000000000000000                cy_project_type_bootloader = (appl_start == 0x0)?0x1:0x0
                0x0000000000000000                cy_project_type_app_for_stack_and_copier = (CY_APP_FOR_STACK_AND_COPIER == 0x1)?0x1:0x0

.text           0x0000000000002200    0x134cc
 CREATE_OBJECT_SYMBOLS
                0x0000000000002200                PROVIDE (__cy_interrupt_vector = RomVectors)
 *(.romvectors)
 .romvectors    0x0000000000002200       0x10 .pio\build\cubecell_gps\libFrameworkArduino.a(Cm0plusStart.c.o)
                0x0000000000002200                RomVectors
                0x0000000000000001                ASSERT ((. != __cy_interrupt_vector), No interrupt vector)
                0x0000000000000001                ASSERT (CY_APPL_ORIGIN?(SIZEOF (.cybootloader) <= CY_APPL_ORIGIN):0x1, Wrong image location)
                0x0000000000002210                PROVIDE (__cy_reset = Reset)
 *(.text.Reset)
 .text.Reset    0x0000000000002210       0x18 .pio\build\cubecell_gps\libFrameworkArduino.a(Cm0plusStart.c.o)
                0x0000000000002210                Reset
                0x0000000000000001                ASSERT ((. != __cy_reset), No reset code)
 *(.psocinit)
 .psocinit      0x0000000000002228      0x1b4 C:\Users\tobia\.platformio\packages\framework-arduinoasrmicro650x\cores\asr650x\projects\CubeCellLib.a(cyfitter_cfg.o)
                0x0000000000002228                cyfitter_cfg
                0x00000000000023dc                . = MAX (., 0x100)
 *(.text .text.* .gnu.linkonce.t.*)
 .text.__do_global_dtors_aux
                0x00000000000023dc       0x28 c:/users/tobia/.platformio/packages/toolchain-gccarmnoneeabi/bin/../lib/gcc/arm-none-eabi/9.2.1/thumb/v6-m/nofp/crtbegin.o
 .text.frame_dummy
                0x0000000000002404       0x20 c:/users/tobia/.platformio/packages/toolchain-gccarmnoneeabi/bin/../lib/gcc/arm-none-eabi/9.2.1/thumb/v6-m/nofp/crtbegin.o
 .text.cayenne_lpp_reset
                0x0000000000002424       0x14 .pio\build\cubecell_gps\src\cayenne_lpp.c.o
                0x0000000000002424                cayenne_lpp_reset
 .text.cayenne_lpp_add_gps
                0x0000000000002438       0xc4 .pio\build\cubecell_gps\src\cayenne_lpp.c.o
                0x0000000000002438                cayenne_lpp_add_gps
 .text._ZN11SSD1306Wire15getBufferOffsetEv
                0x00000000000024fc        0x4 .pio\build\cubecell_gps\src\main.cpp.o
                0x00000000000024fc                SSD1306Wire::getBufferOffset()
 .text._ZN11SSD1306Wire11sendCommandEh
                0x0000000000002500       0x34 .pio\build\cubecell_gps\src\main.cpp.o
                0x0000000000002500                SSD1306Wire::sendCommand(unsigned char)
 .text._ZN11SSD1306Wire7connectEv
                0x0000000000002534       0x18 .pio\build\cubecell_gps\src\main.cpp.o
                0x0000000000002534                SSD1306Wire::connect()
 .text._Z7OnSleepv
                0x000000000000254c       0x3c .pio\build\cubecell_gps\src\main.cpp.o
                0x000000000000254c                OnSleep()
 .text._Z8OnWakeupv
                0x0000000000002588       0x3c .pio\build\cubecell_gps\src\main.cpp.o
                0x0000000000002588                OnWakeup()
 .text._ZN11SSD1306WireD2Ev
                0x00000000000025c4       0x14 .pio\build\cubecell_gps\src\main.cpp.o
                0x00000000000025c4                SSD1306Wire::~SSD1306Wire()
                0x00000000000025c4                SSD1306Wire::~SSD1306Wire()
 .text._ZN11SSD1306WireD0Ev
                0x00000000000025d8       0x14 .pio\build\cubecell_gps\src\main.cpp.o
                0x00000000000025d8                SSD1306Wire::~SSD1306Wire()
 .text._ZN11SSD1306Wire18initI2cIfNeccesaryEv
                0x00000000000025ec       0x20 .pio\build\cubecell_gps\src\main.cpp.o
                0x00000000000025ec                SSD1306Wire::initI2cIfNeccesary()
 .text._Z18printGpsInfoSerialv
                0x000000000000260c      0x21c .pio\build\cubecell_gps\src\main.cpp.o
                0x000000000000260c                printGpsInfoSerial()
 .text._Z7readGPSv
                0x0000000000002828       0xcc .pio\build\cubecell_gps\src\main.cpp.o
                0x0000000000002828                readGPS()
 .text._Z5setupv
                0x00000000000028f4       0xe8 .pio\build\cubecell_gps\src\main.cpp.o
                0x00000000000028f4                setup()
 .text._Z4loopv
                0x00000000000029dc      0x17c .pio\build\cubecell_gps\src\main.cpp.o
                0x00000000000029dc                loop()
 .text.startup._GLOBAL__sub_I_devEui
                0x0000000000002b58       0x80 .pio\build\cubecell_gps\src\main.cpp.o
 .text._ZN11SSD1306Wire7displayEv
                0x0000000000002bd8      0x2f4 .pio\build\cubecell_gps\src\main.cpp.o
                0x0000000000002bd8                SSD1306Wire::display()
 .text.TimeStampsUpdate
                0x0000000000002ecc       0x38 C:\Users\tobia\.platformio\packages\framework-arduinoasrmicro650x\cores\asr650x\projects\CubeCellLib.a(timeServer.o)
 .text.TimerSetTimeout
                0x0000000000002f04       0x10 C:\Users\tobia\.platformio\packages\framework-arduinoasrmicro650x\cores\asr650x\projects\CubeCellLib.a(timeServer.o)
 .text.TimerInsertNewHeadTimer
                0x0000000000002f14       0x1c C:\Users\tobia\.platformio\packages\framework-arduinoasrmicro650x\cores\asr650x\projects\CubeCellLib.a(timeServer.o)
 .text.TimerSetSysTime
                0x0000000000002f30       0x10 C:\Users\tobia\.platformio\packages\framework-arduinoasrmicro650x\cores\asr650x\projects\CubeCellLib.a(timeServer.o)
                0x0000000000002f30                TimerSetSysTime
 .text.TimerGetSysTime
                0x0000000000002f40       0x28 C:\Users\tobia\.platformio\packages\framework-arduinoasrmicro650x\cores\asr650x\projects\CubeCellLib.a(timeServer.o)
                0x0000000000002f40                TimerGetSysTime
 .text.TimerInit
                0x0000000000002f68        0xe C:\Users\tobia\.platformio\packages\framework-arduinoasrmicro650x\cores\asr650x\projects\CubeCellLib.a(timeServer.o)
                0x0000000000002f68                TimerInit
 *fill*         0x0000000000002f76        0x2 
 .text.TimerStart
                0x0000000000002f78       0x88 C:\Users\tobia\.platformio\packages\framework-arduinoasrmicro650x\cores\asr650x\projects\CubeCellLib.a(timeServer.o)
                0x0000000000002f78                TimerStart
 .text.TimerIrqHandler
                0x0000000000003000       0x70 C:\Users\tobia\.platformio\packages\framework-arduinoasrmicro650x\cores\asr650x\projects\CubeCellLib.a(timeServer.o)
                0x0000000000003000                TimerIrqHandler
 .text.TimerStop
                0x0000000000003070       0x68 C:\Users\tobia\.platformio\packages\framework-arduinoasrmicro650x\cores\asr650x\projects\CubeCellLib.a(timeServer.o)
                0x0000000000003070                TimerStop
 .text.TimerSetValue
                0x00000000000030d8       0x1c C:\Users\tobia\.platformio\packages\framework-arduinoasrmicro650x\cores\asr650x\projects\CubeCellLib.a(timeServer.o)
                0x00000000000030d8                TimerSetValue
 .text.TimerGetCurrentTime
                0x00000000000030f4       0x10 C:\Users\tobia\.platformio\packages\framework-arduinoasrmicro650x\cores\asr650x\projects\CubeCellLib.a(timeServer.o)
                0x00000000000030f4                TimerGetCurrentTime
 .text.TimerGetElapsedTime
                0x0000000000003104       0x10 C:\Users\tobia\.platformio\packages\framework-arduinoasrmicro650x\cores\asr650x\projects\CubeCellLib.a(timeServer.o)
                0x0000000000003104                TimerGetElapsedTime
 .text.get_timer_context
                0x0000000000003114        0xc C:\Users\tobia\.platformio\packages\framework-arduinoasrmicro650x\cores\asr650x\projects\CubeCellLib.a(lorawan_port.o)
 .text.set_timer_val
                0x0000000000003120        0xc C:\Users\tobia\.platformio\packages\framework-arduinoasrmicro650x\cores\asr650x\projects\CubeCellLib.a(lorawan_port.o)
 .text.radio_rw_dis
                0x000000000000312c        0x2 C:\Users\tobia\.platformio\packages\framework-arduinoasrmicro650x\cores\asr650x\projects\CubeCellLib.a(lorawan_port.o)
 .text.radio_rw
                0x000000000000312e        0x4 C:\Users\tobia\.platformio\packages\framework-arduinoasrmicro650x\cores\asr650x\projects\CubeCellLib.a(lorawan_port.o)
 *fill*         0x0000000000003132        0x2 
 .text.RTC_Update_ASR
                0x0000000000003134       0x28 C:\Users\tobia\.platformio\packages\framework-arduinoasrmicro650x\cores\asr650x\projects\CubeCellLib.a(lorawan_port.o)
                0x0000000000003134                RTC_Update_ASR
 .text.get_current_time
                0x000000000000315c       0x54 C:\Users\tobia\.platformio\packages\framework-arduinoasrmicro650x\cores\asr650x\projects\CubeCellLib.a(lorawan_port.o)
                0x000000000000315c                get_current_time
 .text.get_sys_time
                0x00000000000031b0       0x28 C:\Users\tobia\.platformio\packages\framework-arduinoasrmicro650x\cores\asr650x\projects\CubeCellLib.a(lorawan_port.o)
                0x00000000000031b0                get_sys_time
 .text.set_sys_time
                0x00000000000031d8       0x44 C:\Users\tobia\.platformio\packages\framework-arduinoasrmicro650x\cores\asr650x\projects\CubeCellLib.a(lorawan_port.o)
                0x00000000000031d8                set_sys_time
 .text.compute_elapsed_time
                0x000000000000321c       0x10 C:\Users\tobia\.platformio\packages\framework-arduinoasrmicro650x\cores\asr650x\projects\CubeCellLib.a(lorawan_port.o)
 .text.get_timer_elapsed_time
                0x000000000000322c       0x14 C:\Users\tobia\.platformio\packages\framework-arduinoasrmicro650x\cores\asr650x\projects\CubeCellLib.a(lorawan_port.o)
 .text.set_timer_context
                0x0000000000003240       0x14 C:\Users\tobia\.platformio\packages\framework-arduinoasrmicro650x\cores\asr650x\projects\CubeCellLib.a(lorawan_port.o)
 .text.enter_sleep_mode
                0x0000000000003254        0x8 C:\Users\tobia\.platformio\packages\framework-arduinoasrmicro650x\cores\asr650x\projects\CubeCellLib.a(lorawan_port.o)
 .text.set_alarm
                0x000000000000325c       0x20 C:\Users\tobia\.platformio\packages\framework-arduinoasrmicro650x\cores\asr650x\projects\CubeCellLib.a(lorawan_port.o)
 .text.set_timeout
                0x000000000000327c       0x2e C:\Users\tobia\.platformio\packages\framework-arduinoasrmicro650x\cores\asr650x\projects\CubeCellLib.a(lorawan_port.o)
 .text.AlarmBackHandler
                0x00000000000032aa        0x8 C:\Users\tobia\.platformio\packages\framework-arduinoasrmicro650x\cores\asr650x\projects\CubeCellLib.a(lorawan_port.o)
 .text.stop_alarm
                0x00000000000032b2        0x8 C:\Users\tobia\.platformio\packages\framework-arduinoasrmicro650x\cores\asr650x\projects\CubeCellLib.a(lorawan_port.o)
 .text.delay_ms
                0x00000000000032ba        0x8 C:\Users\tobia\.platformio\packages\framework-arduinoasrmicro650x\cores\asr650x\projects\CubeCellLib.a(lorawan_port.o)
 .text.get_mft_baud
                0x00000000000032c2        0x8 C:\Users\tobia\.platformio\packages\framework-arduinoasrmicro650x\cores\asr650x\projects\CubeCellLib.a(lorawan_port.o)
 .text.set_mft_baud
                0x00000000000032ca        0x8 C:\Users\tobia\.platformio\packages\framework-arduinoasrmicro650x\cores\asr650x\projects\CubeCellLib.a(lorawan_port.o)
 .text.get_mft_sn
                0x00000000000032d2        0x8 C:\Users\tobia\.platformio\packages\framework-arduinoasrmicro650x\cores\asr650x\projects\CubeCellLib.a(lorawan_port.o)
 .text.get_mft_rev
                0x00000000000032da        0x8 C:\Users\tobia\.platformio\packages\framework-arduinoasrmicro650x\cores\asr650x\projects\CubeCellLib.a(lorawan_port.o)
 .text.get_mft_model
                0x00000000000032e2        0x8 C:\Users\tobia\.platformio\packages\framework-arduinoasrmicro650x\cores\asr650x\projects\CubeCellLib.a(lorawan_port.o)
 .text.get_mft_id
                0x00000000000032ea        0x8 C:\Users\tobia\.platformio\packages\framework-arduinoasrmicro650x\cores\asr650x\projects\CubeCellLib.a(lorawan_port.o)
 .text.radio_rw_en
                0x00000000000032f2        0x2 C:\Users\tobia\.platformio\packages\framework-arduinoasrmicro650x\cores\asr650x\projects\CubeCellLib.a(lorawan_port.o)
 .text.exit_stop_mode
                0x00000000000032f4        0x2 C:\Users\tobia\.platformio\packages\framework-arduinoasrmicro650x\cores\asr650x\projects\CubeCellLib.a(lorawan_port.o)
 .text.set_uc_wakeup_time
                0x00000000000032f6        0x2 C:\Users\tobia\.platformio\packages\framework-arduinoasrmicro650x\cores\asr650x\projects\CubeCellLib.a(lorawan_port.o)
 .text.radio_reset
                0x00000000000032f8        0x2 C:\Users\tobia\.platformio\packages\framework-arduinoasrmicro650x\cores\asr650x\projects\CubeCellLib.a(lorawan_port.o)
 .text.radio_reset_cfg_input
                0x00000000000032fa        0x2 C:\Users\tobia\.platformio\packages\framework-arduinoasrmicro650x\cores\asr650x\projects\CubeCellLib.a(lorawan_port.o)
 .text.BackupGpioDriveMode
                0x00000000000032fc      0x114 C:\Users\tobia\.platformio\packages\framework-arduinoasrmicro650x\cores\asr650x\projects\CubeCellLib.a(lorawan_port.o)
                0x00000000000032fc                BackupGpioDriveMode
 .text.RestoreGpioDriveMode
                0x0000000000003410      0x118 C:\Users\tobia\.platformio\packages\framework-arduinoasrmicro650x\cores\asr650x\projects\CubeCellLib.a(lorawan_port.o)
                0x0000000000003410                RestoreGpioDriveMode
 .text.SetPinHIZ
                0x0000000000003528       0x2e C:\Users\tobia\.platformio\packages\framework-arduinoasrmicro650x\cores\asr650x\projects\CubeCellLib.a(lorawan_port.o)
                0x0000000000003528                SetPinHIZ
 .text.UartDeepsleep
                0x0000000000003556       0x28 C:\Users\tobia\.platformio\packages\framework-arduinoasrmicro650x\cores\asr650x\projects\CubeCellLib.a(lorawan_port.o)
                0x0000000000003556                UartDeepsleep
 *fill*         0x000000000000357e        0x2 
 .text.enter_stop_mode
                0x0000000000003580       0x3c C:\Users\tobia\.platformio\packages\framework-arduinoasrmicro650x\cores\asr650x\projects\CubeCellLib.a(lorawan_port.o)
 .text.RtcInit  0x00000000000035bc       0x3c C:\Users\tobia\.platformio\packages\framework-arduinoasrmicro650x\cores\asr650x\projects\CubeCellLib.a(lorawan_port.o)
                0x00000000000035bc                RtcInit
 .text.Asr_Timer_RegisterAlarmCallback
                0x00000000000035f8       0x10 C:\Users\tobia\.platformio\packages\framework-arduinoasrmicro650x\cores\asr650x\projects\CubeCellLib.a(asr_timer.o)
                0x00000000000035f8                Asr_Timer_RegisterAlarmCallback
 .text.Asr_SetTimeout
                0x0000000000003608       0xc4 C:\Users\tobia\.platformio\packages\framework-arduinoasrmicro650x\cores\asr650x\projects\CubeCellLib.a(asr_timer.o)
                0x0000000000003608                Asr_SetTimeout
 .text.Asr_Timer_Init
                0x00000000000036cc       0x68 C:\Users\tobia\.platformio\packages\framework-arduinoasrmicro650x\cores\asr650x\projects\CubeCellLib.a(asr_timer.o)
                0x00000000000036cc                Asr_Timer_Init
 .text.Asr_Timer_Disable
                0x0000000000003734       0x18 C:\Users\tobia\.platformio\packages\framework-arduinoasrmicro650x\cores\asr650x\projects\CubeCellLib.a(asr_timer.o)
                0x0000000000003734                Asr_Timer_Disable
 .text.Timer0IsrCallback
                0x000000000000374c       0x1c C:\Users\tobia\.platformio\packages\framework-arduinoasrmicro650x\cores\asr650x\projects\CubeCellLib.a(asr_timer.o)
                0x000000000000374c                Timer0IsrCallback
 .text.Timer1IsrCallback
                0x0000000000003768       0x28 C:\Users\tobia\.platformio\packages\framework-arduinoasrmicro650x\cores\asr650x\projects\CubeCellLib.a(asr_timer.o)
                0x0000000000003768                Timer1IsrCallback
 .text.unlikely.printLoraPara
                0x0000000000003790       0x5c C:\Users\tobia\.platformio\packages\framework-arduinoasrmicro650x\cores\asr650x\projects\CubeCellLib.a(AT_Command.o)
 .text.getLoraPara
                0x00000000000037ec       0xb0 C:\Users\tobia\.platformio\packages\framework-arduinoasrmicro650x\cores\asr650x\projects\CubeCellLib.a(AT_Command.o)
 .text.unlikely.updateLicence
                0x000000000000389c       0x68 C:\Users\tobia\.platformio\packages\framework-arduinoasrmicro650x\cores\asr650x\projects\CubeCellLib.a(AT_Command.o)
 .text.initAt   0x0000000000003904       0x30 C:\Users\tobia\.platformio\packages\framework-arduinoasrmicro650x\cores\asr650x\projects\CubeCellLib.a(AT_Command.o)
 .text.onAutoLpm
                0x0000000000003934       0x58 C:\Users\tobia\.platformio\packages\framework-arduinoasrmicro650x\cores\asr650x\projects\CubeCellLib.a(AT_Command.o)
 .text.unlikely.print_Para.isra.1
                0x000000000000398c      0x130 C:\Users\tobia\.platformio\packages\framework-arduinoasrmicro650x\cores\asr650x\projects\CubeCellLib.a(AT_Command.o)
 .text.unlikely.checkLoraParaformat.isra.2
                0x0000000000003abc       0x84 C:\Users\tobia\.platformio\packages\framework-arduinoasrmicro650x\cores\asr650x\projects\CubeCellLib.a(AT_Command.o)
 .text.unlikely.check_content.isra.5
                0x0000000000003b40      0x390 C:\Users\tobia\.platformio\packages\framework-arduinoasrmicro650x\cores\asr650x\projects\CubeCellLib.a(AT_Command.o)
 .text.wakefromUart
                0x0000000000003ed0       0xb0 C:\Users\tobia\.platformio\packages\framework-arduinoasrmicro650x\cores\asr650x\projects\CubeCellLib.a(AT_Command.o)
 .text.ReceiveCommand
                0x0000000000003f80       0x64 C:\Users\tobia\.platformio\packages\framework-arduinoasrmicro650x\cores\asr650x\projects\CubeCellLib.a(AT_Command.o)
                0x0000000000003f80                ReceiveCommand
 .text.updatePrintCopyright
                0x0000000000003fe4       0x3c C:\Users\tobia\.platformio\packages\framework-arduinoasrmicro650x\cores\asr650x\projects\CubeCellLib.a(AT_Command.o)
                0x0000000000003fe4                updatePrintCopyright
 .text.checkUserAt
                0x0000000000004020        0x4 C:\Users\tobia\.platformio\packages\framework-arduinoasrmicro650x\cores\asr650x\projects\CubeCellLib.a(AT_Command.o)
                0x0000000000004020                checkUserAt
 .text.enableAt
                0x0000000000004024       0x38 C:\Users\tobia\.platformio\packages\framework-arduinoasrmicro650x\cores\asr650x\projects\CubeCellLib.a(AT_Command.o)
                0x0000000000004024                enableAt
 .text.print_para_1
                0x000000000000405c       0x20 C:\Users\tobia\.platformio\packages\framework-arduinoasrmicro650x\cores\asr650x\projects\CubeCellLib.a(AT_Command.o)
                0x000000000000405c                print_para_1
 .text.prepareSavePara
                0x000000000000407c       0x1c C:\Users\tobia\.platformio\packages\framework-arduinoasrmicro650x\cores\asr650x\projects\CubeCellLib.a(AT_Command.o)
                0x000000000000407c                prepareSavePara
 .text.getDevParam
                0x0000000000004098      0x2f8 C:\Users\tobia\.platformio\packages\framework-arduinoasrmicro650x\cores\asr650x\projects\CubeCellLib.a(AT_Command.o)
                0x0000000000004098                getDevParam
 .text.netInfoDisable
                0x0000000000004390       0x1a C:\Users\tobia\.platformio\packages\framework-arduinoasrmicro650x\cores\asr650x\projects\CubeCellLib.a(AT_Command.o)
                0x0000000000004390                netInfoDisable
 *fill*         0x00000000000043aa        0x2 
 .text.onUartEvent
                0x00000000000043ac      0xde0 C:\Users\tobia\.platformio\packages\framework-arduinoasrmicro650x\cores\asr650x\projects\CubeCellLib.a(AT_Command.o)
 .text.saveNetInfo
                0x000000000000518c       0x58 C:\Users\tobia\.platformio\packages\framework-arduinoasrmicro650x\cores\asr650x\projects\CubeCellLib.a(AT_Command.o)
                0x000000000000518c                saveNetInfo
 .text.checkNetInfo
                0x00000000000051e4       0x34 C:\Users\tobia\.platformio\packages\framework-arduinoasrmicro650x\cores\asr650x\projects\CubeCellLib.a(AT_Command.o)
                0x00000000000051e4                checkNetInfo
 .text.saveDownCnt
                0x0000000000005218       0x40 C:\Users\tobia\.platformio\packages\framework-arduinoasrmicro650x\cores\asr650x\projects\CubeCellLib.a(AT_Command.o)
                0x0000000000005218                saveDownCnt
 .text.getNetInfo
                0x0000000000005258      0x120 C:\Users\tobia\.platformio\packages\framework-arduinoasrmicro650x\cores\asr650x\projects\CubeCellLib.a(AT_Command.o)
                0x0000000000005258                getNetInfo
 .text.UART_1_Enable
                0x0000000000005378       0x20 C:\Users\tobia\.platformio\packages\framework-arduinoasrmicro650x\cores\asr650x\projects\CubeCellLib.a(UART_1.o)
                0x0000000000005378                UART_1_Enable
 .text.UART_1_Start
                0x0000000000005398       0x54 C:\Users\tobia\.platformio\packages\framework-arduinoasrmicro650x\cores\asr650x\projects\CubeCellLib.a(UART_1.o)
                0x0000000000005398                UART_1_Start
 .text.UART_1_Stop
                0x00000000000053ec       0x54 C:\Users\tobia\.platformio\packages\framework-arduinoasrmicro650x\cores\asr650x\projects\CubeCellLib.a(UART_1.o)
                0x00000000000053ec                UART_1_Stop
 .text.globalGpioIsrEntry
                0x0000000000005440       0x58 C:\Users\tobia\.platformio\packages\framework-arduinoasrmicro650x\cores\asr650x\projects\CubeCellLib.a(ASR_Arduino.o)
                0x0000000000005440                globalGpioIsrEntry
 .text.getID    0x0000000000005498       0x18 C:\Users\tobia\.platformio\packages\framework-arduinoasrmicro650x\cores\asr650x\projects\CubeCellLib.a(ASR_Arduino.o)
                0x0000000000005498                getID
 .text.license_check
                0x00000000000054b0      0x268 C:\Users\tobia\.platformio\packages\framework-arduinoasrmicro650x\cores\asr650x\projects\CubeCellLib.a(ASR_Arduino.o)
                0x00000000000054b0                license_check
 .text.pinMode  0x0000000000005718       0x6c C:\Users\tobia\.platformio\packages\framework-arduinoasrmicro650x\cores\asr650x\projects\CubeCellLib.a(ASR_Arduino.o)
                0x0000000000005718                pinMode
 .text.digitalWrite
                0x0000000000005784       0x68 C:\Users\tobia\.platformio\packages\framework-arduinoasrmicro650x\cores\asr650x\projects\CubeCellLib.a(ASR_Arduino.o)
                0x0000000000005784                digitalWrite
 .text.digitalRead
                0x00000000000057ec       0x20 C:\Users\tobia\.platformio\packages\framework-arduinoasrmicro650x\cores\asr650x\projects\CubeCellLib.a(ASR_Arduino.o)
                0x00000000000057ec                digitalRead
 .text.ClearPinInterrupt
                0x000000000000580c       0x1c C:\Users\tobia\.platformio\packages\framework-arduinoasrmicro650x\cores\asr650x\projects\CubeCellLib.a(ASR_Arduino.o)
                0x000000000000580c                ClearPinInterrupt
 .text.attachInterrupt
                0x0000000000005828       0x7c C:\Users\tobia\.platformio\packages\framework-arduinoasrmicro650x\cores\asr650x\projects\CubeCellLib.a(ASR_Arduino.o)
                0x0000000000005828                attachInterrupt
 .text.detachInterrupt
                0x00000000000058a4       0x6c C:\Users\tobia\.platformio\packages\framework-arduinoasrmicro650x\cores\asr650x\projects\CubeCellLib.a(ASR_Arduino.o)
                0x00000000000058a4                detachInterrupt
 .text.analogRead
                0x0000000000005910       0x70 C:\Users\tobia\.platformio\packages\framework-arduinoasrmicro650x\cores\asr650x\projects\CubeCellLib.a(ASR_Arduino.o)
                0x0000000000005910                analogRead
 .text.delay    0x0000000000005980        0x8 C:\Users\tobia\.platformio\packages\framework-arduinoasrmicro650x\cores\asr650x\projects\CubeCellLib.a(ASR_Arduino.o)
                0x0000000000005980                delay
 .text.millis   0x0000000000005988        0xc C:\Users\tobia\.platformio\packages\framework-arduinoasrmicro650x\cores\asr650x\projects\CubeCellLib.a(ASR_Arduino.o)
                0x0000000000005988                millis
 .text.SPI_BUSY_SetDriveMode
                0x0000000000005994        0x2 C:\Users\tobia\.platformio\packages\framework-arduinoasrmicro650x\cores\asr650x\projects\CubeCellLib.a(ASR_Arduino.o)
                0x0000000000005994                SPI_BUSY_SetDriveMode
 .text.SPI_NRESET_SetDriveMode
                0x0000000000005996        0x2 C:\Users\tobia\.platformio\packages\framework-arduinoasrmicro650x\cores\asr650x\projects\CubeCellLib.a(ASR_Arduino.o)
                0x0000000000005996                SPI_NRESET_SetDriveMode
 .text.antpow_SetDriveMode
                0x0000000000005998        0x2 C:\Users\tobia\.platformio\packages\framework-arduinoasrmicro650x\cores\asr650x\projects\CubeCellLib.a(ASR_Arduino.o)
                0x0000000000005998                antpow_SetDriveMode
 .text.SPI_1_miso_m_SetDriveMode
                0x000000000000599a        0x2 C:\Users\tobia\.platformio\packages\framework-arduinoasrmicro650x\cores\asr650x\projects\CubeCellLib.a(ASR_Arduino.o)
                0x000000000000599a                SPI_1_miso_m_SetDriveMode
 .text.SPI_1_mosi_m_SetDriveMode
                0x000000000000599c        0x2 C:\Users\tobia\.platformio\packages\framework-arduinoasrmicro650x\cores\asr650x\projects\CubeCellLib.a(ASR_Arduino.o)
                0x000000000000599c                SPI_1_mosi_m_SetDriveMode
 .text.SPI_1_sclk_m_SetDriveMode
                0x000000000000599e        0x2 C:\Users\tobia\.platformio\packages\framework-arduinoasrmicro650x\cores\asr650x\projects\CubeCellLib.a(ASR_Arduino.o)
                0x000000000000599e                SPI_1_sclk_m_SetDriveMode
 .text.systemTimer
                0x00000000000059a0       0x10 C:\Users\tobia\.platformio\packages\framework-arduinoasrmicro650x\cores\asr650x\projects\CubeCellLib.a(cyfitter_cfg.o)
                0x00000000000059a0                systemTimer
 .text.SetAnalogRoutingPumps
                0x00000000000059b0       0x1c C:\Users\tobia\.platformio\packages\framework-arduinoasrmicro650x\cores\asr650x\projects\CubeCellLib.a(cyfitter_cfg.o)
                0x00000000000059b0                SetAnalogRoutingPumps
 .text._ZN11OLEDDisplay11sendCommandEh
                0x00000000000059cc        0x2 .pio\build\cubecell_gps\lib9c3\libOLED.a(cubecell_OLEDDisplay.cpp.o)
                0x00000000000059cc                OLEDDisplay::sendCommand(unsigned char)
 .text._ZN11OLEDDisplay7connectEv
                0x00000000000059ce        0x4 .pio\build\cubecell_gps\lib9c3\libOLED.a(cubecell_OLEDDisplay.cpp.o)
                0x00000000000059ce                OLEDDisplay::connect()
 *fill*         0x00000000000059d2        0x2 
 .text._Z22DefaultFontTableLookuph
                0x00000000000059d4       0x38 .pio\build\cubecell_gps\lib9c3\libOLED.a(cubecell_OLEDDisplay.cpp.o)
                0x00000000000059d4                DefaultFontTableLookup(unsigned char)
 .text._ZN11OLEDDisplay5writeEh
                0x0000000000005a0c       0x80 .pio\build\cubecell_gps\lib9c3\libOLED.a(cubecell_OLEDDisplay.cpp.o)
                0x0000000000005a0c                OLEDDisplay::write(unsigned char)
 .text._ZN11OLEDDisplayC2Ev
                0x0000000000005a8c       0x3c .pio\build\cubecell_gps\lib9c3\libOLED.a(cubecell_OLEDDisplay.cpp.o)
                0x0000000000005a8c                OLEDDisplay::OLEDDisplay()
                0x0000000000005a8c                OLEDDisplay::OLEDDisplay()
 .text._ZN11OLEDDisplay3endEv
                0x0000000000005ac8       0x52 .pio\build\cubecell_gps\lib9c3\libOLED.a(cubecell_OLEDDisplay.cpp.o)
                0x0000000000005ac8                OLEDDisplay::end()
 *fill*         0x0000000000005b1a        0x2 
 .text._ZN11OLEDDisplayD2Ev
                0x0000000000005b1c       0x18 .pio\build\cubecell_gps\lib9c3\libOLED.a(cubecell_OLEDDisplay.cpp.o)
                0x0000000000005b1c                OLEDDisplay::~OLEDDisplay()
                0x0000000000005b1c                OLEDDisplay::~OLEDDisplay()
 .text._ZN11OLEDDisplay18drawStringInternalEssPctt
                0x0000000000005b34      0x1d8 .pio\build\cubecell_gps\lib9c3\libOLED.a(cubecell_OLEDDisplay.cpp.o)
                0x0000000000005b34                OLEDDisplay::drawStringInternal(short, short, char*, unsigned short, unsigned short)
 .text._ZN11OLEDDisplay14getStringWidthEPKct
                0x0000000000005d0c       0x48 .pio\build\cubecell_gps\lib9c3\libOLED.a(cubecell_OLEDDisplay.cpp.o)
                0x0000000000005d0c                OLEDDisplay::getStringWidth(char const*, unsigned short)
 .text._ZN11OLEDDisplay16setTextAlignmentE26OLEDDISPLAY_TEXT_ALIGNMENT
                0x0000000000005d54        0x4 .pio\build\cubecell_gps\lib9c3\libOLED.a(cubecell_OLEDDisplay.cpp.o)
                0x0000000000005d54                OLEDDisplay::setTextAlignment(OLEDDISPLAY_TEXT_ALIGNMENT)
 .text._ZN11OLEDDisplay7setFontEPKh
                0x0000000000005d58        0x4 .pio\build\cubecell_gps\lib9c3\libOLED.a(cubecell_OLEDDisplay.cpp.o)
                0x0000000000005d58                OLEDDisplay::setFont(unsigned char const*)
 .text._ZN11OLEDDisplay5clearEv
                0x0000000000005d5c        0xe .pio\build\cubecell_gps\lib9c3\libOLED.a(cubecell_OLEDDisplay.cpp.o)
                0x0000000000005d5c                OLEDDisplay::clear()
 .text._ZN11OLEDDisplay12resetDisplayEv
                0x0000000000005d6a       0x1c .pio\build\cubecell_gps\lib9c3\libOLED.a(cubecell_OLEDDisplay.cpp.o)
                0x0000000000005d6a                OLEDDisplay::resetDisplay()
 *fill*         0x0000000000005d86        0x2 
 .text._ZN11OLEDDisplay11setGeometryE20OLEDDISPLAY_GEOMETRYtt
                0x0000000000005d88       0x3c .pio\build\cubecell_gps\lib9c3\libOLED.a(cubecell_OLEDDisplay.cpp.o)
                0x0000000000005d88                OLEDDisplay::setGeometry(OLEDDISPLAY_GEOMETRY, unsigned short, unsigned short)
 .text._ZN11OLEDDisplay12setDrivemodeE17OLEDDISPLAY_DRIVE
                0x0000000000005dc4        0x4 .pio\build\cubecell_gps\lib9c3\libOLED.a(cubecell_OLEDDisplay.cpp.o)
                0x0000000000005dc4                OLEDDisplay::setDrivemode(OLEDDISPLAY_DRIVE)
 .text._ZN11OLEDDisplay6setRstEa
                0x0000000000005dc8        0x4 .pio\build\cubecell_gps\lib9c3\libOLED.a(cubecell_OLEDDisplay.cpp.o)
                0x0000000000005dc8                OLEDDisplay::setRst(signed char)
 .text._ZN11OLEDDisplay16sendInitCommandsEv
                0x0000000000005dcc      0x218 .pio\build\cubecell_gps\lib9c3\libOLED.a(cubecell_OLEDDisplay.cpp.o)
                0x0000000000005dcc                OLEDDisplay::sendInitCommands()
 .text._ZN11OLEDDisplay4initEv
                0x0000000000005fe4       0xce .pio\build\cubecell_gps\lib9c3\libOLED.a(cubecell_OLEDDisplay.cpp.o)
                0x0000000000005fe4                OLEDDisplay::init()
 .text._ZN11OLEDDisplay9utf8asciiE6String
                0x00000000000060b2       0x60 .pio\build\cubecell_gps\lib9c3\libOLED.a(cubecell_OLEDDisplay.cpp.o)
                0x00000000000060b2                OLEDDisplay::utf8ascii(String)
 *fill*         0x0000000000006112        0x2 
 .text._ZN11OLEDDisplay10drawStringEss6String
                0x0000000000006114       0xa8 .pio\build\cubecell_gps\lib9c3\libOLED.a(cubecell_OLEDDisplay.cpp.o)
                0x0000000000006114                OLEDDisplay::drawString(short, short, String)
 .text._ZL11McpsConfirmP12sMcpsConfirm
                0x00000000000061bc        0xc .pio\build\cubecell_gps\libb27\libLoRa.a(LoRaWan_APP.cpp.o)
 .text._ZL24OnTxNextPacketTimerEventv
                0x00000000000061c8       0x68 .pio\build\cubecell_gps\libb27\libLoRa.a(LoRaWan_APP.cpp.o)
 .text._ZL14MlmeIndicationP15sMlmeIndication
                0x0000000000006230        0xe .pio\build\cubecell_gps\libb27\libLoRa.a(LoRaWan_APP.cpp.o)
 .text.getBatteryVoltage
                0x000000000000623e       0x28 .pio\build\cubecell_gps\libb27\libLoRa.a(LoRaWan_APP.cpp.o)
                0x000000000000623e                getBatteryVoltage
 *fill*         0x0000000000006266        0x2 
 .text.BoardGetBatteryLevel
                0x0000000000006268       0x7c .pio\build\cubecell_gps\libb27\libLoRa.a(LoRaWan_APP.cpp.o)
                0x0000000000006268                BoardGetBatteryLevel
 .text.downLinkDataHandle
                0x00000000000062e4       0x5c .pio\build\cubecell_gps\libb27\libLoRa.a(LoRaWan_APP.cpp.o)
                0x00000000000062e4                downLinkDataHandle
 .text._ZL14McpsIndicationP15sMcpsIndication
                0x0000000000006340       0x80 .pio\build\cubecell_gps\libb27\libLoRa.a(LoRaWan_APP.cpp.o)
 .text.dev_time_updated
                0x00000000000063c0       0x10 .pio\build\cubecell_gps\libb27\libLoRa.a(LoRaWan_APP.cpp.o)
                0x00000000000063c0                dev_time_updated
 .text.lwan_dev_params_update
                0x00000000000063d0       0xa0 .pio\build\cubecell_gps\libb27\libLoRa.a(LoRaWan_APP.cpp.o)
                0x00000000000063d0                lwan_dev_params_update
 .text.SendFrame
                0x0000000000006470       0xa0 .pio\build\cubecell_gps\libb27\libLoRa.a(LoRaWan_APP.cpp.o)
                0x0000000000006470                SendFrame
 .text._ZN12LoRaWanClass4initE12eDeviceClass16eLoRaMacRegion_t
                0x0000000000006510      0x144 .pio\build\cubecell_gps\libb27\libLoRa.a(LoRaWan_APP.cpp.o)
                0x0000000000006510                LoRaWanClass::init(eDeviceClass, eLoRaMacRegion_t)
 .text._ZN12LoRaWanClass4joinEv
                0x0000000000006654       0xb0 .pio\build\cubecell_gps\libb27\libLoRa.a(LoRaWan_APP.cpp.o)
                0x0000000000006654                LoRaWanClass::join()
 .text._ZN12LoRaWanClass4sendEv
                0x0000000000006704       0x3c .pio\build\cubecell_gps\libb27\libLoRa.a(LoRaWan_APP.cpp.o)
                0x0000000000006704                LoRaWanClass::send()
 .text._ZN12LoRaWanClass5cycleEm
                0x0000000000006740       0x18 .pio\build\cubecell_gps\libb27\libLoRa.a(LoRaWan_APP.cpp.o)
                0x0000000000006740                LoRaWanClass::cycle(unsigned long)
 .text._ZN12LoRaWanClass5sleepEv
                0x0000000000006758       0x14 .pio\build\cubecell_gps\libb27\libLoRa.a(LoRaWan_APP.cpp.o)
                0x0000000000006758                LoRaWanClass::sleep()
 .text._ZN12LoRaWanClass10ifskipjoinEv
                0x000000000000676c      0x108 .pio\build\cubecell_gps\libb27\libLoRa.a(LoRaWan_APP.cpp.o)
                0x000000000000676c                LoRaWanClass::ifskipjoin()
 .text.startup._GLOBAL__sub_I_display
                0x0000000000006874       0x64 .pio\build\cubecell_gps\libb27\libLoRa.a(LoRaWan_APP.cpp.o)
 .text._ZN12LoRaWanClass13displayJoinedEv
                0x00000000000068d8       0x40 .pio\build\cubecell_gps\libb27\libLoRa.a(LoRaWan_APP.cpp.o)
                0x00000000000068d8                LoRaWanClass::displayJoined()
 .text._ZL11MlmeConfirmP12sMlmeConfirm
                0x0000000000006918       0x7c .pio\build\cubecell_gps\libb27\libLoRa.a(LoRaWan_APP.cpp.o)
 .text._ZN15Adafruit_BME280C2Ev
                0x0000000000006994       0x12 .pio\build\cubecell_gps\lib0f9\libAdafruit BME280 Library.a(Adafruit_BME280.cpp.o)
                0x0000000000006994                Adafruit_BME280::Adafruit_BME280()
                0x0000000000006994                Adafruit_BME280::Adafruit_BME280()
 .text._ZN15Adafruit_BME280D2Ev
                0x00000000000069a6       0x2c .pio\build\cubecell_gps\lib0f9\libAdafruit BME280 Library.a(Adafruit_BME280.cpp.o)
                0x00000000000069a6                Adafruit_BME280::~Adafruit_BME280()
                0x00000000000069a6                Adafruit_BME280::~Adafruit_BME280()
 .text._ZN11TinyGPSPlusC2Ev
                0x00000000000069d2       0x64 .pio\build\cubecell_gps\libbcc\libOnBoardGPS_Air530.a(CubeCell_TinyGPS++.cpp.o)
                0x00000000000069d2                TinyGPSPlus::TinyGPSPlus()
                0x00000000000069d2                TinyGPSPlus::TinyGPSPlus()
 .text._ZN11TinyGPSPlus7fromHexEc
                0x0000000000006a36       0x1e .pio\build\cubecell_gps\libbcc\libOnBoardGPS_Air530.a(CubeCell_TinyGPS++.cpp.o)
                0x0000000000006a36                TinyGPSPlus::fromHex(char)
 .text._ZN11TinyGPSPlus12parseDecimalEPKc
                0x0000000000006a54       0x4a .pio\build\cubecell_gps\libbcc\libOnBoardGPS_Air530.a(CubeCell_TinyGPS++.cpp.o)
                0x0000000000006a54                TinyGPSPlus::parseDecimal(char const*)
 *fill*         0x0000000000006a9e        0x2 
 .text._ZN11TinyGPSPlus12parseDegreesEPKcR10RawDegrees
                0x0000000000006aa0       0x64 .pio\build\cubecell_gps\libbcc\libOnBoardGPS_Air530.a(CubeCell_TinyGPS++.cpp.o)
                0x0000000000006aa0                TinyGPSPlus::parseDegrees(char const*, RawDegrees&)
 .text._ZN15TinyGPSLocation6commitEv
                0x0000000000006b04       0x2e .pio\build\cubecell_gps\libbcc\libOnBoardGPS_Air530.a(CubeCell_TinyGPS++.cpp.o)
                0x0000000000006b04                TinyGPSLocation::commit()
 *fill*         0x0000000000006b32        0x2 
 .text._ZN15TinyGPSLocation3latEv
                0x0000000000006b34       0x48 .pio\build\cubecell_gps\libbcc\libOnBoardGPS_Air530.a(CubeCell_TinyGPS++.cpp.o)
                0x0000000000006b34                TinyGPSLocation::lat()
 .text._ZN15TinyGPSLocation3lngEv
                0x0000000000006b7c       0x48 .pio\build\cubecell_gps\libbcc\libOnBoardGPS_Air530.a(CubeCell_TinyGPS++.cpp.o)
                0x0000000000006b7c                TinyGPSLocation::lng()
 .text._ZN11TinyGPSDate6commitEv
                0x0000000000006bc4       0x16 .pio\build\cubecell_gps\libbcc\libOnBoardGPS_Air530.a(CubeCell_TinyGPS++.cpp.o)
                0x0000000000006bc4                TinyGPSDate::commit()
 .text._ZN11TinyGPSTime6commitEv
                0x0000000000006bda       0x16 .pio\build\cubecell_gps\libbcc\libOnBoardGPS_Air530.a(CubeCell_TinyGPS++.cpp.o)
                0x0000000000006bda                TinyGPSTime::commit()
 .text._ZN11TinyGPSTime7setTimeEPKc
                0x0000000000006bf0        0xe .pio\build\cubecell_gps\libbcc\libOnBoardGPS_Air530.a(CubeCell_TinyGPS++.cpp.o)
                0x0000000000006bf0                TinyGPSTime::setTime(char const*)
 .text._ZN11TinyGPSDate7setDateEPKc
                0x0000000000006bfe        0xe .pio\build\cubecell_gps\libbcc\libOnBoardGPS_Air530.a(CubeCell_TinyGPS++.cpp.o)
                0x0000000000006bfe                TinyGPSDate::setDate(char const*)
 .text._ZN11TinyGPSDate4yearEv
                0x0000000000006c0c       0x18 .pio\build\cubecell_gps\libbcc\libOnBoardGPS_Air530.a(CubeCell_TinyGPS++.cpp.o)
                0x0000000000006c0c                TinyGPSDate::year()
 .text._ZN11TinyGPSDate5monthEv
                0x0000000000006c24       0x18 .pio\build\cubecell_gps\libbcc\libOnBoardGPS_Air530.a(CubeCell_TinyGPS++.cpp.o)
                0x0000000000006c24                TinyGPSDate::month()
 .text._ZN11TinyGPSDate3dayEv
                0x0000000000006c3c       0x18 .pio\build\cubecell_gps\libbcc\libOnBoardGPS_Air530.a(CubeCell_TinyGPS++.cpp.o)
                0x0000000000006c3c                TinyGPSDate::day()
 .text._ZN11TinyGPSTime4hourEv
                0x0000000000006c54       0x18 .pio\build\cubecell_gps\libbcc\libOnBoardGPS_Air530.a(CubeCell_TinyGPS++.cpp.o)
                0x0000000000006c54                TinyGPSTime::hour()
 .text._ZN11TinyGPSTime6minuteEv
                0x0000000000006c6c       0x1c .pio\build\cubecell_gps\libbcc\libOnBoardGPS_Air530.a(CubeCell_TinyGPS++.cpp.o)
                0x0000000000006c6c                TinyGPSTime::minute()
 .text._ZN11TinyGPSTime6secondEv
                0x0000000000006c88       0x18 .pio\build\cubecell_gps\libbcc\libOnBoardGPS_Air530.a(CubeCell_TinyGPS++.cpp.o)
                0x0000000000006c88                TinyGPSTime::second()
 .text._ZN11TinyGPSTime11centisecondEv
                0x0000000000006ca0       0x12 .pio\build\cubecell_gps\libbcc\libOnBoardGPS_Air530.a(CubeCell_TinyGPS++.cpp.o)
                0x0000000000006ca0                TinyGPSTime::centisecond()
 .text._ZN14TinyGPSDecimal6commitEv
                0x0000000000006cb2       0x16 .pio\build\cubecell_gps\libbcc\libOnBoardGPS_Air530.a(CubeCell_TinyGPS++.cpp.o)
                0x0000000000006cb2                TinyGPSDecimal::commit()
 .text._ZN14TinyGPSDecimal3setEPKc
                0x0000000000006cc8        0xe .pio\build\cubecell_gps\libbcc\libOnBoardGPS_Air530.a(CubeCell_TinyGPS++.cpp.o)
                0x0000000000006cc8                TinyGPSDecimal::set(char const*)
 .text._ZN14TinyGPSInteger6commitEv
                0x0000000000006cd6       0x16 .pio\build\cubecell_gps\libbcc\libOnBoardGPS_Air530.a(CubeCell_TinyGPS++.cpp.o)
                0x0000000000006cd6                TinyGPSInteger::commit()
 .text._ZN14TinyGPSInteger3setEPKc
                0x0000000000006cec        0xe .pio\build\cubecell_gps\libbcc\libOnBoardGPS_Air530.a(CubeCell_TinyGPS++.cpp.o)
                0x0000000000006cec                TinyGPSInteger::set(char const*)
 .text._ZN13TinyGPSCustom6commitEv
                0x0000000000006cfa       0x1a .pio\build\cubecell_gps\libbcc\libOnBoardGPS_Air530.a(CubeCell_TinyGPS++.cpp.o)
                0x0000000000006cfa                TinyGPSCustom::commit()
 .text._ZN13TinyGPSCustom3setEPKc
                0x0000000000006d14        0xa .pio\build\cubecell_gps\libbcc\libOnBoardGPS_Air530.a(CubeCell_TinyGPS++.cpp.o)
                0x0000000000006d14                TinyGPSCustom::set(char const*)
 *fill*         0x0000000000006d1e        0x2 
 .text._ZN11TinyGPSPlus16endOfTermHandlerEv
                0x0000000000006d20      0x278 .pio\build\cubecell_gps\libbcc\libOnBoardGPS_Air530.a(CubeCell_TinyGPS++.cpp.o)
                0x0000000000006d20                TinyGPSPlus::endOfTermHandler()
 .text._ZN11TinyGPSPlus6encodeEc
                0x0000000000006f98       0x9e .pio\build\cubecell_gps\libbcc\libOnBoardGPS_Air530.a(CubeCell_TinyGPS++.cpp.o)
                0x0000000000006f98                TinyGPSPlus::encode(char)
 .text._ZN14HardwareSerialD2Ev
                0x0000000000007036        0x2 .pio\build\cubecell_gps\libbcc\libOnBoardGPS_Air530.a(GPS_Air530.cpp.o)
                0x0000000000007036                HardwareSerial::~HardwareSerial()
                0x0000000000007036                HardwareSerial::~HardwareSerial()
 .text._Z11calchecksum6String
                0x0000000000007038       0x5c .pio\build\cubecell_gps\libbcc\libOnBoardGPS_Air530.a(GPS_Air530.cpp.o)
                0x0000000000007038                calchecksum(String)
 .text._ZN11Air530Class9availableEv
                0x0000000000007094       0x10 .pio\build\cubecell_gps\libbcc\libOnBoardGPS_Air530.a(GPS_Air530.cpp.o)
                0x0000000000007094                Air530Class::available()
 .text._ZN11Air530Class4readEv
                0x00000000000070a4       0x10 .pio\build\cubecell_gps\libbcc\libOnBoardGPS_Air530.a(GPS_Air530.cpp.o)
                0x00000000000070a4                Air530Class::read()
 .text._ZN11Air530Class7sendcmdE6String
                0x00000000000070b4       0x34 .pio\build\cubecell_gps\libbcc\libOnBoardGPS_Air530.a(GPS_Air530.cpp.o)
                0x00000000000070b4                Air530Class::sendcmd(String)
 .text._ZN11Air530Class7getNMEAEv
                0x00000000000070e8       0x9c .pio\build\cubecell_gps\libbcc\libOnBoardGPS_Air530.a(GPS_Air530.cpp.o)
                0x00000000000070e8                Air530Class::getNMEA()
 .text._ZN11Air530Class5beginEm
                0x0000000000007184      0x1f8 .pio\build\cubecell_gps\libbcc\libOnBoardGPS_Air530.a(GPS_Air530.cpp.o)
                0x0000000000007184                Air530Class::begin(unsigned long)
 .text._ZN14HardwareSerialD0Ev
                0x000000000000737c        0xe .pio\build\cubecell_gps\libbcc\libOnBoardGPS_Air530.a(GPS_Air530.cpp.o)
                0x000000000000737c                HardwareSerial::~HardwareSerial()
 *fill*         0x000000000000738a        0x2 
 .text.startup._GLOBAL__sub_I_GPSSerial
                0x000000000000738c       0x38 .pio\build\cubecell_gps\libbcc\libOnBoardGPS_Air530.a(GPS_Air530.cpp.o)
 .text.startup._GLOBAL__sub_I__ZN8SPIClassC2Eaa
                0x00000000000073c4       0x28 .pio\build\cubecell_gps\libFrameworkArduino.a(SPI.cpp.o)
 .text._ZN6Stream9readBytesEPhj
                0x00000000000073ec        0xa .pio\build\cubecell_gps\libFrameworkArduino.a(HardwareSerial.cpp.o)
                0x00000000000073ec                Stream::readBytes(unsigned char*, unsigned int)
 .text._ZN14HardwareSerial4peekEv
                0x00000000000073f6        0x4 .pio\build\cubecell_gps\libFrameworkArduino.a(HardwareSerial.cpp.o)
                0x00000000000073f6                HardwareSerial::peek()
 .text._ZN14HardwareSerial9availableEv
                0x00000000000073fa       0x16 .pio\build\cubecell_gps\libFrameworkArduino.a(HardwareSerial.cpp.o)
                0x00000000000073fa                HardwareSerial::available()
 .text._ZN14HardwareSerial4readEv
                0x0000000000007410       0x26 .pio\build\cubecell_gps\libFrameworkArduino.a(HardwareSerial.cpp.o)
                0x0000000000007410                HardwareSerial::read()
 .text._ZN14HardwareSerial5writeEh
                0x0000000000007436       0x1a .pio\build\cubecell_gps\libFrameworkArduino.a(HardwareSerial.cpp.o)
                0x0000000000007436                HardwareSerial::write(unsigned char)
 .text._ZN14HardwareSerial5writeEPKhj
                0x0000000000007450       0x28 .pio\build\cubecell_gps\libFrameworkArduino.a(HardwareSerial.cpp.o)
                0x0000000000007450                HardwareSerial::write(unsigned char const*, unsigned int)
 .text._ZN14HardwareSerial5flushEv
                0x0000000000007478       0x2c .pio\build\cubecell_gps\libFrameworkArduino.a(HardwareSerial.cpp.o)
                0x0000000000007478                HardwareSerial::flush()
 .text._ZN14HardwareSerialC2Ea
                0x00000000000074a4       0x1c .pio\build\cubecell_gps\libFrameworkArduino.a(HardwareSerial.cpp.o)
                0x00000000000074a4                HardwareSerial::HardwareSerial(signed char)
                0x00000000000074a4                HardwareSerial::HardwareSerial(signed char)
 .text._ZN14HardwareSerial5beginEmmabm
                0x00000000000074c0      0x124 .pio\build\cubecell_gps\libFrameworkArduino.a(HardwareSerial.cpp.o)
                0x00000000000074c0                HardwareSerial::begin(unsigned long, unsigned long, signed char, bool, unsigned long)
 .text._ZN14HardwareSerial14updateBaudRateEm
                0x00000000000075e4       0x5c .pio\build\cubecell_gps\libFrameworkArduino.a(HardwareSerial.cpp.o)
                0x00000000000075e4                HardwareSerial::updateBaudRate(unsigned long)
 .text.startup._GLOBAL__sub_I_Serial
                0x0000000000007640       0x5c .pio\build\cubecell_gps\libFrameworkArduino.a(HardwareSerial.cpp.o)
 .text._ZN7TwoWireD2Ev
                0x000000000000769c        0x2 .pio\build\cubecell_gps\libFrameworkArduino.a(Wire.cpp.o)
                0x000000000000769c                TwoWire::~TwoWire()
                0x000000000000769c                TwoWire::~TwoWire()
 .text._ZN7TwoWire5writeEPKhj
                0x000000000000769e       0x24 .pio\build\cubecell_gps\libFrameworkArduino.a(Wire.cpp.o)
                0x000000000000769e                TwoWire::write(unsigned char const*, unsigned int)
 .text._ZN7TwoWire9availableEv
                0x00000000000076c2        0xe .pio\build\cubecell_gps\libFrameworkArduino.a(Wire.cpp.o)
                0x00000000000076c2                TwoWire::available()
 .text._ZN7TwoWire4readEv
                0x00000000000076d0       0x20 .pio\build\cubecell_gps\libFrameworkArduino.a(Wire.cpp.o)
                0x00000000000076d0                TwoWire::read()
 .text._ZN7TwoWire4peekEv
                0x00000000000076f0       0x1c .pio\build\cubecell_gps\libFrameworkArduino.a(Wire.cpp.o)
                0x00000000000076f0                TwoWire::peek()
 .text._ZN7TwoWireD0Ev
                0x000000000000770c       0x10 .pio\build\cubecell_gps\libFrameworkArduino.a(Wire.cpp.o)
                0x000000000000770c                TwoWire::~TwoWire()
 .text._ZN7TwoWire5writeEh
                0x000000000000771c       0x40 .pio\build\cubecell_gps\libFrameworkArduino.a(Wire.cpp.o)
                0x000000000000771c                TwoWire::write(unsigned char)
 .text._ZN7TwoWire5flushEv
                0x000000000000775c       0x78 .pio\build\cubecell_gps\libFrameworkArduino.a(Wire.cpp.o)
                0x000000000000775c                TwoWire::flush()
 .text._ZN7TwoWireC2Ea
                0x00000000000077d4       0x3c .pio\build\cubecell_gps\libFrameworkArduino.a(Wire.cpp.o)
                0x00000000000077d4                TwoWire::TwoWire(signed char)
                0x00000000000077d4                TwoWire::TwoWire(signed char)
 .text._ZN7TwoWire5beginEma
                0x0000000000007810       0x6c .pio\build\cubecell_gps\libFrameworkArduino.a(Wire.cpp.o)
                0x0000000000007810                TwoWire::begin(unsigned long, signed char)
 .text._ZN7TwoWire17writeTransmissionEtPhtb
                0x000000000000787c       0xc0 .pio\build\cubecell_gps\libFrameworkArduino.a(Wire.cpp.o)
                0x000000000000787c                TwoWire::writeTransmission(unsigned short, unsigned char*, unsigned short, bool)
 .text._ZN7TwoWire15endTransmissionEb
                0x000000000000793c       0x68 .pio\build\cubecell_gps\libFrameworkArduino.a(Wire.cpp.o)
                0x000000000000793c                TwoWire::endTransmission(bool)
 .text._ZN7TwoWire17beginTransmissionEh
                0x00000000000079a4       0x12 .pio\build\cubecell_gps\libFrameworkArduino.a(Wire.cpp.o)
                0x00000000000079a4                TwoWire::beginTransmission(unsigned char)
 .text._ZN7TwoWire15endTransmissionEv
                0x00000000000079b6        0xa .pio\build\cubecell_gps\libFrameworkArduino.a(Wire.cpp.o)
                0x00000000000079b6                TwoWire::endTransmission()
 .text.startup._GLOBAL__sub_I__ZN7TwoWireC2Ea
                0x00000000000079c0       0x40 .pio\build\cubecell_gps\libFrameworkArduino.a(Wire.cpp.o)
 .text.SX126xIoInit
                0x0000000000007a00       0x44 .pio\build\cubecell_gps\libFrameworkArduino.a(asr_board.c.o)
                0x0000000000007a00                SX126xIoInit
 .text.SX126xIoIrqInit
                0x0000000000007a44       0x14 .pio\build\cubecell_gps\libFrameworkArduino.a(asr_board.c.o)
                0x0000000000007a44                SX126xIoIrqInit
 .text.SX126xGetBoardTcxoWakeupTime
                0x0000000000007a58        0x4 .pio\build\cubecell_gps\libFrameworkArduino.a(asr_board.c.o)
                0x0000000000007a58                SX126xGetBoardTcxoWakeupTime
 .text.SX126xReset
                0x0000000000007a5c       0x50 .pio\build\cubecell_gps\libFrameworkArduino.a(asr_board.c.o)
                0x0000000000007a5c                SX126xReset
 .text.SX126xWaitOnBusy
                0x0000000000007aac       0x14 .pio\build\cubecell_gps\libFrameworkArduino.a(asr_board.c.o)
                0x0000000000007aac                SX126xWaitOnBusy
 .text.SX126xWakeup
                0x0000000000007ac0       0x38 .pio\build\cubecell_gps\libFrameworkArduino.a(asr_board.c.o)
                0x0000000000007ac0                SX126xWakeup
 .text.SX126xWriteCommand
                0x0000000000007af8       0x50 .pio\build\cubecell_gps\libFrameworkArduino.a(asr_board.c.o)
                0x0000000000007af8                SX126xWriteCommand
 .text.SX126xReadCommand
                0x0000000000007b48       0x54 .pio\build\cubecell_gps\libFrameworkArduino.a(asr_board.c.o)
                0x0000000000007b48                SX126xReadCommand
 .text.SX126xWriteRegisters
                0x0000000000007b9c       0x5c .pio\build\cubecell_gps\libFrameworkArduino.a(asr_board.c.o)
                0x0000000000007b9c                SX126xWriteRegisters
 .text.SX126xWriteRegister
                0x0000000000007bf8       0x12 .pio\build\cubecell_gps\libFrameworkArduino.a(asr_board.c.o)
                0x0000000000007bf8                SX126xWriteRegister
 *fill*         0x0000000000007c0a        0x2 
 .text.SX126xReadRegisters
                0x0000000000007c0c       0x64 .pio\build\cubecell_gps\libFrameworkArduino.a(asr_board.c.o)
                0x0000000000007c0c                SX126xReadRegisters
 .text.SX126xReadRegister
                0x0000000000007c70       0x12 .pio\build\cubecell_gps\libFrameworkArduino.a(asr_board.c.o)
                0x0000000000007c70                SX126xReadRegister
 *fill*         0x0000000000007c82        0x2 
 .text.SX126xWriteBuffer
                0x0000000000007c84       0x54 .pio\build\cubecell_gps\libFrameworkArduino.a(asr_board.c.o)
                0x0000000000007c84                SX126xWriteBuffer
 .text.SX126xReadBuffer
                0x0000000000007cd8       0x5c .pio\build\cubecell_gps\libFrameworkArduino.a(asr_board.c.o)
                0x0000000000007cd8                SX126xReadBuffer
 .text.SX126xSetRfTxPower
                0x0000000000007d34        0xa .pio\build\cubecell_gps\libFrameworkArduino.a(asr_board.c.o)
                0x0000000000007d34                SX126xSetRfTxPower
 .text.SX126xGetPaSelect
                0x0000000000007d3e        0x4 .pio\build\cubecell_gps\libFrameworkArduino.a(asr_board.c.o)
                0x0000000000007d3e                SX126xGetPaSelect
 .text.SX126xAntSwOn
                0x0000000000007d42        0x2 .pio\build\cubecell_gps\libFrameworkArduino.a(asr_board.c.o)
                0x0000000000007d42                SX126xAntSwOn
 .text.SX126xAntSwOff
                0x0000000000007d44        0x2 .pio\build\cubecell_gps\libFrameworkArduino.a(asr_board.c.o)
                0x0000000000007d44                SX126xAntSwOff
 .text.BoardDisableIrq
                0x0000000000007d46        0x4 .pio\build\cubecell_gps\libFrameworkArduino.a(asr_board.c.o)
                0x0000000000007d46                BoardDisableIrq
 .text.BoardEnableIrq
                0x0000000000007d4a        0x4 .pio\build\cubecell_gps\libFrameworkArduino.a(asr_board.c.o)
                0x0000000000007d4a                BoardEnableIrq
 *fill*         0x0000000000007d4e        0x2 
 .text.boardInitMcu
                0x0000000000007d50       0x4c .pio\build\cubecell_gps\libFrameworkArduino.a(asr_board.c.o)
                0x0000000000007d50                boardInitMcu
 .text.HW_Get_MFT_ID
                0x0000000000007d9c        0x8 .pio\build\cubecell_gps\libFrameworkArduino.a(asr_board.c.o)
                0x0000000000007d9c                HW_Get_MFT_ID
 .text.HW_Get_MFT_Model
                0x0000000000007da4        0x8 .pio\build\cubecell_gps\libFrameworkArduino.a(asr_board.c.o)
                0x0000000000007da4                HW_Get_MFT_Model
 .text.HW_Get_MFT_Rev
                0x0000000000007dac        0x8 .pio\build\cubecell_gps\libFrameworkArduino.a(asr_board.c.o)
                0x0000000000007dac                HW_Get_MFT_Rev
 .text.HW_Get_MFT_SN
                0x0000000000007db4       0x24 .pio\build\cubecell_gps\libFrameworkArduino.a(asr_board.c.o)
                0x0000000000007db4                HW_Get_MFT_SN
 .text.HW_Set_MFT_Baud
                0x0000000000007dd8       0x64 .pio\build\cubecell_gps\libFrameworkArduino.a(asr_board.c.o)
                0x0000000000007dd8                HW_Set_MFT_Baud
 .text.HW_Get_MFT_Baud
                0x0000000000007e3c        0xc .pio\build\cubecell_gps\libFrameworkArduino.a(asr_board.c.o)
                0x0000000000007e3c                HW_Get_MFT_Baud
 .text.GpioInit
                0x0000000000007e48       0x12 .pio\build\cubecell_gps\libFrameworkArduino.a(gpio.c.o)
                0x0000000000007e48                GpioInit
 .text.GpioSetInterrupt
                0x0000000000007e5a        0x8 .pio\build\cubecell_gps\libFrameworkArduino.a(gpio.c.o)
                0x0000000000007e5a                GpioSetInterrupt
 .text.GpioWrite
                0x0000000000007e62        0x8 .pio\build\cubecell_gps\libFrameworkArduino.a(gpio.c.o)
                0x0000000000007e62                GpioWrite
 .text.GpioRead
                0x0000000000007e6a        0x8 .pio\build\cubecell_gps\libFrameworkArduino.a(gpio.c.o)
                0x0000000000007e6a                GpioRead
 .text.SpiInit  0x0000000000007e72        0x8 .pio\build\cubecell_gps\libFrameworkArduino.a(spi-board.c.o)
                0x0000000000007e72                SpiInit
 *fill*         0x0000000000007e7a        0x2 
 .text.SpiInOut
                0x0000000000007e7c       0x34 .pio\build\cubecell_gps\libFrameworkArduino.a(spi-board.c.o)
                0x0000000000007e7c                SpiInOut
 .text.ADC_SAR_Seq_Init
                0x0000000000007eb0       0xd8 .pio\build\cubecell_gps\libFrameworkArduino.a(ADC_SAR_Seq.c.o)
                0x0000000000007eb0                ADC_SAR_Seq_Init
 .text.ADC_SAR_Seq_Enable
                0x0000000000007f88       0x2c .pio\build\cubecell_gps\libFrameworkArduino.a(ADC_SAR_Seq.c.o)
                0x0000000000007f88                ADC_SAR_Seq_Enable
 .text.ADC_SAR_Seq_Start
                0x0000000000007fb4       0x1c .pio\build\cubecell_gps\libFrameworkArduino.a(ADC_SAR_Seq.c.o)
                0x0000000000007fb4                ADC_SAR_Seq_Start
 .text.ADC_SAR_Seq_Stop
                0x0000000000007fd0       0x10 .pio\build\cubecell_gps\libFrameworkArduino.a(ADC_SAR_Seq.c.o)
                0x0000000000007fd0                ADC_SAR_Seq_Stop
 .text.ADC_SAR_Seq_StartConvert
                0x0000000000007fe0        0xc .pio\build\cubecell_gps\libFrameworkArduino.a(ADC_SAR_Seq.c.o)
                0x0000000000007fe0                ADC_SAR_Seq_StartConvert
 .text.ADC_SAR_Seq_StopConvert
                0x0000000000007fec        0x2 .pio\build\cubecell_gps\libFrameworkArduino.a(ADC_SAR_Seq.c.o)
                0x0000000000007fec                ADC_SAR_Seq_StopConvert
 *fill*         0x0000000000007fee        0x2 
 .text.ADC_SAR_Seq_IsEndConversion
                0x0000000000007ff0       0x2c .pio\build\cubecell_gps\libFrameworkArduino.a(ADC_SAR_Seq.c.o)
                0x0000000000007ff0                ADC_SAR_Seq_IsEndConversion
 .text.ADC_SAR_Seq_GetResult16
                0x000000000000801c       0x20 .pio\build\cubecell_gps\libFrameworkArduino.a(ADC_SAR_Seq.c.o)
                0x000000000000801c                ADC_SAR_Seq_GetResult16
 .text.ADC_SAR_Seq_CountsTo_mVolts
                0x000000000000803c       0x50 .pio\build\cubecell_gps\libFrameworkArduino.a(ADC_SAR_Seq.c.o)
                0x000000000000803c                ADC_SAR_Seq_CountsTo_mVolts
 .text.ADC_SAR_Seq_ISR
                0x000000000000808c        0xc .pio\build\cubecell_gps\libFrameworkArduino.a(ADC_SAR_Seq_INT.c.o)
                0x000000000000808c                ADC_SAR_Seq_ISR
 .text.I2C_1_I2CMasterHandleStatus
                0x0000000000008098       0x94 .pio\build\cubecell_gps\libFrameworkArduino.a(I2C_1_I2C_MASTER.c.o)
 .text.I2C_1_I2CMasterWaitOneUnit
                0x000000000000812c       0x24 .pio\build\cubecell_gps\libFrameworkArduino.a(I2C_1_I2C_MASTER.c.o)
 .text.I2C_1_I2CMasterSendStart
                0x0000000000008150       0xbc .pio\build\cubecell_gps\libFrameworkArduino.a(I2C_1_I2C_MASTER.c.o)
                0x0000000000008150                I2C_1_I2CMasterSendStart
 .text.I2C_1_I2CMasterSendStop
                0x000000000000820c       0x54 .pio\build\cubecell_gps\libFrameworkArduino.a(I2C_1_I2C_MASTER.c.o)
                0x000000000000820c                I2C_1_I2CMasterSendStop
 .text.I2C_1_I2CMasterWriteByte
                0x0000000000008260       0x44 .pio\build\cubecell_gps\libFrameworkArduino.a(I2C_1_I2C_MASTER.c.o)
                0x0000000000008260                I2C_1_I2CMasterWriteByte
 .text.I2C_1_I2CMasterClearReadBuf
                0x00000000000082a4       0x24 .pio\build\cubecell_gps\libFrameworkArduino.a(I2C_1_I2C_MASTER.c.o)
                0x00000000000082a4                I2C_1_I2CMasterClearReadBuf
 .text.I2C_1_I2CMasterClearWriteBuf
                0x00000000000082c8       0x24 .pio\build\cubecell_gps\libFrameworkArduino.a(I2C_1_I2C_MASTER.c.o)
                0x00000000000082c8                I2C_1_I2CMasterClearWriteBuf
 .text.I2C_1_I2CMasterClearStatus
                0x00000000000082ec       0x20 .pio\build\cubecell_gps\libFrameworkArduino.a(I2C_1_I2C_MASTER.c.o)
                0x00000000000082ec                I2C_1_I2CMasterClearStatus
 .text.I2C_1_I2CReStartGeneration
                0x000000000000830c       0x24 .pio\build\cubecell_gps\libFrameworkArduino.a(I2C_1_I2C_MASTER.c.o)
                0x000000000000830c                I2C_1_I2CReStartGeneration
 .text.I2C_1_I2CMasterSendRestart
                0x0000000000008330       0x60 .pio\build\cubecell_gps\libFrameworkArduino.a(I2C_1_I2C_MASTER.c.o)
                0x0000000000008330                I2C_1_I2CMasterSendRestart
 .text.I2C_I2CMasterHandleStatus
                0x0000000000008390       0x94 .pio\build\cubecell_gps\libFrameworkArduino.a(I2C_I2C_MASTER.c.o)
 .text.I2C_I2CMasterWaitOneUnit
                0x0000000000008424       0x24 .pio\build\cubecell_gps\libFrameworkArduino.a(I2C_I2C_MASTER.c.o)
 .text.I2C_I2CMasterSendStart
                0x0000000000008448       0xbc .pio\build\cubecell_gps\libFrameworkArduino.a(I2C_I2C_MASTER.c.o)
                0x0000000000008448                I2C_I2CMasterSendStart
 .text.I2C_I2CMasterSendStop
                0x0000000000008504       0x54 .pio\build\cubecell_gps\libFrameworkArduino.a(I2C_I2C_MASTER.c.o)
                0x0000000000008504                I2C_I2CMasterSendStop
 .text.I2C_I2CMasterWriteByte
                0x0000000000008558       0x44 .pio\build\cubecell_gps\libFrameworkArduino.a(I2C_I2C_MASTER.c.o)
                0x0000000000008558                I2C_I2CMasterWriteByte
 .text.I2C_I2CMasterClearReadBuf
                0x000000000000859c       0x24 .pio\build\cubecell_gps\libFrameworkArduino.a(I2C_I2C_MASTER.c.o)
                0x000000000000859c                I2C_I2CMasterClearReadBuf
 .text.I2C_I2CMasterClearWriteBuf
                0x00000000000085c0       0x24 .pio\build\cubecell_gps\libFrameworkArduino.a(I2C_I2C_MASTER.c.o)
                0x00000000000085c0                I2C_I2CMasterClearWriteBuf
 .text.I2C_I2CMasterClearStatus
                0x00000000000085e4       0x20 .pio\build\cubecell_gps\libFrameworkArduino.a(I2C_I2C_MASTER.c.o)
                0x00000000000085e4                I2C_I2CMasterClearStatus
 .text.I2C_I2CReStartGeneration
                0x0000000000008604       0x24 .pio\build\cubecell_gps\libFrameworkArduino.a(I2C_I2C_MASTER.c.o)
                0x0000000000008604                I2C_I2CReStartGeneration
 .text.I2C_I2CMasterSendRestart
                0x0000000000008628       0x60 .pio\build\cubecell_gps\libFrameworkArduino.a(I2C_I2C_MASTER.c.o)
                0x0000000000008628                I2C_I2CMasterSendRestart
 .text.PWM1_Stop
                0x0000000000008688       0x34 .pio\build\cubecell_gps\libFrameworkArduino.a(PWM1.c.o)
                0x0000000000008688                PWM1_Stop
 .text.PWM2_Stop
                0x00000000000086bc       0x34 .pio\build\cubecell_gps\libFrameworkArduino.a(PWM2.c.o)
                0x00000000000086bc                PWM2_Stop
 .text._ZN5Print5writeEPKhj
                0x00000000000086f0       0x22 .pio\build\cubecell_gps\libFrameworkArduino.a(Print.cpp.o)
                0x00000000000086f0                Print::write(unsigned char const*, unsigned int)
 .text._ZN5Print5writeEPKc
                0x0000000000008712       0x1c .pio\build\cubecell_gps\libFrameworkArduino.a(Print.cpp.o)
                0x0000000000008712                Print::write(char const*)
 .text._ZN5Print6printfEPKcz
                0x000000000000872e       0x5a .pio\build\cubecell_gps\libFrameworkArduino.a(Print.cpp.o)
                0x000000000000872e                Print::printf(char const*, ...)
 .text._ZN5Print5printERK6String
                0x0000000000008788       0x14 .pio\build\cubecell_gps\libFrameworkArduino.a(Print.cpp.o)
                0x0000000000008788                Print::print(String const&)
 .text._ZN5Print5printEPKc
                0x000000000000879c        0x8 .pio\build\cubecell_gps\libFrameworkArduino.a(Print.cpp.o)
                0x000000000000879c                Print::print(char const*)
 .text._ZN5Print5printEc
                0x00000000000087a4        0xa .pio\build\cubecell_gps\libFrameworkArduino.a(Print.cpp.o)
                0x00000000000087a4                Print::print(char)
 *fill*         0x00000000000087ae        0x2 
 .text._ZN5Print7printlnEv
                0x00000000000087b0       0x10 .pio\build\cubecell_gps\libFrameworkArduino.a(Print.cpp.o)
                0x00000000000087b0                Print::println()
 .text._ZN5Print7printlnEPKc
                0x00000000000087c0       0x14 .pio\build\cubecell_gps\libFrameworkArduino.a(Print.cpp.o)
                0x00000000000087c0                Print::println(char const*)
 .text._ZN5Print11printNumberEmh
                0x00000000000087d4       0x4e .pio\build\cubecell_gps\libFrameworkArduino.a(Print.cpp.o)
                0x00000000000087d4                Print::printNumber(unsigned long, unsigned char)
 .text._ZN5Print5printEli
                0x0000000000008822       0x3e .pio\build\cubecell_gps\libFrameworkArduino.a(Print.cpp.o)
                0x0000000000008822                Print::print(long, int)
 .text._ZN5Print5printEmi
                0x0000000000008860       0x18 .pio\build\cubecell_gps\libFrameworkArduino.a(Print.cpp.o)
                0x0000000000008860                Print::print(unsigned long, int)
 .text._ZN5Print5printEhi
                0x0000000000008878        0x8 .pio\build\cubecell_gps\libFrameworkArduino.a(Print.cpp.o)
                0x0000000000008878                Print::print(unsigned char, int)
 .text._ZN5Print7printlnEhi
                0x0000000000008880       0x14 .pio\build\cubecell_gps\libFrameworkArduino.a(Print.cpp.o)
                0x0000000000008880                Print::println(unsigned char, int)
 .text._ZN5Print7printlnEmi
                0x0000000000008894       0x14 .pio\build\cubecell_gps\libFrameworkArduino.a(Print.cpp.o)
                0x0000000000008894                Print::println(unsigned long, int)
 .text._ZN5Print10printFloatEdh
                0x00000000000088a8      0x168 .pio\build\cubecell_gps\libFrameworkArduino.a(Print.cpp.o)
                0x00000000000088a8                Print::printFloat(double, unsigned char)
 .text._ZN5Print5printEdi
                0x0000000000008a10        0xe .pio\build\cubecell_gps\libFrameworkArduino.a(Print.cpp.o)
                0x0000000000008a10                Print::print(double, int)
 .text._ZN5Print7printlnEdi
                0x0000000000008a1e       0x1a .pio\build\cubecell_gps\libFrameworkArduino.a(Print.cpp.o)
                0x0000000000008a1e                Print::println(double, int)
 .text._ZN6Stream9timedReadEv
                0x0000000000008a38       0x2a .pio\build\cubecell_gps\libFrameworkArduino.a(Stream.cpp.o)
                0x0000000000008a38                Stream::timedRead()
 .text._ZN6Stream9readBytesEPcj
                0x0000000000008a62       0x22 .pio\build\cubecell_gps\libFrameworkArduino.a(Stream.cpp.o)
                0x0000000000008a62                Stream::readBytes(char*, unsigned int)
 .text._ZN6Stream10readStringEv
                0x0000000000008a84       0x28 .pio\build\cubecell_gps\libFrameworkArduino.a(Stream.cpp.o)
                0x0000000000008a84                Stream::readString()
 .text._ZN6Stream14readBytesUntilEcPcj
                0x0000000000008aac       0x2c .pio\build\cubecell_gps\libFrameworkArduino.a(Stream.cpp.o)
                0x0000000000008aac                Stream::readBytesUntil(char, char*, unsigned int)
 .text._ZN6Stream15readStringUntilEc
                0x0000000000008ad8       0x30 .pio\build\cubecell_gps\libFrameworkArduino.a(Stream.cpp.o)
                0x0000000000008ad8                Stream::readStringUntil(char)
 .text._ZN6StringD2Ev
                0x0000000000008b08       0x12 .pio\build\cubecell_gps\libFrameworkArduino.a(WString.cpp.o)
                0x0000000000008b08                String::~String()
                0x0000000000008b08                String::~String()
 .text._ZN6String10invalidateEv
                0x0000000000008b1a       0x18 .pio\build\cubecell_gps\libFrameworkArduino.a(WString.cpp.o)
                0x0000000000008b1a                String::invalidate()
 .text._ZN6String12changeBufferEj
                0x0000000000008b32       0x3a .pio\build\cubecell_gps\libFrameworkArduino.a(WString.cpp.o)
                0x0000000000008b32                String::changeBuffer(unsigned int)
 .text._ZN6String7reserveEj
                0x0000000000008b6c       0x2a .pio\build\cubecell_gps\libFrameworkArduino.a(WString.cpp.o)
                0x0000000000008b6c                String::reserve(unsigned int)
 .text._ZN6String4copyEPKcj
                0x0000000000008b96       0x28 .pio\build\cubecell_gps\libFrameworkArduino.a(WString.cpp.o)
                0x0000000000008b96                String::copy(char const*, unsigned int)
 .text._ZN6StringC2EPKc
                0x0000000000008bbe       0x26 .pio\build\cubecell_gps\libFrameworkArduino.a(WString.cpp.o)
                0x0000000000008bbe                String::String(char const*)
                0x0000000000008bbe                String::String(char const*)
 .text._ZN6String4moveERS_
                0x0000000000008be4       0x3c .pio\build\cubecell_gps\libFrameworkArduino.a(WString.cpp.o)
                0x0000000000008be4                String::move(String&)
 .text._ZN6StringC2EOS_
                0x0000000000008c20       0x14 .pio\build\cubecell_gps\libFrameworkArduino.a(WString.cpp.o)
                0x0000000000008c20                String::String(String&&)
                0x0000000000008c20                String::String(String&&)
 .text._ZN6StringaSERKS_
                0x0000000000008c34       0x20 .pio\build\cubecell_gps\libFrameworkArduino.a(WString.cpp.o)
                0x0000000000008c34                String::operator=(String const&)
 .text._ZN6StringC2ERKS_
                0x0000000000008c54       0x14 .pio\build\cubecell_gps\libFrameworkArduino.a(WString.cpp.o)
                0x0000000000008c54                String::String(String const&)
                0x0000000000008c54                String::String(String const&)
 .text._ZN6StringaSEOS_
                0x0000000000008c68       0x10 .pio\build\cubecell_gps\libFrameworkArduino.a(WString.cpp.o)
                0x0000000000008c68                String::operator=(String&&)
 .text._ZN6StringaSEPKc
                0x0000000000008c78       0x22 .pio\build\cubecell_gps\libFrameworkArduino.a(WString.cpp.o)
                0x0000000000008c78                String::operator=(char const*)
 .text._ZN6StringC2Emh
                0x0000000000008c9a       0x24 .pio\build\cubecell_gps\libFrameworkArduino.a(WString.cpp.o)
                0x0000000000008c9a                String::String(unsigned long, unsigned char)
                0x0000000000008c9a                String::String(unsigned long, unsigned char)
 .text._ZN6String6concatEPKcj
                0x0000000000008cbe       0x32 .pio\build\cubecell_gps\libFrameworkArduino.a(WString.cpp.o)
                0x0000000000008cbe                String::concat(char const*, unsigned int)
 .text._ZN6String6concatERKS_
                0x0000000000008cf0        0xc .pio\build\cubecell_gps\libFrameworkArduino.a(WString.cpp.o)
                0x0000000000008cf0                String::concat(String const&)
 .text._ZN6String6concatEPKc
                0x0000000000008cfc       0x1a .pio\build\cubecell_gps\libFrameworkArduino.a(WString.cpp.o)
                0x0000000000008cfc                String::concat(char const*)
 .text._ZN6String6concatEc
                0x0000000000008d16       0x16 .pio\build\cubecell_gps\libFrameworkArduino.a(WString.cpp.o)
                0x0000000000008d16                String::concat(char)
 .text._ZplRK15StringSumHelperRK6String
                0x0000000000008d2c       0x1a .pio\build\cubecell_gps\libFrameworkArduino.a(WString.cpp.o)
                0x0000000000008d2c                operator+(StringSumHelper const&, String const&)
 .text._ZNK6String6equalsEPKc
                0x0000000000008d46       0x28 .pio\build\cubecell_gps\libFrameworkArduino.a(WString.cpp.o)
                0x0000000000008d46                String::equals(char const*) const
 *fill*         0x0000000000008d6e        0x2 
 .text._ZN6StringixEj
                0x0000000000008d70       0x1c .pio\build\cubecell_gps\libFrameworkArduino.a(WString.cpp.o)
                0x0000000000008d70                String::operator[](unsigned int)
 .text._ZNK6String8getBytesEPhjj
                0x0000000000008d8c       0x34 .pio\build\cubecell_gps\libFrameworkArduino.a(WString.cpp.o)
                0x0000000000008d8c                String::getBytes(unsigned char*, unsigned int, unsigned int) const
 .text.global_irq_SetPriority
                0x0000000000008dc0       0x20 .pio\build\cubecell_gps\libFrameworkArduino.a(irq.c.o)
                0x0000000000008dc0                global_irq_SetPriority
 .text.global_irq_StartEx
                0x0000000000008de0       0x24 .pio\build\cubecell_gps\libFrameworkArduino.a(irq.c.o)
                0x0000000000008de0                global_irq_StartEx
 .text.global_irq_Disable
                0x0000000000008e04        0xc .pio\build\cubecell_gps\libFrameworkArduino.a(irq.c.o)
                0x0000000000008e04                global_irq_Disable
 .text.reverse  0x0000000000008e10       0x14 .pio\build\cubecell_gps\libFrameworkArduino.a(stdlib_noniso.c.o)
                0x0000000000008e10                reverse
 .text.ultoa    0x0000000000008e24       0x44 .pio\build\cubecell_gps\libFrameworkArduino.a(stdlib_noniso.c.o)
                0x0000000000008e24                ultoa
 .text.RadioCheckRfFrequency
                0x0000000000008e68        0x4 .pio\build\cubecell_gps\libFrameworkArduino.a(radio.c.o)
                0x0000000000008e68                RadioCheckRfFrequency
 .text.RadioOnDioIrq
                0x0000000000008e6c        0xc .pio\build\cubecell_gps\libFrameworkArduino.a(radio.c.o)
                0x0000000000008e6c                RadioOnDioIrq
 .text.RadioStandby
                0x0000000000008e78        0xa .pio\build\cubecell_gps\libFrameworkArduino.a(radio.c.o)
                0x0000000000008e78                RadioStandby
 *fill*         0x0000000000008e82        0x2 
 .text.RadioInit
                0x0000000000008e84       0x6c .pio\build\cubecell_gps\libFrameworkArduino.a(radio.c.o)
                0x0000000000008e84                RadioInit
 .text.RadioGetStatus
                0x0000000000008ef0       0x1a .pio\build\cubecell_gps\libFrameworkArduino.a(radio.c.o)
                0x0000000000008ef0                RadioGetStatus
 .text.RadioSetChannel
                0x0000000000008f0a        0x8 .pio\build\cubecell_gps\libFrameworkArduino.a(radio.c.o)
                0x0000000000008f0a                RadioSetChannel
 .text.RadioRssi
                0x0000000000008f12        0xa .pio\build\cubecell_gps\libFrameworkArduino.a(radio.c.o)
                0x0000000000008f12                RadioRssi
 .text.RadioSyncWord
                0x0000000000008f1c       0x10 .pio\build\cubecell_gps\libFrameworkArduino.a(radio.c.o)
                0x0000000000008f1c                RadioSyncWord
 .text.RadioSend
                0x0000000000008f2c       0x58 .pio\build\cubecell_gps\libFrameworkArduino.a(radio.c.o)
                0x0000000000008f2c                RadioSend
 .text.RadioSleep
                0x0000000000008f84       0x10 .pio\build\cubecell_gps\libFrameworkArduino.a(radio.c.o)
                0x0000000000008f84                RadioSleep
 .text.RadioSetRxDutyCycle
                0x0000000000008f94        0x8 .pio\build\cubecell_gps\libFrameworkArduino.a(radio.c.o)
                0x0000000000008f94                RadioSetRxDutyCycle
 .text.RadioStartCad
                0x0000000000008f9c       0x64 .pio\build\cubecell_gps\libFrameworkArduino.a(radio.c.o)
                0x0000000000008f9c                RadioStartCad
 .text.RadioSetTxContinuousWave
                0x0000000000009000       0x44 .pio\build\cubecell_gps\libFrameworkArduino.a(radio.c.o)
                0x0000000000009000                RadioSetTxContinuousWave
 .text.RadioWrite
                0x0000000000009044        0x8 .pio\build\cubecell_gps\libFrameworkArduino.a(radio.c.o)
                0x0000000000009044                RadioWrite
 .text.RadioRead
                0x000000000000904c        0x8 .pio\build\cubecell_gps\libFrameworkArduino.a(radio.c.o)
                0x000000000000904c                RadioRead
 .text.RadioWriteBuffer
                0x0000000000009054        0x8 .pio\build\cubecell_gps\libFrameworkArduino.a(radio.c.o)
                0x0000000000009054                RadioWriteBuffer
 .text.RadioReadBuffer
                0x000000000000905c        0x8 .pio\build\cubecell_gps\libFrameworkArduino.a(radio.c.o)
                0x000000000000905c                RadioReadBuffer
 .text.RadioGetWakeupTime
                0x0000000000009064        0xa .pio\build\cubecell_gps\libFrameworkArduino.a(radio.c.o)
                0x0000000000009064                RadioGetWakeupTime
 *fill*         0x000000000000906e        0x2 
 .text.RadioOnTxTimeoutIrq
                0x0000000000009070       0x20 .pio\build\cubecell_gps\libFrameworkArduino.a(radio.c.o)
                0x0000000000009070                RadioOnTxTimeoutIrq
 .text.RadioOnRxTimeoutIrq
                0x0000000000009090       0x20 .pio\build\cubecell_gps\libFrameworkArduino.a(radio.c.o)
                0x0000000000009090                RadioOnRxTimeoutIrq
 .text.RadioOnCadTimeoutIrq
                0x00000000000090b0       0x20 .pio\build\cubecell_gps\libFrameworkArduino.a(radio.c.o)
                0x00000000000090b0                RadioOnCadTimeoutIrq
 .text.RadioGetFskBandwidthRegValue
                0x00000000000090d0       0x34 .pio\build\cubecell_gps\libFrameworkArduino.a(radio.c.o)
 .text.RadioSetMaxPayloadLength
                0x0000000000009104       0x38 .pio\build\cubecell_gps\libFrameworkArduino.a(radio.c.o)
                0x0000000000009104                RadioSetMaxPayloadLength
 .text.RadioRx  0x000000000000913c       0x54 .pio\build\cubecell_gps\libFrameworkArduino.a(radio.c.o)
                0x000000000000913c                RadioRx
 .text.RadioRxBoosted
                0x0000000000009190       0x48 .pio\build\cubecell_gps\libFrameworkArduino.a(radio.c.o)
                0x0000000000009190                RadioRxBoosted
 .text.RadioIrqProcess
                0x00000000000091d8      0x13c .pio\build\cubecell_gps\libFrameworkArduino.a(radio.c.o)
                0x00000000000091d8                RadioIrqProcess
 .text.RadioSetPublicNetwork
                0x0000000000009314       0x40 .pio\build\cubecell_gps\libFrameworkArduino.a(radio.c.o)
                0x0000000000009314                RadioSetPublicNetwork
 .text.RadioSetModem.part.0
                0x0000000000009354       0x20 .pio\build\cubecell_gps\libFrameworkArduino.a(radio.c.o)
 .text.RadioSetModem
                0x0000000000009374       0x20 .pio\build\cubecell_gps\libFrameworkArduino.a(radio.c.o)
                0x0000000000009374                RadioSetModem
 .text.RadioIsChannelFree
                0x0000000000009394       0x50 .pio\build\cubecell_gps\libFrameworkArduino.a(radio.c.o)
                0x0000000000009394                RadioIsChannelFree
 .text.RadioRandom
                0x00000000000093e4       0x38 .pio\build\cubecell_gps\libFrameworkArduino.a(radio.c.o)
                0x00000000000093e4                RadioRandom
 .text.RadioSymbTime
                0x000000000000941c       0x2c .pio\build\cubecell_gps\libFrameworkArduino.a(radio.c.o)
                0x000000000000941c                RadioSymbTime
 .text.RadioSetRxConfig
                0x0000000000009448      0x21c .pio\build\cubecell_gps\libFrameworkArduino.a(radio.c.o)
                0x0000000000009448                RadioSetRxConfig
 .text.RadioSetTxConfig
                0x0000000000009664      0x1a0 .pio\build\cubecell_gps\libFrameworkArduino.a(radio.c.o)
                0x0000000000009664                RadioSetTxConfig
 .text.RadioTimeOnAir
                0x0000000000009804      0x198 .pio\build\cubecell_gps\libFrameworkArduino.a(radio.c.o)
                0x0000000000009804                RadioTimeOnAir
 .text.SX126xGetOperatingMode
                0x000000000000999c        0xc .pio\build\cubecell_gps\libFrameworkArduino.a(sx126x.c.o)
                0x000000000000999c                SX126xGetOperatingMode
 .text.SX126xSetOperatingMode
                0x00000000000099a8        0xc .pio\build\cubecell_gps\libFrameworkArduino.a(sx126x.c.o)
                0x00000000000099a8                SX126xSetOperatingMode
 .text.SX126xCheckDeviceReady
                0x00000000000099b4       0x24 .pio\build\cubecell_gps\libFrameworkArduino.a(sx126x.c.o)
                0x00000000000099b4                SX126xCheckDeviceReady
 .text.SX126xSetPayload
                0x00000000000099d8        0xe .pio\build\cubecell_gps\libFrameworkArduino.a(sx126x.c.o)
                0x00000000000099d8                SX126xSetPayload
 *fill*         0x00000000000099e6        0x2 
 .text.SX126xSetSyncWord
                0x00000000000099e8       0x3c .pio\build\cubecell_gps\libFrameworkArduino.a(sx126x.c.o)
                0x00000000000099e8                SX126xSetSyncWord
 .text.SX126xSetCrcSeed
                0x0000000000009a24       0x24 .pio\build\cubecell_gps\libFrameworkArduino.a(sx126x.c.o)
                0x0000000000009a24                SX126xSetCrcSeed
 .text.SX126xSetCrcPolynomial
                0x0000000000009a48       0x24 .pio\build\cubecell_gps\libFrameworkArduino.a(sx126x.c.o)
                0x0000000000009a48                SX126xSetCrcPolynomial
 .text.SX126xSetWhiteningSeed
                0x0000000000009a6c       0x3c .pio\build\cubecell_gps\libFrameworkArduino.a(sx126x.c.o)
                0x0000000000009a6c                SX126xSetWhiteningSeed
 .text.SX126xSetSleep
                0x0000000000009aa8       0x20 .pio\build\cubecell_gps\libFrameworkArduino.a(sx126x.c.o)
                0x0000000000009aa8                SX126xSetSleep
 .text.SX126xSetStandby
                0x0000000000009ac8       0x28 .pio\build\cubecell_gps\libFrameworkArduino.a(sx126x.c.o)
                0x0000000000009ac8                SX126xSetStandby
 .text.SX126xSetTx
                0x0000000000009af0       0x24 .pio\build\cubecell_gps\libFrameworkArduino.a(sx126x.c.o)
                0x0000000000009af0                SX126xSetTx
 .text.SX126xSendPayload
                0x0000000000009b14       0x10 .pio\build\cubecell_gps\libFrameworkArduino.a(sx126x.c.o)
                0x0000000000009b14                SX126xSendPayload
 .text.SX126xSetRx
                0x0000000000009b24       0x24 .pio\build\cubecell_gps\libFrameworkArduino.a(sx126x.c.o)
                0x0000000000009b24                SX126xSetRx
 .text.SX126xSetRxBoosted
                0x0000000000009b48       0x30 .pio\build\cubecell_gps\libFrameworkArduino.a(sx126x.c.o)
                0x0000000000009b48                SX126xSetRxBoosted
 .text.SX126xSetRxDutyCycle
                0x0000000000009b78       0x2c .pio\build\cubecell_gps\libFrameworkArduino.a(sx126x.c.o)
                0x0000000000009b78                SX126xSetRxDutyCycle
 .text.SX126xSetCad
                0x0000000000009ba4       0x18 .pio\build\cubecell_gps\libFrameworkArduino.a(sx126x.c.o)
                0x0000000000009ba4                SX126xSetCad
 .text.SX126xSetTxContinuousWave
                0x0000000000009bbc        0xe .pio\build\cubecell_gps\libFrameworkArduino.a(sx126x.c.o)
                0x0000000000009bbc                SX126xSetTxContinuousWave
 .text.SX126xSetStopRxTimerOnPreambleDetect
                0x0000000000009bca       0x12 .pio\build\cubecell_gps\libFrameworkArduino.a(sx126x.c.o)
                0x0000000000009bca                SX126xSetStopRxTimerOnPreambleDetect
 .text.SX126xSetLoRaSymbNumTimeout
                0x0000000000009bdc       0x12 .pio\build\cubecell_gps\libFrameworkArduino.a(sx126x.c.o)
                0x0000000000009bdc                SX126xSetLoRaSymbNumTimeout
 .text.SX126xSetRegulatorMode
                0x0000000000009bee       0x12 .pio\build\cubecell_gps\libFrameworkArduino.a(sx126x.c.o)
                0x0000000000009bee                SX126xSetRegulatorMode
 .text.SX126xCalibrate
                0x0000000000009c00       0x10 .pio\build\cubecell_gps\libFrameworkArduino.a(sx126x.c.o)
                0x0000000000009c00                SX126xCalibrate
 .text.SX126xCalibrateImage
                0x0000000000009c10       0x68 .pio\build\cubecell_gps\libFrameworkArduino.a(sx126x.c.o)
                0x0000000000009c10                SX126xCalibrateImage
 .text.SX126xSetPaConfig
                0x0000000000009c78       0x18 .pio\build\cubecell_gps\libFrameworkArduino.a(sx126x.c.o)
                0x0000000000009c78                SX126xSetPaConfig
 .text.SX126xSetDioIrqParams
                0x0000000000009c90       0x20 .pio\build\cubecell_gps\libFrameworkArduino.a(sx126x.c.o)
                0x0000000000009c90                SX126xSetDioIrqParams
 .text.SX126xGetIrqStatus
                0x0000000000009cb0       0x1a .pio\build\cubecell_gps\libFrameworkArduino.a(sx126x.c.o)
                0x0000000000009cb0                SX126xGetIrqStatus
 .text.SX126xSetDio2AsRfSwitchCtrl
                0x0000000000009cca       0x12 .pio\build\cubecell_gps\libFrameworkArduino.a(sx126x.c.o)
                0x0000000000009cca                SX126xSetDio2AsRfSwitchCtrl
 .text.SX126xSetDio3AsTcxoCtrl
                0x0000000000009cdc       0x1e .pio\build\cubecell_gps\libFrameworkArduino.a(sx126x.c.o)
                0x0000000000009cdc                SX126xSetDio3AsTcxoCtrl
 *fill*         0x0000000000009cfa        0x2 
 .text.SX126xInit
                0x0000000000009cfc       0x4c .pio\build\cubecell_gps\libFrameworkArduino.a(sx126x.c.o)
                0x0000000000009cfc                SX126xInit
 .text.SX126xSetRfFrequency
                0x0000000000009d48       0x40 .pio\build\cubecell_gps\libFrameworkArduino.a(sx126x.c.o)
                0x0000000000009d48                SX126xSetRfFrequency
 .text.SX126xSetPacketType
                0x0000000000009d88       0x1c .pio\build\cubecell_gps\libFrameworkArduino.a(sx126x.c.o)
                0x0000000000009d88                SX126xSetPacketType
 .text.SX126xGetPacketType
                0x0000000000009da4        0xc .pio\build\cubecell_gps\libFrameworkArduino.a(sx126x.c.o)
                0x0000000000009da4                SX126xGetPacketType
 .text.SX126xSetTxParams
                0x0000000000009db0       0xb4 .pio\build\cubecell_gps\libFrameworkArduino.a(sx126x.c.o)
                0x0000000000009db0                SX126xSetTxParams
 .text.SX126xSetModulationParams
                0x0000000000009e64       0xa0 .pio\build\cubecell_gps\libFrameworkArduino.a(sx126x.c.o)
                0x0000000000009e64                SX126xSetModulationParams
 .text.SX126xSetPacketParams
                0x0000000000009f04       0xa8 .pio\build\cubecell_gps\libFrameworkArduino.a(sx126x.c.o)
                0x0000000000009f04                SX126xSetPacketParams
 .text.SX126xSetCadParams
                0x0000000000009fac       0x30 .pio\build\cubecell_gps\libFrameworkArduino.a(sx126x.c.o)
                0x0000000000009fac                SX126xSetCadParams
 .text.SX126xSetBufferBaseAddress
                0x0000000000009fdc       0x14 .pio\build\cubecell_gps\libFrameworkArduino.a(sx126x.c.o)
                0x0000000000009fdc                SX126xSetBufferBaseAddress
 .text.SX126xGetRssiInst
                0x0000000000009ff0       0x16 .pio\build\cubecell_gps\libFrameworkArduino.a(sx126x.c.o)
                0x0000000000009ff0                SX126xGetRssiInst
 *fill*         0x000000000000a006        0x2 
 .text.SX126xGetRxBufferStatus
                0x000000000000a008       0x4c .pio\build\cubecell_gps\libFrameworkArduino.a(sx126x.c.o)
                0x000000000000a008                SX126xGetRxBufferStatus
 .text.SX126xGetPayload
                0x000000000000a054       0x2c .pio\build\cubecell_gps\libFrameworkArduino.a(sx126x.c.o)
                0x000000000000a054                SX126xGetPayload
 .text.SX126xGetPacketStatus
                0x000000000000a080       0x78 .pio\build\cubecell_gps\libFrameworkArduino.a(sx126x.c.o)
                0x000000000000a080                SX126xGetPacketStatus
 .text.SX126xClearIrqStatus